BL51 BANKED LINKER/LOCATER V6.22                                                        07/07/2019  16:29:04  PAGE 1


BL51 BANKED LINKER/LOCATER V6.22, INVOKED BY:
D:\KEIL\C51\BIN\BL51.EXE ..\bin\HMI.obj, ..\bin\application.obj, ..\bin\crc.obj, ..\bin\fifo.obj, ..\bin\uartNetwork.obj
>> , ..\bin\parMap.obj, ..\bin\isr.obj, ..\bin\STARTUP.obj, ..\bin\timer.obj, ..\bin\uartDrv.obj, ..\bin\19296p1.obj, ..
>> \bin\main.obj, ..\bin\task.obj TO ..\bin\Screen Controller PRINT (..\lst\Screen Controller.m51) RAMSIZE (256)


MEMORY MODEL: LARGE


INPUT MODULES INCLUDED:
  ..\bin\HMI.obj (HMI)
  ..\bin\application.obj (APPLICATION)
  ..\bin\crc.obj (CRC)
  ..\bin\fifo.obj (FIFO)
  ..\bin\uartNetwork.obj (UARTNETWORK)
  ..\bin\parMap.obj (PARMAP)
  ..\bin\isr.obj (ISR)
  ..\bin\STARTUP.obj (?C_STARTUP)
  ..\bin\timer.obj (TIMER)
  ..\bin\uartDrv.obj (UARTDRV)
  ..\bin\19296p1.obj (19296P1)
  ..\bin\main.obj (MAIN)
  ..\bin\task.obj (TASK)
  D:\KEIL\C51\LIB\C51L.LIB (?C_INIT)
  D:\KEIL\C51\LIB\C51L.LIB (?C?COPY)
  D:\KEIL\C51\LIB\C51L.LIB (?C?CLDPTR)
  D:\KEIL\C51\LIB\C51L.LIB (?C?CLDOPTR)
  D:\KEIL\C51\LIB\C51L.LIB (?C?CILDOPTR)
  D:\KEIL\C51\LIB\C51L.LIB (?C?CSTPTR)
  D:\KEIL\C51\LIB\C51L.LIB (?C?CSTOPTR)
  D:\KEIL\C51\LIB\C51L.LIB (?C?UIDIV)
  D:\KEIL\C51\LIB\C51L.LIB (?C?IILDX)
  D:\KEIL\C51\LIB\C51L.LIB (?C?ILDIX)
  D:\KEIL\C51\LIB\C51L.LIB (?C?ULDIV)
  D:\KEIL\C51\LIB\C51L.LIB (?C?ULCMP)
  D:\KEIL\C51\LIB\C51L.LIB (?C?LSTXDATA)


LINK MAP OF MODULE:  ..\bin\Screen Controller (HMI)


            TYPE    BASE      LENGTH    RELOCATION   SEGMENT NAME
            -----------------------------------------------------

            * * * * * * *   D A T A   M E M O R Y   * * * * * * *
            REG     0000H     0008H     ABSOLUTE     "REG BANK 0"
            REG     0008H     0008H     ABSOLUTE     "REG BANK 1"
            IDATA   0010H     0001H     UNIT         ?STACK

            * * * * * * *  X D A T A   M E M O R Y  * * * * * * *
            XDATA   0000H     02D0H     UNIT         ?XD?PARMAP
            XDATA   02D0H     0222H     UNIT         ?XD?CRC
            XDATA   04F2H     01E1H     UNIT         ?XD?UARTNETWORK
            XDATA   06D3H     019AH     UNIT         ?XD?UARTDRV
            XDATA   086DH     013BH     UNIT         _XDATA_GROUP_
            XDATA   09A8H     0101H     UNIT         ?XD?APPLICATION
            XDATA   0AA9H     00C8H     UNIT         ?XD?TASK
            XDATA   0B71H     0037H     UNIT         ?XD?HMI
BL51 BANKED LINKER/LOCATER V6.22                                                      07/07/2019  16:29:04  PAGE 2


            XDATA   0BA8H     0032H     UNIT         ?XD?SENDTESTMSG?UARTNETWORK
            XDATA   0BDAH     0009H     UNIT         ?XD?_CRC16TABLEFAST?CRC
            XDATA   0BE3H     0005H     UNIT         ?XD?_CRC16BITBYBIT?CRC
            XDATA   0BE8H     0005H     UNIT         ?XD?_CRC16TABLE?CRC
            XDATA   0BEDH     0004H     UNIT         ?XD?_DUMMYSINGLEFRAMETESTDATAGENERATE?APPLICATION
            XDATA   0BF1H     0004H     UNIT         ?XD?_SETCOMMPARAMETERS?APPLICATION
            XDATA   0BF5H     0004H     UNIT         ?XD?_GETUARTRECEIVEBUF?UARTDRV
            XDATA   0BF9H     0002H     UNIT         ?XD?_LCD_DIAPLAY_PAGE?HMI
            XDATA   0BFBH     0002H     UNIT         ?XD?_GETDATAFROMMASTER?APPLICATION

            * * * * * * *   C O D E   M E M O R Y   * * * * * * *
            CODE    0000H     0003H     ABSOLUTE     
            CODE    0003H     0007H     UNIT         ?PR?TIMER25MS_ENABLE?TIMER
            CODE    000AH     0001H     UNIT         ?PR?USER_SETTING?APPLICATION
            CODE    000BH     0003H     ABSOLUTE     
            CODE    000EH     0076H     UNIT         ?PR?DISPLAY_RUNTIMEH?HMI
            CODE    0084H     0007H     UNIT         ?PR?TIMER25MS_DISABLE?TIMER
            CODE    008BH     0003H     ABSOLUTE     
            CODE    008EH     0005H     UNIT         ?PR?MAIN?MAIN
            CODE    0093H     0003H     ABSOLUTE     
            CODE    0096H     000DH     UNIT         ?PR?FETCHNODEID?UARTNETWORK
            CODE    00A3H     0003H     ABSOLUTE     
            CODE    00A6H     0B00H     UNIT         ?CO?HMI
            CODE    0BA6H     075EH     UNIT         ?PR?PARMAPINIT?PARMAP
            CODE    1304H     04B0H     UNIT         ?PR?_RXDATAHANDLER?UARTNETWORK
            CODE    17B4H     038DH     UNIT         ?PR?DISPLAY_RUNTIMEL?HMI
            CODE    1B41H     036DH     UNIT         ?PR?_GETRXMSGANDASSEMBLE?UARTNETWORK
            CODE    1EAEH     030FH     UNIT         ?C?LIB_CODE
            CODE    21BDH     02EDH     UNIT         ?C_INITSEG
            CODE    24AAH     029FH     UNIT         ?PR?KEYIN_CHECK?APPLICATION
            CODE    2749H     0233H     UNIT         ?PR?_DISPLAY_ENCODER_NUMBER?HMI
            CODE    297CH     0217H     UNIT         ?PR?_CHAR_DISPLAY_16X8?19296P1
            CODE    2B93H     0217H     UNIT         ?PR?_HANZI_DISP_16X16?19296P1
            CODE    2DAAH     01A7H     UNIT         ?PR?DISPLAY_F_FREQUENCY?HMI
            CODE    2F51H     019DH     UNIT         ?PR?DISPLAY_I_CURRENT?HMI
            CODE    30EEH     0157H     UNIT         ?PR?CHECKMESSGEREAD?UARTNETWORK
            CODE    3245H     011FH     UNIT         ?PR?DISPLAY_PAGE00_03_PARAAREA?HMI
            CODE    3364H     0102H     UNIT         ?PR?INIT_LCD?19296P1
            CODE    3466H     0101H     UNIT         ?PR?_GETFIFODATA?FIFO
            CODE    3567H     00E8H     UNIT         ?CO?19296P1
            CODE    364FH     00E5H     UNIT         ?PR?_CRC16TABLEFAST?CRC
            CODE    3734H     00E3H     UNIT         ?PR?_READREQMSGTXPREPROCESS?UARTNETWORK
            CODE    3817H     00E3H     UNIT         ?PR?_WRITEREQMSGTXPREPROCESS?UARTNETWORK
            CODE    38FAH     00E1H     UNIT         ?PR?RXUPDATE?UARTNETWORK
            CODE    39DBH     00D7H     UNIT         ?PR?_BUTTON_DISPLAY?HMI
            CODE    3AB2H     00C6H     UNIT         ?PR?_GETDATAFROMMASTER?APPLICATION
            CODE    3B78H     00BAH     UNIT         ?PR?KEY1_RESPONSE?APPLICATION
            CODE    3C32H     00AFH     UNIT         ?PR?APPFUNRUN?APPLICATION
            CODE    3CE1H     00A9H     UNIT         ?PR?_PARMAPREAD?PARMAP
            CODE    3D8AH     00A5H     UNIT         ?PR?DISPLAY_PAGE00_01_PARAAREA?HMI
            CODE    3E2FH     00A4H     UNIT         ?PR?_CRC16RTUCAL?CRC
            CODE    3ED3H     00A1H     UNIT         ?PR?LONGFRAMEHANDLER?UARTNETWORK
            CODE    3F74H     009EH     UNIT         ?PR?UARTDRVINIT?UARTDRV
            CODE    4012H     009AH     UNIT         ?PR?_PARMAPWRITE?PARMAP
            CODE    40ACH     0098H     UNIT         ?PR?_SETFIFODATA?FIFO
            CODE    4144H     0097H     UNIT         ?PR?DISPLAY_ATMT?HMI
            CODE    41DBH     0093H     UNIT         ?PR?_SETNETWORKDATA?UARTNETWORK
BL51 BANKED LINKER/LOCATER V6.22                                                      07/07/2019  16:29:04  PAGE 3


            CODE    426EH     0090H     UNIT         ?PR?_CRC16BITBYBIT?CRC
            CODE    42FEH     008CH     UNIT         ?C_C51STARTUP
            CODE    438AH     0087H     UNIT         ?PR?SYSTEM_STUDY?APPLICATION
            CODE    4411H     0084H     UNIT         ?PR?_ISCRC16OK?UARTNETWORK
            CODE    4495H     0084H     UNIT         ?PR?SENDDATACYCLIC?UARTDRV
            CODE    4519H     0083H     UNIT         ?PR?_DISPLAYOPERATIONSTATUS?APPLICATION
            CODE    459CH     0072H     UNIT         ?PR?_SETTXMSGANDDISASSEMBLE?UARTNETWORK
            CODE    460EH     0071H     UNIT         ?PR?_TXDATAHANDLER?UARTNETWORK
            CODE    467FH     006EH     UNIT         ?PR?KEY2_RESPONSE?APPLICATION
            CODE    46EDH     0068H     UNIT         ?PR?_CRC16CALC?UARTNETWORK
            CODE    4755H     005DH     UNIT         ?PR?_SET_LCD_DISP_AREA?19296P1
            CODE    47B2H     0059H     UNIT         ?PR?_CRC16TABLE?CRC
            CODE    480BH     0057H     UNIT         ?PR?_DISPLAY_FULL_LINE?HMI
            CODE    4862H     0055H     UNIT         ?PR?DISPLAY_PAGE00_01_LLSTUDY?HMI
            CODE    48B7H     0055H     UNIT         ?PR?DISPLAY_PAGE00_01_ULSTUDY?HMI
            CODE    490CH     0055H     UNIT         ?PR?_LCD_DIAPLAY_PAGE?HMI
            CODE    4961H     0055H     UNIT         ?PR?_MEMCPYCUS?FIFO
            CODE    49B6H     0055H     UNIT         ?PR?_LCD_ADDRESS?19296P1
            CODE    4A0BH     0054H     UNIT         ?PR?KEY3_RESPONSE?APPLICATION
            CODE    4A5FH     0054H     UNIT         ?PR?KEY4_RESPONSE?APPLICATION
            CODE    4AB3H     0054H     UNIT         ?PR?KEY5_RESPONSE?APPLICATION
            CODE    4B07H     0051H     UNIT         ?PR?_SETUARTSENDBUF?UARTDRV
            CODE    4B58H     0051H     UNIT         ?PR?_GETUARTRECEIVEBUF?UARTDRV
            CODE    4BA9H     0050H     UNIT         ?PR?_LCD_SEND_PDATA?19296P1
            CODE    4BF9H     004EH     UNIT         ?PR?SENDTESTMSG?UARTNETWORK
            CODE    4C47H     004DH     UNIT         ?PR?_NETWORKGATEWAYHANDLER?UARTNETWORK
            CODE    4C94H     004AH     UNIT         ?PR?TASK25MS?TASK
            CODE    4CDEH     0049H     UNIT         ?PR?DISPLAY_PAGE00_00_PARAAREA?HMI
            CODE    4D27H     0049H     UNIT         ?PR?_GETNETWORKDATA?UARTNETWORK
            CODE    4D70H     0048H     UNIT         ?PR?_DISPLAY_8X8?19296P1
            CODE    4DB8H     0045H     UNIT         ?PR?TIMER2MSISR?ISR
            CODE    4DFDH     0044H     UNIT         ?PR?DISPLAY_PAGE00_00_MOTORDIRT?HMI
            CODE    4E41H     0044H     UNIT         ?PR?DISPLAY_PAGE00_03_CDDT?HMI
            CODE    4E85H     0044H     UNIT         ?PR?DISPLAY_PAGE00_03_ZDKJ?HMI
            CODE    4EC9H     0044H     UNIT         ?PR?DISPLAY_PAGE00_03_HMST?HMI
            CODE    4F0DH     0041H     UNIT         ?PR?TIMER25MSISR?ISR
            CODE    4F4EH     003BH     UNIT         ?PR?UART4ISR?ISR
            CODE    4F89H     003BH     UNIT         ?PR?CLEAR_SCREEN?19296P1
            CODE    4FC4H     003AH     UNIT         ?PR?_DELAY_US?19296P1
            CODE    4FFEH     0039H     UNIT         ?PR?_DISP_24X24?19296P1
            CODE    5037H     0037H     UNIT         ?PR?DISP_PAGE_MOTORDIRTSET?HMI
            CODE    506EH     0036H     UNIT         ?PR?TASKINIT?TASK
            CODE    50A4H     0035H     UNIT         ?PR?UART3INT?UARTDRV
            CODE    50D9H     0035H     UNIT         ?PR?UART4INT?UARTDRV
            CODE    510EH     0030H     UNIT         ?PR?_NUMBER_LOOKUP_TABLE?HMI
            CODE    513EH     002FH     UNIT         ?PR?DISP_PAGE_RUNNINGMODE?HMI
            CODE    516DH     002EH     UNIT         ?PR?DISP_PAGE_DOWNLMT_STD?HMI
            CODE    519BH     002EH     UNIT         ?PR?DISP_PAGE_UPLMT_STD?HMI
            CODE    51C9H     002EH     UNIT         ?PR?DISP_PAGE_CLOSEDOOR_DELAYT?HMI
            CODE    51F7H     002DH     UNIT         ?PR?PARMAPUPDATE?PARMAP
            CODE    5224H     002BH     UNIT         ?PR?SYSTEM_RUNNING?APPLICATION
            CODE    524FH     002AH     UNIT         ?PR?_RXSERVICEHANDLER?UARTNETWORK
            CODE    5279H     0028H     UNIT         ?PR?DISP_PAGE_01_00?HMI
            CODE    52A1H     0028H     UNIT         ?PR?DISP_PAGE_01_01?HMI
            CODE    52C9H     0028H     UNIT         ?PR?DISP_PAGE_01_02?HMI
            CODE    52F1H     0028H     UNIT         ?PR?DISP_PAGE_01_03?HMI
            CODE    5319H     0027H     UNIT         ?PR?_CLEARDATABLOCK?FIFO
BL51 BANKED LINKER/LOCATER V6.22                                                      07/07/2019  16:29:04  PAGE 4


            CODE    5340H     0026H     UNIT         ?PR?_DISPLAY_FULL_VERTICAL_LINE?HMI
            CODE    5366H     0026H     UNIT         ?PR?_DELAY?19296P1
            CODE    538CH     0020H     UNIT         ?PR?_DELAY_MS?MAIN
            CODE    53ACH     001FH     UNIT         ?PR?_SEND_DATA_LCD?19296P1
            CODE    53CBH     001EH     UNIT         ?PR?_DUMMYSINGLEFRAMETESTDATAGENERATE?APPLICATION
            CODE    53E9H     001BH     UNIT         ?PR?UART3ISR?ISR
            CODE    5404H     001BH     UNIT         ?PR?_DISPLAY_8X1?19296P1
            CODE    541FH     001AH     UNIT         ?PR?KEYSTATUSINIT?APPLICATION
            CODE    5439H     001AH     UNIT         ?PR?_ISUARTNEWDATAAVAILABLE?UARTDRV
            CODE    5453H     0018H     UNIT         ?PR?_SETCOMMPARAMETERS?APPLICATION
            CODE    546BH     0018H     UNIT         ?PR?_FIFOINIT?FIFO
            CODE    5483H     0016H     UNIT         ?PR?AGCNT_CHECK?APPLICATION
            CODE    5499H     0014H     UNIT         ?PR?_SEND_CMD_LCD?19296P1
            CODE    54ADH     0013H     UNIT         ?PR?MOTOR_DIRECTION_UPDATE?HMI
            CODE    54C0H     0013H     UNIT         ?PR?TIMER0INIT?TIMER
            CODE    54D3H     0010H     UNIT         ?PR?SYSSTATUSINIT?APPLICATION
            CODE    54E3H     000AH     UNIT         ?PR?TIMER4INIT?TIMER
            CODE    54EDH     0009H     UNIT         ?PR?NETWORKINIT?UARTNETWORK
            CODE    54F6H     0007H     UNIT         ?PR?TIMER2MS_ENABLE?TIMER
            CODE    54FDH     0007H     UNIT         ?PR?TIMER2MS_DISABLE?TIMER
            CODE    5504H     0006H     UNIT         ?PR?_SYSMODE_SET?APPLICATION
            CODE    550AH     0006H     UNIT         ?PR?NETWORK2MSUPDATE?UARTNETWORK
            CODE    5510H     0006H     UNIT         ?PR?NETWORK50MSUPDATE?UARTNETWORK
            CODE    5516H     0006H     UNIT         ?PR?TIMERINIT?TIMER
            CODE    551CH     0003H     UNIT         ?PR?UARTDRVUPDATE?UARTDRV
            CODE    551FH     0003H     UNIT         ?PR?TASK2MS?TASK
            CODE    5522H     0001H     UNIT         ?PR?VENDOR_SETTING?APPLICATION
            CODE    5523H     0001H     UNIT         ?PR?IO_INIT?MAIN



OVERLAY MAP OF MODULE:   ..\bin\Screen Controller (HMI)


SEGMENT                                            XDATA_GROUP
  +--> CALLED SEGMENT                            START    LENGTH
----------------------------------------------------------------
?PR?TIMER2MSISR?ISR                              -----    -----
  +--> ?PR?TASK2MS?TASK

?PR?TASK2MS?TASK                                 -----    -----
  +--> ?PR?NETWORK2MSUPDATE?UARTNETWORK

?PR?NETWORK2MSUPDATE?UARTNETWORK                 -----    -----
  +--> ?PR?CHECKMESSGEREAD?UARTNETWORK
  +--> ?PR?UARTDRVUPDATE?UARTDRV

?PR?UARTDRVUPDATE?UARTDRV                        -----    -----
  +--> ?PR?SENDDATACYCLIC?UARTDRV

?PR?SENDDATACYCLIC?UARTDRV                       086DH    0002H
  +--> ?PR?_GETFIFODATA?FIFO

?PR?_GETFIFODATA?FIFO                            08F9H    0009H
  +--> ?PR?_MEMCPYCUS?FIFO
  +--> ?PR?_CLEARDATABLOCK?FIFO

BL51 BANKED LINKER/LOCATER V6.22                                                      07/07/2019  16:29:04  PAGE 5


?PR?_MEMCPYCUS?FIFO                              0939H    0007H

?PR?_CLEARDATABLOCK?FIFO                         09A7H    0001H

*** NEW ROOT ***************************************************

?PR?TIMER25MSISR?ISR                             -----    -----
  +--> ?PR?TASK25MS?TASK

?PR?TASK25MS?TASK                                087FH    0007H
  +--> ?PR?LONGFRAMEHANDLER?UARTNETWORK
  +--> ?PR?APPFUNRUN?APPLICATION
  +--> ?PR?NETWORK50MSUPDATE?UARTNETWORK

?PR?LONGFRAMEHANDLER?UARTNETWORK                 0886H    0032H
  +--> ?PR?_CLEARDATABLOCK?FIFO
  +--> ?PR?_SETTXMSGANDDISASSEMBLE?UARTNETWORK

?PR?_SETTXMSGANDDISASSEMBLE?UARTNETWORK          08F9H    0008H
  +--> ?PR?_SETUARTSENDBUF?UARTDRV

?PR?_SETUARTSENDBUF?UARTDRV                      0901H    0004H
  +--> ?PR?_SETFIFODATA?FIFO

?PR?_SETFIFODATA?FIFO                            092DH    000CH
  +--> ?PR?_MEMCPYCUS?FIFO

?PR?APPFUNRUN?APPLICATION                        -----    -----
  +--> ?PR?SYSTEM_RUNNING?APPLICATION
  +--> ?PR?USER_SETTING?APPLICATION
  +--> ?PR?VENDOR_SETTING?APPLICATION
  +--> ?PR?SYSTEM_STUDY?APPLICATION
  +--> ?PR?KEYIN_CHECK?APPLICATION
  +--> ?PR?_GETNETWORKDATA?UARTNETWORK
  +--> ?PR?AGCNT_CHECK?APPLICATION

?PR?SYSTEM_RUNNING?APPLICATION                   -----    -----
  +--> ?PR?DISP_PAGE_RUNNINGMODE?HMI
  +--> ?PR?_DISPLAY_ENCODER_NUMBER?HMI
  +--> ?PR?DISPLAY_I_CURRENT?HMI
  +--> ?PR?DISPLAY_F_FREQUENCY?HMI
  +--> ?PR?DISPLAY_RUNTIMEL?HMI
  +--> ?PR?DISPLAY_RUNTIMEH?HMI

?PR?DISP_PAGE_RUNNINGMODE?HMI                    -----    -----
  +--> ?PR?_DISPLAY_FULL_LINE?HMI
  +--> ?PR?DISPLAY_PAGE00_03_PARAAREA?HMI
  +--> ?PR?DISPLAY_PAGE00_03_HMST?HMI
  +--> ?PR?_DISPLAY_FULL_VERTICAL_LINE?HMI
  +--> ?PR?_BUTTON_DISPLAY?HMI

?PR?_DISPLAY_FULL_LINE?HMI                       0886H    0003H
  +--> ?CO?19296P1
  +--> ?PR?_DISPLAY_8X8?19296P1

?PR?_DISPLAY_8X8?19296P1                         0889H    0004H
  +--> ?PR?_LCD_ADDRESS?19296P1
BL51 BANKED LINKER/LOCATER V6.22                                                      07/07/2019  16:29:04  PAGE 6


  +--> ?PR?_SEND_DATA_LCD?19296P1

?PR?_LCD_ADDRESS?19296P1                         0942H    0006H
  +--> ?PR?_SEND_CMD_LCD?19296P1
  +--> ?PR?_SEND_DATA_LCD?19296P1

?PR?_SEND_CMD_LCD?19296P1                        -----    -----
  +--> ?PR?_SEND_DATA_LCD?19296P1
  +--> ?PR?_DELAY_US?19296P1

?PR?_SEND_DATA_LCD?19296P1                       -----    -----
  +--> ?PR?_DELAY_US?19296P1

?PR?_DELAY_US?19296P1                            -----    -----
  +--> ?PR?_LCD_SEND_PDATA?19296P1

?PR?DISPLAY_PAGE00_03_PARAAREA?HMI               -----    -----
  +--> ?CO?HMI
  +--> ?PR?_HANZI_DISP_16X16?19296P1
  +--> ?PR?_CHAR_DISPLAY_16X8?19296P1

?PR?_HANZI_DISP_16X16?19296P1                    0888H    002DH
  +--> ?PR?_SET_LCD_DISP_AREA?19296P1
  +--> ?CO?19296P1
  +--> ?PR?_SEND_DATA_LCD?19296P1

?PR?_SET_LCD_DISP_AREA?19296P1                   08B5H    0006H
  +--> ?PR?_SEND_CMD_LCD?19296P1
  +--> ?PR?_SEND_DATA_LCD?19296P1

?PR?_CHAR_DISPLAY_16X8?19296P1                   088AH    001DH
  +--> ?PR?_SET_LCD_DISP_AREA?19296P1
  +--> ?CO?19296P1
  +--> ?PR?_SEND_DATA_LCD?19296P1

?PR?DISPLAY_PAGE00_03_HMST?HMI                   -----    -----
  +--> ?CO?HMI
  +--> ?PR?_DISP_24X24?19296P1

?PR?_DISP_24X24?19296P1                          0886H    0004H
  +--> ?PR?_LCD_ADDRESS?19296P1
  +--> ?PR?_SEND_DATA_LCD?19296P1

?PR?_DISPLAY_FULL_VERTICAL_LINE?HMI              0886H    0002H
  +--> ?PR?_DISPLAY_8X1?19296P1

?PR?_DISPLAY_8X1?19296P1                         0888H    0001H
  +--> ?PR?_LCD_ADDRESS?19296P1
  +--> ?PR?_SEND_DATA_LCD?19296P1

?PR?_BUTTON_DISPLAY?HMI                          0886H    0002H
  +--> ?CO?HMI
  +--> ?PR?_HANZI_DISP_16X16?19296P1

?PR?_DISPLAY_ENCODER_NUMBER?HMI                  0886H    0001H
  +--> ?PR?_GETNETWORKDATA?UARTNETWORK
  +--> ?PR?AGCNT_CHECK?APPLICATION
BL51 BANKED LINKER/LOCATER V6.22                                                      07/07/2019  16:29:04  PAGE 7


  +--> ?PR?_NUMBER_LOOKUP_TABLE?HMI
  +--> ?PR?_CHAR_DISPLAY_16X8?19296P1

?PR?_GETNETWORKDATA?UARTNETWORK                  088AH    000EH
  +--> ?PR?_PARMAPREAD?PARMAP

?PR?_PARMAPREAD?PARMAP                           0898H    000BH

?PR?_NUMBER_LOOKUP_TABLE?HMI                     -----    -----
  +--> ?CO?HMI

?PR?DISPLAY_I_CURRENT?HMI                        -----    -----
  +--> ?PR?_GETNETWORKDATA?UARTNETWORK
  +--> ?PR?AGCNT_CHECK?APPLICATION
  +--> ?PR?_NUMBER_LOOKUP_TABLE?HMI
  +--> ?PR?_CHAR_DISPLAY_16X8?19296P1

?PR?DISPLAY_F_FREQUENCY?HMI                      -----    -----
  +--> ?PR?_GETNETWORKDATA?UARTNETWORK
  +--> ?PR?AGCNT_CHECK?APPLICATION
  +--> ?PR?_NUMBER_LOOKUP_TABLE?HMI
  +--> ?PR?_CHAR_DISPLAY_16X8?19296P1

?PR?DISPLAY_RUNTIMEL?HMI                         0886H    0004H
  +--> ?PR?_GETNETWORKDATA?UARTNETWORK
  +--> ?PR?AGCNT_CHECK?APPLICATION
  +--> ?PR?_NUMBER_LOOKUP_TABLE?HMI
  +--> ?PR?_CHAR_DISPLAY_16X8?19296P1

?PR?DISPLAY_RUNTIMEH?HMI                         -----    -----
  +--> ?PR?_GETNETWORKDATA?UARTNETWORK
  +--> ?PR?AGCNT_CHECK?APPLICATION

?PR?SYSTEM_STUDY?APPLICATION                     -----    -----
  +--> ?PR?DISP_PAGE_MOTORDIRTSET?HMI
  +--> ?PR?_DISPLAY_ENCODER_NUMBER?HMI
  +--> ?PR?MOTOR_DIRECTION_UPDATE?HMI
  +--> ?PR?DISP_PAGE_DOWNLMT_STD?HMI
  +--> ?PR?DISP_PAGE_UPLMT_STD?HMI
  +--> ?PR?DISPLAY_I_CURRENT?HMI
  +--> ?PR?DISPLAY_F_FREQUENCY?HMI
  +--> ?PR?DISP_PAGE_CLOSEDOOR_DELAYT?HMI
  +--> ?PR?DISPLAY_RUNTIMEL?HMI
  +--> ?PR?DISPLAY_RUNTIMEH?HMI

?PR?DISP_PAGE_MOTORDIRTSET?HMI                   -----    -----
  +--> ?PR?CLEAR_SCREEN?19296P1
  +--> ?PR?_DISPLAY_FULL_LINE?HMI
  +--> ?PR?_DISPLAY_FULL_VERTICAL_LINE?HMI
  +--> ?PR?DISPLAY_PAGE00_00_PARAAREA?HMI
  +--> ?PR?_BUTTON_DISPLAY?HMI
  +--> ?PR?DISPLAY_PAGE00_00_MOTORDIRT?HMI
  +--> ?PR?_DISPLAY_ENCODER_NUMBER?HMI

?PR?CLEAR_SCREEN?19296P1                         0940H    0002H
  +--> ?PR?_LCD_ADDRESS?19296P1
  +--> ?PR?_SEND_DATA_LCD?19296P1
BL51 BANKED LINKER/LOCATER V6.22                                                      07/07/2019  16:29:04  PAGE 8



?PR?DISPLAY_PAGE00_00_PARAAREA?HMI               -----    -----
  +--> ?CO?HMI
  +--> ?PR?_HANZI_DISP_16X16?19296P1
  +--> ?PR?_CHAR_DISPLAY_16X8?19296P1

?PR?DISPLAY_PAGE00_00_MOTORDIRT?HMI              -----    -----
  +--> ?CO?HMI
  +--> ?PR?_DISP_24X24?19296P1

?PR?MOTOR_DIRECTION_UPDATE?HMI                   -----    -----
  +--> ?PR?_BUTTON_DISPLAY?HMI

?PR?DISP_PAGE_DOWNLMT_STD?HMI                    -----    -----
  +--> ?PR?CLEAR_SCREEN?19296P1
  +--> ?PR?_DISPLAY_FULL_LINE?HMI
  +--> ?PR?DISPLAY_PAGE00_01_PARAAREA?HMI
  +--> ?PR?_DISPLAY_FULL_VERTICAL_LINE?HMI
  +--> ?PR?DISPLAY_PAGE00_01_LLSTUDY?HMI
  +--> ?PR?_BUTTON_DISPLAY?HMI

?PR?DISPLAY_PAGE00_01_PARAAREA?HMI               -----    -----
  +--> ?PR?DISPLAY_PAGE00_00_PARAAREA?HMI
  +--> ?CO?HMI
  +--> ?PR?_CHAR_DISPLAY_16X8?19296P1

?PR?DISPLAY_PAGE00_01_LLSTUDY?HMI                -----    -----
  +--> ?CO?HMI
  +--> ?PR?_DISP_24X24?19296P1

?PR?DISP_PAGE_UPLMT_STD?HMI                      -----    -----
  +--> ?PR?CLEAR_SCREEN?19296P1
  +--> ?PR?_DISPLAY_FULL_LINE?HMI
  +--> ?PR?DISPLAY_PAGE00_01_PARAAREA?HMI
  +--> ?PR?_DISPLAY_FULL_VERTICAL_LINE?HMI
  +--> ?PR?DISPLAY_PAGE00_01_ULSTUDY?HMI
  +--> ?PR?_BUTTON_DISPLAY?HMI

?PR?DISPLAY_PAGE00_01_ULSTUDY?HMI                -----    -----
  +--> ?CO?HMI
  +--> ?PR?_DISP_24X24?19296P1

?PR?DISP_PAGE_CLOSEDOOR_DELAYT?HMI               -----    -----
  +--> ?PR?CLEAR_SCREEN?19296P1
  +--> ?PR?_DISPLAY_FULL_LINE?HMI
  +--> ?PR?DISPLAY_PAGE00_03_PARAAREA?HMI
  +--> ?PR?DISPLAY_PAGE00_03_CDDT?HMI
  +--> ?PR?_DISPLAY_FULL_VERTICAL_LINE?HMI
  +--> ?PR?_BUTTON_DISPLAY?HMI

?PR?DISPLAY_PAGE00_03_CDDT?HMI                   -----    -----
  +--> ?CO?HMI
  +--> ?PR?_DISP_24X24?19296P1

?PR?KEYIN_CHECK?APPLICATION                      -----    -----
  +--> ?PR?KEY1_RESPONSE?APPLICATION
  +--> ?PR?KEY2_RESPONSE?APPLICATION
BL51 BANKED LINKER/LOCATER V6.22                                                      07/07/2019  16:29:04  PAGE 9


  +--> ?PR?KEY3_RESPONSE?APPLICATION
  +--> ?PR?_SETNETWORKDATA?UARTNETWORK
  +--> ?PR?KEY4_RESPONSE?APPLICATION
  +--> ?PR?KEY5_RESPONSE?APPLICATION

?PR?KEY1_RESPONSE?APPLICATION                    -----    -----
  +--> ?PR?_SETNETWORKDATA?UARTNETWORK

?PR?_SETNETWORKDATA?UARTNETWORK                  0886H    0073H
  +--> ?PR?_CLEARDATABLOCK?FIFO
  +--> ?PR?_TXDATAHANDLER?UARTNETWORK
  +--> ?PR?_SETTXMSGANDDISASSEMBLE?UARTNETWORK

?PR?_TXDATAHANDLER?UARTNETWORK                   08F9H    0006H
  +--> ?PR?_READREQMSGTXPREPROCESS?UARTNETWORK
  +--> ?PR?_WRITEREQMSGTXPREPROCESS?UARTNETWORK

?PR?_READREQMSGTXPREPROCESS?UARTNETWORK          08FFH    0006H
  +--> ?PR?_CRC16CALC?UARTNETWORK

?PR?_CRC16CALC?UARTNETWORK                       0905H    0005H
  +--> ?PR?_CRC16RTUCAL?CRC

?PR?_CRC16RTUCAL?CRC                             090AH    0009H

?PR?_WRITEREQMSGTXPREPROCESS?UARTNETWORK         08FFH    0006H
  +--> ?PR?_CRC16CALC?UARTNETWORK

?PR?KEY3_RESPONSE?APPLICATION                    -----    -----
  +--> ?PR?_SETNETWORKDATA?UARTNETWORK
  +--> ?PR?_DISPLAYOPERATIONSTATUS?APPLICATION

?PR?_DISPLAYOPERATIONSTATUS?APPLICATION          0886H    0001H
  +--> ?CO?HMI
  +--> ?PR?_HANZI_DISP_16X16?19296P1

?PR?KEY4_RESPONSE?APPLICATION                    -----    -----
  +--> ?PR?_SETNETWORKDATA?UARTNETWORK
  +--> ?PR?_DISPLAYOPERATIONSTATUS?APPLICATION

?PR?KEY5_RESPONSE?APPLICATION                    -----    -----
  +--> ?PR?_SETNETWORKDATA?UARTNETWORK
  +--> ?PR?_DISPLAYOPERATIONSTATUS?APPLICATION

?PR?NETWORK50MSUPDATE?UARTNETWORK                -----    -----
  +--> ?PR?RXUPDATE?UARTNETWORK
  +--> ?PR?PARMAPUPDATE?PARMAP

?PR?RXUPDATE?UARTNETWORK                         0886H    0067H
  +--> ?PR?_CLEARDATABLOCK?FIFO
  +--> ?PR?_GETRXMSGANDASSEMBLE?UARTNETWORK
  +--> ?PR?_NETWORKGATEWAYHANDLER?UARTNETWORK
  +--> ?PR?_RXDATAHANDLER?UARTNETWORK
  +--> ?PR?_RXSERVICEHANDLER?UARTNETWORK

?PR?_GETRXMSGANDASSEMBLE?UARTNETWORK             08EDH    000CH
  +--> ?PR?_CLEARDATABLOCK?FIFO
BL51 BANKED LINKER/LOCATER V6.22                                                      07/07/2019  16:29:04  PAGE 10


  +--> ?PR?_GETFIFODATA?FIFO

?PR?_NETWORKGATEWAYHANDLER?UARTNETWORK           08EDH    0004H
  +--> ?PR?_SETTXMSGANDDISASSEMBLE?UARTNETWORK

?PR?_RXDATAHANDLER?UARTNETWORK                   08EDH    000EH
  +--> ?PR?_ISCRC16OK?UARTNETWORK
  +--> ?PR?_PARMAPWRITE?PARMAP

?PR?_ISCRC16OK?UARTNETWORK                       08FBH    0006H
  +--> ?PR?_CRC16RTUCAL?CRC

?PR?_PARMAPWRITE?PARMAP                          08FBH    0008H

?PR?_RXSERVICEHANDLER?UARTNETWORK                08EDH    0003H
  +--> ?PR?_CLEARDATABLOCK?FIFO

*** NEW ROOT ***************************************************

?PR?UART3ISR?ISR                                 -----    -----
  +--> ?PR?UART3INT?UARTDRV

?PR?UART3INT?UARTDRV                             0918H    0001H
  +--> ?PR?_SETFIFODATA?FIFO

*** NEW ROOT ***************************************************

?PR?UART4ISR?ISR                                 -----    -----
  +--> ?PR?UART4INT?UARTDRV

?PR?UART4INT?UARTDRV                             092CH    0001H
  +--> ?PR?_SETFIFODATA?FIFO

*** NEW ROOT ***************************************************

?C_C51STARTUP                                    -----    -----
  +--> ?PR?MAIN?MAIN
  +--> ?C_INITSEG

?PR?MAIN?MAIN                                    -----    -----
  +--> ?PR?TASKINIT?TASK

?PR?TASKINIT?TASK                                -----    -----
  +--> ?PR?IO_INIT?MAIN
  +--> ?PR?_DELAY_MS?MAIN
  +--> ?PR?INIT_LCD?19296P1
  +--> ?PR?CLEAR_SCREEN?19296P1
  +--> ?PR?SYSSTATUSINIT?APPLICATION
  +--> ?PR?NETWORKINIT?UARTNETWORK
  +--> ?PR?TIMERINIT?TIMER
  +--> ?PR?TIMER25MS_ENABLE?TIMER
  +--> ?PR?TIMER2MS_ENABLE?TIMER

?PR?INIT_LCD?19296P1                             -----    -----
  +--> ?PR?_DELAY?19296P1
  +--> ?PR?_SEND_CMD_LCD?19296P1
  +--> ?PR?_SEND_DATA_LCD?19296P1
BL51 BANKED LINKER/LOCATER V6.22                                                      07/07/2019  16:29:04  PAGE 11


  +--> ?PR?_DELAY_US?19296P1

?PR?SYSSTATUSINIT?APPLICATION                    0940H    0006H

?PR?NETWORKINIT?UARTNETWORK                      -----    -----
  +--> ?PR?UARTDRVINIT?UARTDRV
  +--> ?PR?PARMAPINIT?PARMAP
  +--> ?PR?FETCHNODEID?UARTNETWORK

?PR?UARTDRVINIT?UARTDRV                          0940H    0001H
  +--> ?PR?_FIFOINIT?FIFO

?PR?_FIFOINIT?FIFO                               0941H    0066H
  +--> ?PR?_CLEARDATABLOCK?FIFO

?PR?TIMERINIT?TIMER                              -----    -----
  +--> ?PR?TIMER4INIT?TIMER
  +--> ?PR?TIMER0INIT?TIMER



SYMBOL TABLE OF MODULE:  ..\bin\Screen Controller (HMI)

  VALUE           TYPE          NAME
  ----------------------------------

  -------         MODULE        HMI
  C:0000H         SYMBOL        _ICE_DUMMY_
  D:0080H         PUBLIC        P0
  D:0090H         PUBLIC        P1
  D:00A0H         PUBLIC        P2
  C:0406H         PUBLIC        Hanzi_1616_XST_Ting
  C:0306H         PUBLIC        Hanzi_1616_XST_Dan
  D:00B0H         PUBLIC        P3
  D:00C0H         PUBLIC        P4
  C:03A6H         PUBLIC        Hanzi_1616_XST_Kai
  C:0126H         PUBLIC        Hanzi_1616_XST_Fan
  D:00C8H         PUBLIC        P5
  C:0526H         PUBLIC        char_capital_A
  D:00E8H         PUBLIC        P6
  C:02A6H         PUBLIC        Hanzi_1616_XST_Xing
  D:00F8H         PUBLIC        P7
  C:0556H         PUBLIC        char_capital_F
  C:51C9H         PUBLIC        Disp_Page_CloseDoor_DelayT
  C:0536H         PUBLIC        char_capital_H
  C:0546H         PUBLIC        char_capital_I
  C:0516H         PUBLIC        char_cDot
  D:00A8H         PUBLIC        IE
  C:0446H         PUBLIC        Hanzi_1616_XST_Men
  C:00A6H         PUBLIC        Hanzi_1616_ST_Dian
  C:01A6H         PUBLIC        Hanzi_1616_XST_Ren
  C:0146H         PUBLIC        Hanzi_1616_XST_Hui
  C:510EH         PUBLIC        _Number_Lookup_Table
  D:00B8H         PUBLIC        IP
  C:39DFH         PUBLIC        _BUTTON_Display
  C:0426H         PUBLIC        Hanzi_1616_XST_Zhi
  C:0166H         PUBLIC        Hanzi_1616_XST_Que
BL51 BANKED LINKER/LOCATER V6.22                                                      07/07/2019  16:29:04  PAGE 12


  C:0246H         PUBLIC        Hanzi_1616_XST_Ma
  X:0B71H         PUBLIC        Motor_Parameter
  C:03E6H         PUBLIC        Hanzi_1616_XST_Dian1
  C:08D6H         PUBLIC        Hanzi_2424_HWZS_Ji1
  C:02C6H         PUBLIC        Hanzi_1616_XST_Shu
  C:0326H         PUBLIC        Hanzi_1616_XST_Xue
  D:00D8H         PUBLIC        CCON
  C:0266H         PUBLIC        Hanzi_1616_XST_Qi
  C:516DH         PUBLIC        Disp_Page_DownLMT_STD
  C:0286H         PUBLIC        Hanzi_1616_XST_Yun
  C:5037H         PUBLIC        Disp_Page_MotorDirtSet
  C:00E6H         PUBLIC        Hanzi_1616_HWXH_Dian
  C:07FEH         PUBLIC        Hanzi_2424_HWZS_Shang
  C:0346H         PUBLIC        Hanzi_1616_XST_Xi
  C:0366H         PUBLIC        Hanzi_1616_XST_Zi
  C:064EH         PUBLIC        Hanzi_2424_HWZS_Xiang
  D:0098H         PUBLIC        SCON
  D:0088H         PUBLIC        TCON
  C:01C6H         PUBLIC        Hanzi_1616_XST_Fan1
  C:0606H         PUBLIC        Hanzi_2424_HWZS_Fang
  C:0576H         PUBLIC        Hanzi_2424_HWZS_Dian
  C:2DAAH         PUBLIC        Display_F_frequency
  C:480FH         PUBLIC        _Display_Full_Line
  C:0506H         PUBLIC        char_cMaohao
  C:4CDEH         PUBLIC        Display_Page00_00_ParaArea
  C:3D8AH         PUBLIC        Display_Page00_01_ParaArea
  C:513EH         PUBLIC        Disp_Page_RunningMode
  C:3245H         PUBLIC        Display_Page00_03_ParaArea
  C:0966H         PUBLIC        Hanzi_2424_HWZS_Guan
  C:0B5EH         PUBLIC        Hanzi_2424_HWZS_Tian
  C:0B16H         PUBLIC        Hanzi_2424_HWZS_Seng
  C:00C6H         PUBLIC        Hanzi_1616_ST_Ji
  C:06DEH         PUBLIC        Hanzi_2424_HWZS_Xian
  C:000EH         PUBLIC        Display_RunTimeH
  C:2749H         PUBLIC        _Display_Encoder_Number
  C:0A86H         PUBLIC        Hanzi_2424_HWZS_Hei
  C:17B4H         PUBLIC        Display_RunTimeL
  X:0B98H         PUBLIC        char_num
  C:519BH         PUBLIC        Disp_Page_UpLMT_STD
  C:091EH         PUBLIC        Hanzi_2424_HWZS_Null
  C:09AEH         PUBLIC        Hanzi_2424_HWZS_Men
  C:5340H         PUBLIC        _Display_Full_Vertical_Line
  C:490CH         PUBLIC        _LCD_Diaplay_Page
  C:0696H         PUBLIC        Hanzi_2424_HWZS_Xia
  C:0A3EH         PUBLIC        Hanzi_2424_HWZS_Shi
  C:0726H         PUBLIC        Hanzi_2424_HWZS_Wei
  C:4E41H         PUBLIC        Display_Page00_03_CDDT
  C:0106H         PUBLIC        Hanzi_1616_HWXH_Ji
  C:09F6H         PUBLIC        Hanzi_2424_HWZS_Yan
  C:54ADH         PUBLIC        Motor_Direction_Update
  C:0846H         PUBLIC        Hanzi_2424_HWZS_Zhi
  C:4DFDH         PUBLIC        Display_Page00_00_MotorDirt
  C:0ACEH         PUBLIC        Hanzi_2424_HWZS_Ma
  C:0206H         PUBLIC        Hanzi_1616_XST_Xiang
  C:088EH         PUBLIC        Hanzi_2424_HWZS_Ke
  C:0226H         PUBLIC        Hanzi_1616_XST_Bian
  C:076EH         PUBLIC        Hanzi_2424_HWZS_Xue
BL51 BANKED LINKER/LOCATER V6.22                                                      07/07/2019  16:29:04  PAGE 13


  C:05BEH         PUBLIC        Hanzi_2424_HWZS_Ji
  C:01E6H         PUBLIC        Hanzi_1616_XST_Zheng
  C:2F51H         PUBLIC        Display_I_current
  C:0186H         PUBLIC        Hanzi_1616_XST_Ding
  C:4862H         PUBLIC        Display_Page00_01_LLStudy
  C:4144H         PUBLIC        Display_ATMT
  C:4E85H         PUBLIC        Display_Page00_03_ZDKJ
  C:5279H         PUBLIC        Disp_Page_01_00
  C:52A1H         PUBLIC        Disp_Page_01_01
  C:52C9H         PUBLIC        Disp_Page_01_02
  C:52F1H         PUBLIC        Disp_Page_01_03
  C:0386H         PUBLIC        Hanzi_1616_XST_Dong
  C:0466H         PUBLIC        char_number_table
  D:00D0H         PUBLIC        PSW
  C:03C6H         PUBLIC        Hanzi_1616_XST_Guan
  C:07B6H         PUBLIC        Hanzi_2424_HWZS_Xi
  C:0566H         PUBLIC        char_z
  C:48B7H         PUBLIC        Display_Page00_01_ULStudy
  C:02E6H         PUBLIC        Hanzi_1616_XST_Cai
  C:4EC9H         PUBLIC        Display_Page00_03_HMST
  C:480BH         SYMBOL        L?0159
  -------         PROC          L?0158
  -------         ENDPROC       L?0158
  C:480BH         SYMBOL        L?0159
  -------         PROC          _DISPLAY_FULL_LINE
  X:0886H         SYMBOL        ucLine
  X:0887H         SYMBOL        ucUpDown
  -------         DO            
  X:0888H         SYMBOL        i
  -------         ENDDO         
  C:480FH         LINE#         13
  C:4817H         LINE#         14
  C:4817H         LINE#         16
  C:4825H         LINE#         17
  C:4825H         LINE#         18
  C:482BH         LINE#         19
  C:482BH         LINE#         20
  C:483EH         LINE#         21
  C:4840H         LINE#         23
  C:4840H         LINE#         24
  C:4859H         LINE#         25
  C:4859H         LINE#         26
  C:4861H         LINE#         27
  -------         ENDPROC       _DISPLAY_FULL_LINE
  -------         PROC          _DISPLAY_FULL_VERTICAL_LINE
  X:0886H         SYMBOL        line
  -------         DO            
  X:0887H         SYMBOL        i
  -------         ENDDO         
  C:5340H         LINE#         29
  C:5345H         LINE#         30
  C:5345H         LINE#         32
  C:5353H         LINE#         33
  C:5365H         LINE#         34
  -------         ENDPROC       _DISPLAY_FULL_VERTICAL_LINE
  C:39DBH         SYMBOL        L?0161
  -------         PROC          L?0160
BL51 BANKED LINKER/LOCATER V6.22                                                      07/07/2019  16:29:04  PAGE 14


  -------         ENDPROC       L?0160
  C:39DBH         SYMBOL        L?0161
  -------         PROC          _BUTTON_DISPLAY
  X:0886H         SYMBOL        x
  X:0887H         SYMBOL        HanziButton
  C:39DFH         LINE#         36
  C:39E9H         LINE#         37
  C:39E9H         LINE#         38
  C:39EDH         LINE#         39
  C:39EDH         LINE#         40
  C:39FDH         LINE#         41
  C:39FDH         LINE#         42
  C:39FDH         LINE#         43
  C:3A03H         LINE#         44
  C:3A03H         LINE#         45
  C:3A05H         LINE#         46
  C:3A05H         LINE#         47
  C:3A18H         LINE#         48
  C:3A1EH         LINE#         49
  C:3A20H         LINE#         50
  C:3A20H         LINE#         51
  C:3A33H         LINE#         52
  C:3A39H         LINE#         53
  C:3A3BH         LINE#         54
  C:3A3BH         LINE#         55
  C:3A4EH         LINE#         56
  C:3A60H         LINE#         57
  C:3A60H         LINE#         58
  C:3A60H         LINE#         59
  C:3A60H         LINE#         60
  C:3A60H         LINE#         61
  C:3A60H         LINE#         62
  C:3A68H         LINE#         63
  C:3A68H         LINE#         64
  C:3A71H         LINE#         65
  C:3A71H         LINE#         66
  C:3A71H         LINE#         67
  C:3A84H         LINE#         68
  C:3A8AH         LINE#         69
  C:3A8CH         LINE#         70
  C:3A8CH         LINE#         71
  C:3A9FH         LINE#         72
  C:3AB1H         LINE#         73
  C:3AB1H         LINE#         74
  C:3AB1H         LINE#         75
  C:3AB1H         LINE#         76
  C:3AB1H         LINE#         77
  C:3AB1H         LINE#         78
  -------         ENDPROC       _BUTTON_DISPLAY
  -------         PROC          _NUMBER_LOOKUP_TABLE
  D:0007H         SYMBOL        number
  -------         DO            
  D:0006H         SYMBOL        i
  -------         ENDDO         
  C:510EH         LINE#         80
  C:510EH         LINE#         81
  C:510EH         LINE#         83
BL51 BANKED LINKER/LOCATER V6.22                                                      07/07/2019  16:29:04  PAGE 15


  C:5110H         LINE#         84
  C:513DH         LINE#         85
  -------         ENDPROC       _NUMBER_LOOKUP_TABLE
  -------         PROC          _DISPLAY_ENCODER_NUMBER
  X:0886H         SYMBOL        x
  -------         DO            
  D:0002H         SYMBOL        encoder
  -------         ENDDO         
  C:2749H         LINE#         87
  C:274EH         LINE#         88
  C:274EH         LINE#         90
  C:2754H         LINE#         91
  C:2787H         LINE#         92
  C:278AH         LINE#         94
  C:2793H         LINE#         95
  C:2793H         LINE#         96
  C:27ABH         LINE#         97
  C:27AEH         LINE#         98
  C:27B6H         LINE#         99
  C:27B6H         LINE#         100
  C:27C0H         LINE#         101
  C:27CFH         LINE#         102
  C:27D1H         LINE#         103
  C:27D6H         LINE#         105
  C:27DFH         LINE#         106
  C:27DFH         LINE#         107
  C:27EFH         LINE#         108
  C:27FEH         LINE#         109
  C:2800H         LINE#         110
  C:2805H         LINE#         112
  C:280EH         LINE#         113
  C:280EH         LINE#         114
  C:281EH         LINE#         115
  C:282DH         LINE#         116
  C:282FH         LINE#         117
  C:2834H         LINE#         119
  C:283DH         LINE#         120
  C:283DH         LINE#         121
  C:284DH         LINE#         122
  C:285CH         LINE#         123
  C:285EH         LINE#         124
  C:2863H         LINE#         126
  C:2868H         LINE#         128
  C:2870H         LINE#         129
  C:2877H         LINE#         130
  C:2877H         LINE#         131
  C:2884H         LINE#         132
  C:2886H         LINE#         133
  C:288DH         LINE#         134
  C:288DH         LINE#         135
  C:289FH         LINE#         136
  C:289FH         LINE#         137
  C:289FH         LINE#         139
  C:28A7H         LINE#         140
  C:28AEH         LINE#         141
  C:28AEH         LINE#         142
  C:28BBH         LINE#         143
BL51 BANKED LINKER/LOCATER V6.22                                                      07/07/2019  16:29:04  PAGE 16


  C:28BDH         LINE#         144
  C:28C4H         LINE#         145
  C:28C4H         LINE#         146
  C:28D6H         LINE#         147
  C:28D6H         LINE#         148
  C:28D6H         LINE#         150
  C:28DEH         LINE#         151
  C:28E5H         LINE#         152
  C:28E5H         LINE#         153
  C:28F2H         LINE#         154
  C:28F4H         LINE#         155
  C:28FBH         LINE#         156
  C:28FBH         LINE#         157
  C:290DH         LINE#         158
  C:290DH         LINE#         159
  C:290DH         LINE#         161
  C:2915H         LINE#         162
  C:291CH         LINE#         163
  C:291CH         LINE#         164
  C:2929H         LINE#         165
  C:292BH         LINE#         166
  C:2932H         LINE#         167
  C:2932H         LINE#         168
  C:2944H         LINE#         169
  C:2944H         LINE#         170
  C:2944H         LINE#         172
  C:294CH         LINE#         173
  C:2953H         LINE#         174
  C:2953H         LINE#         175
  C:2960H         LINE#         176
  C:2962H         LINE#         177
  C:2969H         LINE#         178
  C:2969H         LINE#         179
  C:297BH         LINE#         180
  C:297BH         LINE#         181
  C:297BH         LINE#         182
  C:297BH         LINE#         184
  C:297BH         LINE#         185
  -------         ENDPROC       _DISPLAY_ENCODER_NUMBER
  -------         PROC          DISPLAY_RUNTIMEL
  -------         DO            
  X:0886H         SYMBOL        runtime
  -------         ENDDO         
  C:17B4H         LINE#         187
  C:17B4H         LINE#         188
  C:17B4H         LINE#         190
  C:17BAH         LINE#         191
  C:17EDH         LINE#         192
  C:17F0H         LINE#         194
  C:17F9H         LINE#         195
  C:17F9H         LINE#         196
  C:1811H         LINE#         197
  C:1825H         LINE#         198
  C:1841H         LINE#         199
  C:1841H         LINE#         200
  C:185FH         LINE#         201
  C:1886H         LINE#         202
BL51 BANKED LINKER/LOCATER V6.22                                                      07/07/2019  16:29:04  PAGE 17


  C:1888H         LINE#         203
  C:188DH         LINE#         205
  C:18A9H         LINE#         206
  C:18A9H         LINE#         207
  C:18C7H         LINE#         208
  C:18EEH         LINE#         209
  C:18F0H         LINE#         210
  C:18F5H         LINE#         212
  C:1911H         LINE#         213
  C:1911H         LINE#         214
  C:192DH         LINE#         215
  C:1953H         LINE#         216
  C:1955H         LINE#         217
  C:1959H         LINE#         219
  C:1975H         LINE#         220
  C:1975H         LINE#         221
  C:1991H         LINE#         222
  C:19B7H         LINE#         223
  C:19B9H         LINE#         224
  C:19BDH         LINE#         225
  C:19D8H         LINE#         226
  C:19D8H         LINE#         227
  C:19F3H         LINE#         228
  C:1A18H         LINE#         229
  C:1A1AH         LINE#         230
  C:1A1EH         LINE#         231
  C:1A39H         LINE#         232
  C:1A39H         LINE#         233
  C:1A54H         LINE#         234
  C:1A79H         LINE#         235
  C:1A7BH         LINE#         236
  C:1A7FH         LINE#         238
  C:1A8AH         LINE#         240
  C:1A92H         LINE#         241
  C:1AA4H         LINE#         243
  C:1AACH         LINE#         244
  C:1ABEH         LINE#         246
  C:1AC6H         LINE#         247
  C:1AD8H         LINE#         249
  C:1AE0H         LINE#         250
  C:1AF2H         LINE#         252
  C:1AFAH         LINE#         253
  C:1B0CH         LINE#         255
  C:1B14H         LINE#         256
  C:1B26H         LINE#         258
  C:1B2EH         LINE#         259
  C:1B40H         LINE#         261
  C:1B40H         LINE#         263
  C:1B40H         LINE#         264
  -------         ENDPROC       DISPLAY_RUNTIMEL
  -------         PROC          DISPLAY_RUNTIMEH
  C:000EH         LINE#         266
  C:000EH         LINE#         267
  C:000EH         LINE#         269
  C:0014H         LINE#         270
  C:0047H         LINE#         271
  C:004AH         LINE#         272
BL51 BANKED LINKER/LOCATER V6.22                                                      07/07/2019  16:29:04  PAGE 18


  C:0050H         LINE#         273
  C:0050H         LINE#         274
  C:0069H         LINE#         275
  C:0083H         LINE#         276
  C:0083H         LINE#         277
  -------         ENDPROC       DISPLAY_RUNTIMEH
  -------         PROC          DISPLAY_I_CURRENT
  -------         DO            
  D:0002H         SYMBOL        current_data
  -------         ENDDO         
  C:2F51H         LINE#         279
  C:2F51H         LINE#         280
  C:2F51H         LINE#         282
  C:2F57H         LINE#         283
  C:2F8AH         LINE#         284
  C:2F8DH         LINE#         285
  C:2F96H         LINE#         286
  C:2F96H         LINE#         287
  C:2FAEH         LINE#         288
  C:2FB1H         LINE#         289
  C:2FB9H         LINE#         290
  C:2FB9H         LINE#         291
  C:2FC3H         LINE#         292
  C:2FD2H         LINE#         293
  C:2FD4H         LINE#         294
  C:2FD9H         LINE#         296
  C:2FE2H         LINE#         297
  C:2FE2H         LINE#         298
  C:2FF2H         LINE#         299
  C:3001H         LINE#         300
  C:3003H         LINE#         301
  C:3008H         LINE#         303
  C:3011H         LINE#         304
  C:3011H         LINE#         305
  C:3021H         LINE#         306
  C:3030H         LINE#         307
  C:3032H         LINE#         308
  C:3037H         LINE#         310
  C:3040H         LINE#         311
  C:3040H         LINE#         312
  C:3050H         LINE#         313
  C:305FH         LINE#         314
  C:3061H         LINE#         315
  C:3066H         LINE#         317
  C:306BH         LINE#         319
  C:3073H         LINE#         320
  C:3085H         LINE#         322
  C:308DH         LINE#         323
  C:309FH         LINE#         325
  C:30A7H         LINE#         326
  C:30B9H         LINE#         328
  C:30C1H         LINE#         329
  C:30D3H         LINE#         331
  C:30DBH         LINE#         332
  C:30EDH         LINE#         333
  C:30EDH         LINE#         335
  C:30EDH         LINE#         336
BL51 BANKED LINKER/LOCATER V6.22                                                      07/07/2019  16:29:04  PAGE 19


  -------         ENDPROC       DISPLAY_I_CURRENT
  -------         PROC          DISPLAY_F_FREQUENCY
  -------         DO            
  D:0002H         SYMBOL        frequency_data
  -------         ENDDO         
  C:2DAAH         LINE#         338
  C:2DAAH         LINE#         339
  C:2DAAH         LINE#         341
  C:2DB0H         LINE#         342
  C:2DE3H         LINE#         343
  C:2DE6H         LINE#         344
  C:2DEFH         LINE#         345
  C:2DEFH         LINE#         346
  C:2E06H         LINE#         347
  C:2E10H         LINE#         348
  C:2E18H         LINE#         349
  C:2E18H         LINE#         350
  C:2E26H         LINE#         351
  C:2E35H         LINE#         352
  C:2E37H         LINE#         353
  C:2E3CH         LINE#         355
  C:2E45H         LINE#         356
  C:2E45H         LINE#         357
  C:2E55H         LINE#         358
  C:2E64H         LINE#         359
  C:2E66H         LINE#         360
  C:2E6BH         LINE#         362
  C:2E74H         LINE#         363
  C:2E74H         LINE#         364
  C:2E84H         LINE#         365
  C:2E93H         LINE#         366
  C:2E95H         LINE#         367
  C:2E9AH         LINE#         369
  C:2EA3H         LINE#         370
  C:2EA3H         LINE#         371
  C:2EB3H         LINE#         372
  C:2EC2H         LINE#         373
  C:2EC4H         LINE#         374
  C:2EC9H         LINE#         376
  C:2ECEH         LINE#         378
  C:2ED6H         LINE#         379
  C:2EE8H         LINE#         381
  C:2EF0H         LINE#         382
  C:2F02H         LINE#         384
  C:2F0AH         LINE#         385
  C:2F1CH         LINE#         387
  C:2F24H         LINE#         388
  C:2F36H         LINE#         390
  C:2F3EH         LINE#         391
  C:2F50H         LINE#         392
  C:2F50H         LINE#         394
  C:2F50H         LINE#         395
  -------         ENDPROC       DISPLAY_F_FREQUENCY
  -------         PROC          DISPLAY_ATMT
  -------         DO            
  D:0007H         SYMBOL        panelmode
  -------         ENDDO         
BL51 BANKED LINKER/LOCATER V6.22                                                      07/07/2019  16:29:04  PAGE 20


  C:4144H         LINE#         397
  C:4144H         LINE#         398
  C:4144H         LINE#         401
  C:4150H         LINE#         402
  C:4183H         LINE#         403
  C:4186H         LINE#         404
  C:418CH         LINE#         405
  C:418CH         LINE#         406
  C:4190H         LINE#         407
  C:4192H         LINE#         408
  C:4192H         LINE#         409
  C:4192H         LINE#         410
  C:41A4H         LINE#         411
  C:41B6H         LINE#         412
  C:41B6H         LINE#         413
  C:41B6H         LINE#         415
  C:41B6H         LINE#         416
  C:41B6H         LINE#         418
  C:41B6H         LINE#         419
  C:41B6H         LINE#         421
  C:41B6H         LINE#         422
  C:41B6H         LINE#         424
  C:41BFH         LINE#         425
  C:41C8H         LINE#         426
  C:41D1H         LINE#         427
  C:41DAH         LINE#         428
  C:41DAH         LINE#         430
  C:41DAH         LINE#         431
  -------         ENDPROC       DISPLAY_ATMT
  -------         PROC          MOTOR_DIRECTION_UPDATE
  C:54ADH         LINE#         433
  C:54ADH         LINE#         434
  C:54ADH         LINE#         435
  C:54B4H         LINE#         436
  C:54B8H         LINE#         438
  C:54BFH         LINE#         439
  -------         ENDPROC       MOTOR_DIRECTION_UPDATE
  -------         PROC          DISPLAY_PAGE00_00_PARAAREA
  C:4CDEH         LINE#         441
  C:4CDEH         LINE#         442
  C:4CDEH         LINE#         443
  C:4CF1H         LINE#         444
  C:4D03H         LINE#         445
  C:4D15H         LINE#         446
  -------         ENDPROC       DISPLAY_PAGE00_00_PARAAREA
  -------         PROC          DISPLAY_PAGE00_01_PARAAREA
  C:3D8AH         LINE#         449
  C:3D8AH         LINE#         450
  C:3D8AH         LINE#         451
  C:3D8DH         LINE#         452
  C:3D9FH         LINE#         453
  C:3DB1H         LINE#         454
  C:3DC3H         LINE#         455
  C:3DD5H         LINE#         456
  C:3DE7H         LINE#         457
  C:3DF9H         LINE#         458
  C:3E0BH         LINE#         459
BL51 BANKED LINKER/LOCATER V6.22                                                      07/07/2019  16:29:04  PAGE 21


  C:3E1DH         LINE#         460
  -------         ENDPROC       DISPLAY_PAGE00_01_PARAAREA
  -------         PROC          DISPLAY_PAGE00_03_PARAAREA
  C:3245H         LINE#         463
  C:3245H         LINE#         464
  C:3245H         LINE#         465
  C:3256H         LINE#         466
  C:3268H         LINE#         467
  C:327AH         LINE#         468
  C:328CH         LINE#         469
  C:329EH         LINE#         470
  C:32B0H         LINE#         472
  C:32C2H         LINE#         474
  C:32D4H         LINE#         475
  C:32E6H         LINE#         476
  C:32F8H         LINE#         477
  C:330AH         LINE#         478
  C:331CH         LINE#         479
  C:332EH         LINE#         480
  C:3340H         LINE#         481
  C:3352H         LINE#         482
  -------         ENDPROC       DISPLAY_PAGE00_03_PARAAREA
  -------         PROC          DISPLAY_PAGE00_00_MOTORDIRT
  C:4DFDH         LINE#         485
  C:4DFDH         LINE#         486
  C:4DFDH         LINE#         487
  C:4E0EH         LINE#         488
  C:4E1FH         LINE#         489
  C:4E30H         LINE#         490
  -------         ENDPROC       DISPLAY_PAGE00_00_MOTORDIRT
  -------         PROC          DISPLAY_PAGE00_03_CDDT
  C:4E41H         LINE#         493
  C:4E41H         LINE#         494
  C:4E41H         LINE#         495
  C:4E52H         LINE#         496
  C:4E63H         LINE#         497
  C:4E74H         LINE#         498
  -------         ENDPROC       DISPLAY_PAGE00_03_CDDT
  -------         PROC          DISPLAY_PAGE00_01_LLSTUDY
  C:4862H         LINE#         501
  C:4862H         LINE#         502
  C:4862H         LINE#         503
  C:4873H         LINE#         504
  C:4884H         LINE#         505
  C:4895H         LINE#         506
  C:48A6H         LINE#         507
  -------         ENDPROC       DISPLAY_PAGE00_01_LLSTUDY
  -------         PROC          DISPLAY_PAGE00_01_ULSTUDY
  C:48B7H         LINE#         511
  C:48B7H         LINE#         512
  C:48B7H         LINE#         513
  C:48C8H         LINE#         514
  C:48D9H         LINE#         515
  C:48EAH         LINE#         516
  C:48FBH         LINE#         517
  -------         ENDPROC       DISPLAY_PAGE00_01_ULSTUDY
  -------         PROC          DISPLAY_PAGE00_03_ZDKJ
BL51 BANKED LINKER/LOCATER V6.22                                                      07/07/2019  16:29:04  PAGE 22


  C:4E85H         LINE#         521
  C:4E85H         LINE#         522
  C:4E85H         LINE#         523
  C:4E96H         LINE#         524
  C:4EA7H         LINE#         525
  C:4EB8H         LINE#         526
  -------         ENDPROC       DISPLAY_PAGE00_03_ZDKJ
  -------         PROC          DISPLAY_PAGE00_03_HMST
  C:4EC9H         LINE#         530
  C:4EC9H         LINE#         531
  C:4EC9H         LINE#         532
  C:4EDAH         LINE#         533
  C:4EEBH         LINE#         534
  C:4EFCH         LINE#         535
  -------         ENDPROC       DISPLAY_PAGE00_03_HMST
  -------         PROC          DISP_PAGE_MOTORDIRTSET
  C:5037H         LINE#         538
  C:5037H         LINE#         539
  C:5037H         LINE#         540
  C:503AH         LINE#         541
  C:503DH         LINE#         542
  C:5044H         LINE#         543
  C:504BH         LINE#         544
  C:5050H         LINE#         545
  C:5055H         LINE#         546
  C:5058H         LINE#         548
  C:505FH         LINE#         550
  C:5066H         LINE#         552
  C:5069H         LINE#         555
  -------         ENDPROC       DISP_PAGE_MOTORDIRTSET
  -------         PROC          DISP_PAGE_DOWNLMT_STD
  C:516DH         LINE#         558
  C:516DH         LINE#         559
  C:516DH         LINE#         560
  C:5170H         LINE#         561
  C:5173H         LINE#         562
  C:517AH         LINE#         564
  C:517DH         LINE#         566
  C:5184H         LINE#         567
  C:5189H         LINE#         568
  C:518EH         LINE#         570
  C:5191H         LINE#         572
  C:5194H         LINE#         573
  -------         ENDPROC       DISP_PAGE_DOWNLMT_STD
  -------         PROC          DISP_PAGE_UPLMT_STD
  C:519BH         LINE#         577
  C:519BH         LINE#         578
  C:519BH         LINE#         579
  C:519EH         LINE#         580
  C:51A1H         LINE#         581
  C:51A8H         LINE#         583
  C:51ABH         LINE#         585
  C:51B2H         LINE#         586
  C:51B7H         LINE#         587
  C:51BCH         LINE#         589
  C:51BFH         LINE#         591
  C:51C2H         LINE#         592
BL51 BANKED LINKER/LOCATER V6.22                                                      07/07/2019  16:29:04  PAGE 23


  -------         ENDPROC       DISP_PAGE_UPLMT_STD
  -------         PROC          DISP_PAGE_CLOSEDOOR_DELAYT
  C:51C9H         LINE#         595
  C:51C9H         LINE#         596
  C:51C9H         LINE#         597
  C:51CCH         LINE#         598
  C:51CFH         LINE#         599
  C:51D6H         LINE#         600
  C:51D9H         LINE#         602
  C:51E0H         LINE#         603
  C:51E3H         LINE#         604
  C:51E8H         LINE#         605
  C:51EDH         LINE#         607
  C:51F0H         LINE#         608
  -------         ENDPROC       DISP_PAGE_CLOSEDOOR_DELAYT
  -------         PROC          DISP_PAGE_RUNNINGMODE
  C:513EH         LINE#         611
  C:513EH         LINE#         612
  C:513EH         LINE#         613
  C:5141H         LINE#         614
  C:5148H         LINE#         616
  C:514BH         LINE#         618
  C:514EH         LINE#         620
  C:5155H         LINE#         621
  C:515AH         LINE#         622
  C:515FH         LINE#         625
  C:5166H         LINE#         626
  -------         ENDPROC       DISP_PAGE_RUNNINGMODE
  -------         PROC          DISP_PAGE_01_00
  C:5279H         LINE#         631
  C:5279H         LINE#         632
  C:5279H         LINE#         633
  C:527CH         LINE#         634
  C:5283H         LINE#         636
  C:5286H         LINE#         638
  C:5289H         LINE#         639
  C:5290H         LINE#         641
  C:5297H         LINE#         642
  C:529CH         LINE#         643
  -------         ENDPROC       DISP_PAGE_01_00
  -------         PROC          DISP_PAGE_01_01
  C:52A1H         LINE#         649
  C:52A1H         LINE#         650
  C:52A1H         LINE#         651
  C:52A4H         LINE#         652
  C:52ABH         LINE#         654
  C:52AEH         LINE#         656
  C:52B1H         LINE#         657
  C:52B8H         LINE#         659
  C:52BFH         LINE#         660
  C:52C4H         LINE#         661
  -------         ENDPROC       DISP_PAGE_01_01
  -------         PROC          DISP_PAGE_01_02
  C:52C9H         LINE#         666
  C:52C9H         LINE#         667
  C:52C9H         LINE#         668
  C:52CCH         LINE#         669
BL51 BANKED LINKER/LOCATER V6.22                                                      07/07/2019  16:29:04  PAGE 24


  C:52D3H         LINE#         671
  C:52D6H         LINE#         673
  C:52D9H         LINE#         674
  C:52E0H         LINE#         676
  C:52E7H         LINE#         677
  C:52ECH         LINE#         678
  -------         ENDPROC       DISP_PAGE_01_02
  -------         PROC          DISP_PAGE_01_03
  C:52F1H         LINE#         681
  C:52F1H         LINE#         682
  C:52F1H         LINE#         683
  C:52F4H         LINE#         684
  C:52FBH         LINE#         686
  C:52FEH         LINE#         688
  C:5301H         LINE#         689
  C:5308H         LINE#         691
  C:530FH         LINE#         692
  C:5314H         LINE#         693
  -------         ENDPROC       DISP_PAGE_01_03
  -------         PROC          _LCD_DIAPLAY_PAGE
  X:0BF9H         SYMBOL        page
  X:0BFAH         SYMBOL        level
  C:490CH         LINE#         697
  C:4914H         LINE#         698
  C:4914H         LINE#         699
  C:4917H         LINE#         700
  C:491DH         LINE#         701
  C:491DH         LINE#         702
  C:492CH         LINE#         703
  C:492CH         LINE#         704
  C:4931H         LINE#         705
  C:4936H         LINE#         706
  C:493BH         LINE#         707
  C:493EH         LINE#         708
  C:493EH         LINE#         709
  C:493EH         LINE#         710
  C:493EH         LINE#         712
  C:493EH         LINE#         713
  C:4945H         LINE#         714
  C:4945H         LINE#         715
  C:4954H         LINE#         716
  C:4954H         LINE#         717
  C:4957H         LINE#         718
  C:495AH         LINE#         719
  C:495DH         LINE#         720
  C:4960H         LINE#         721
  C:4960H         LINE#         722
  C:4960H         LINE#         723
  C:4960H         LINE#         725
  C:4960H         LINE#         726
  -------         ENDPROC       _LCD_DIAPLAY_PAGE
  -------         ENDMOD        HMI

  -------         MODULE        APPLICATION
  C:0000H         SYMBOL        _ICE_DUMMY_
  X:09A8H         PUBLIC        K4
  X:09ABH         PUBLIC        K5
BL51 BANKED LINKER/LOCATER V6.22                                                      07/07/2019  16:29:04  PAGE 25


  D:0080H         PUBLIC        P0
  D:0090H         PUBLIC        P1
  X:09AEH         PUBLIC        KeyInCurr
  D:00A0H         PUBLIC        P2
  X:09B3H         PUBLIC        KeyInPrev
  D:00B0H         PUBLIC        P3
  X:09B8H         PUBLIC        dummyWriteDataH
  X:09B9H         PUBLIC        T10ms_Count
  D:00C0H         PUBLIC        P4
  C:3C32H         PUBLIC        AppFunRun
  D:00C8H         PUBLIC        P5
  C:438AH         PUBLIC        System_Study
  D:00E8H         PUBLIC        P6
  D:00F8H         PUBLIC        P7
  X:09BAH         PUBLIC        dummyWriteDataL
  X:09BBH         PUBLIC        Page_New
  X:09BCH         PUBLIC        A_GNT
  D:00A8H         PUBLIC        IE
  B:0080H.4       PUBLIC        KEY_Up
  X:09BDH         PUBLIC        CCMD
  D:00B8H         PUBLIC        IP
  X:09BEH         PUBLIC        SetGetInterval
  B:0090H.0       PUBLIC        KEY1
  B:0080H.7       PUBLIC        KEY2
  C:4519H         PUBLIC        _DisplayOperationStatus
  X:09BFH         PUBLIC        POS_StudyFinished
  C:24AAH         PUBLIC        KeyIn_Check
  D:00D8H         PUBLIC        CCON
  C:3AB2H         PUBLIC        _GetDataFromMaster
  C:3B78H         PUBLIC        Key1_response
  C:467FH         PUBLIC        Key2_response
  C:4A0BH         PUBLIC        Key3_response
  X:09C0H         PUBLIC        T100ms_Count
  C:4A5FH         PUBLIC        Key4_response
  D:0098H         PUBLIC        SCON
  C:4AB3H         PUBLIC        Key5_response
  C:5522H         PUBLIC        Vendor_Setting
  D:0088H         PUBLIC        TCON
  C:53CBH         PUBLIC        _DummySingleFrameTestDataGenerate
  X:09C1H         PUBLIC        testNwData1
  X:0A26H         PUBLIC        SysStatusReady
  X:0A27H         PUBLIC        dummyReadCmd
  X:0A28H         PUBLIC        KeyinTime1
  X:0A2AH         PUBLIC        KeyinTime2
  X:0A2CH         PUBLIC        KeyinTime3
  X:0A2EH         PUBLIC        KeyinTime4
  X:0A30H         PUBLIC        KeyinTime5
  C:541FH         PUBLIC        KeyStatusInit
  C:5224H         PUBLIC        System_Running
  C:5483H         PUBLIC        agcnt_Check
  X:0A32H         PUBLIC        dummyWriteCmd
  C:5504H         PUBLIC        _SysMode_Set
  X:0A33H         PUBLIC        dummyCnt
  X:0A34H         PUBLIC        RD_FinishFlag
  C:54D3H         PUBLIC        SysStatusInit
  X:0A35H         PUBLIC        DataBufH
  B:0080H.6       PUBLIC        KEY_Down
BL51 BANKED LINKER/LOCATER V6.22                                                      07/07/2019  16:29:04  PAGE 26


  C:000AH         PUBLIC        User_Setting
  X:0A36H         PUBLIC        T1s_Count
  X:0A37H         PUBLIC        testSetNwData1
  X:0A9CH         PUBLIC        RD_BSY
  X:0A9DH         PUBLIC        DataBufL
  B:0080H.5       PUBLIC        KEY_Stop
  X:0A9EH         PUBLIC        dummyReadDataH
  X:0A9FH         PUBLIC        dummyReadDataL
  C:5453H         PUBLIC        _setCommParameters
  D:00D0H         PUBLIC        PSW
  X:0AA0H         PUBLIC        K1
  X:0AA3H         PUBLIC        K2
  X:0AA6H         PUBLIC        K3
  -------         PROC          SYSSTATUSINIT
  X:0940H         SYMBOL        SysS1
  C:54D3H         LINE#         40
  C:54D3H         LINE#         41
  C:54D3H         LINE#         42
  C:54D8H         LINE#         43
  C:54DAH         LINE#         44
  C:54DCH         LINE#         45
  C:54DEH         LINE#         46
  C:54E0H         LINE#         47
  C:54E2H         LINE#         48
  -------         ENDPROC       SYSSTATUSINIT
  -------         PROC          KEYSTATUSINIT
  C:541FH         LINE#         50
  C:541FH         LINE#         51
  C:541FH         LINE#         52
  C:5424H         LINE#         53
  C:5426H         LINE#         54
  C:5428H         LINE#         55
  C:542AH         LINE#         56
  C:542CH         LINE#         58
  C:5430H         LINE#         59
  C:5432H         LINE#         60
  C:5434H         LINE#         61
  C:5436H         LINE#         62
  C:5438H         LINE#         63
  -------         ENDPROC       KEYSTATUSINIT
  -------         PROC          _DUMMYSINGLEFRAMETESTDATAGENERATE
  D:0007H         SYMBOL        addrL
  D:0005H         SYMBOL        addrH
  D:0003H         SYMBOL        opDataL
  X:0BF0H         SYMBOL        opDataH
  C:53CBH         LINE#         65
  C:53CBH         LINE#         66
  C:53CBH         LINE#         67
  C:53D1H         LINE#         68
  C:53D7H         LINE#         69
  C:53DAH         LINE#         70
  C:53DDH         LINE#         71
  C:53E0H         LINE#         72
  C:53E8H         LINE#         73
  -------         ENDPROC       _DUMMYSINGLEFRAMETESTDATAGENERATE
  -------         PROC          SYSTEM_STUDY
  C:438AH         LINE#         75
BL51 BANKED LINKER/LOCATER V6.22                                                      07/07/2019  16:29:04  PAGE 27


  C:438AH         LINE#         76
  C:438AH         LINE#         77
  C:439BH         LINE#         78
  C:439BH         LINE#         80
  C:439BH         LINE#         81
  C:43A1H         LINE#         82
  C:43A1H         LINE#         83
  C:43A6H         LINE#         84
  C:43ABH         LINE#         85
  C:43AEH         LINE#         86
  C:43AEH         LINE#         87
  C:43B0H         LINE#         89
  C:43B0H         LINE#         90
  C:43B5H         LINE#         91
  C:43B8H         LINE#         92
  C:43B8H         LINE#         93
  C:43B8H         LINE#         94
  C:43B8H         LINE#         95
  C:43BEH         LINE#         96
  C:43BEH         LINE#         97
  C:43C4H         LINE#         98
  C:43C7H         LINE#         99
  C:43C7H         LINE#         100
  C:43C9H         LINE#         108
  C:43C9H         LINE#         109
  C:43CFH         LINE#         110
  C:43CFH         LINE#         111
  C:43D5H         LINE#         112
  C:43D8H         LINE#         113
  C:43D8H         LINE#         114
  C:43DAH         LINE#         116
  C:43DAH         LINE#         117
  C:43DFH         LINE#         118
  C:43E2H         LINE#         119
  C:43E5H         LINE#         120
  C:43E5H         LINE#         121
  C:43E5H         LINE#         122
  C:43E5H         LINE#         123
  C:43EBH         LINE#         124
  C:43EBH         LINE#         125
  C:43F1H         LINE#         126
  C:43F4H         LINE#         127
  C:43F9H         LINE#         128
  C:43FAH         LINE#         130
  C:43FAH         LINE#         131
  C:43FFH         LINE#         132
  C:4402H         LINE#         133
  C:4405H         LINE#         134
  C:4408H         LINE#         135
  C:440BH         LINE#         136
  C:440BH         LINE#         137
  C:440BH         LINE#         155
  C:440BH         LINE#         156
  C:440BH         LINE#         157
  C:4410H         LINE#         158
  C:4410H         LINE#         159
  C:4410H         LINE#         160
BL51 BANKED LINKER/LOCATER V6.22                                                      07/07/2019  16:29:04  PAGE 28


  -------         ENDPROC       SYSTEM_STUDY
  -------         PROC          SYSTEM_RUNNING
  C:5224H         LINE#         162
  C:5224H         LINE#         163
  C:5224H         LINE#         164
  C:522AH         LINE#         165
  C:522AH         LINE#         166
  C:5230H         LINE#         167
  C:5233H         LINE#         168
  C:5238H         LINE#         169
  C:523CH         LINE#         170
  C:523DH         LINE#         172
  C:523DH         LINE#         173
  C:5242H         LINE#         174
  C:5245H         LINE#         175
  C:5248H         LINE#         176
  C:524BH         LINE#         177
  C:524EH         LINE#         179
  C:524EH         LINE#         180
  -------         ENDPROC       SYSTEM_RUNNING
  -------         PROC          USER_SETTING
  C:000AH         LINE#         182
  C:000AH         LINE#         183
  C:000AH         LINE#         185
  -------         ENDPROC       USER_SETTING
  -------         PROC          VENDOR_SETTING
  C:5522H         LINE#         187
  C:5522H         LINE#         188
  C:5522H         LINE#         190
  -------         ENDPROC       VENDOR_SETTING
  -------         PROC          KEYIN_CHECK
  C:24AAH         LINE#         192
  C:24AAH         LINE#         193
  C:24AAH         LINE#         194
  C:24B3H         LINE#         195
  C:24B9H         LINE#         196
  C:24B9H         LINE#         197
  C:24C0H         LINE#         198
  C:24C0H         LINE#         200
  C:24C5H         LINE#         201
  C:24CAH         LINE#         202
  C:24CCH         LINE#         204
  C:24CCH         LINE#         206
  C:24D1H         LINE#         207
  C:24D1H         LINE#         208
  C:24D3H         LINE#         210
  C:24D3H         LINE#         211
  C:24D9H         LINE#         212
  C:24D9H         LINE#         214
  C:24DDH         LINE#         215
  C:24E4H         LINE#         216
  C:24E4H         LINE#         217
  C:24E7H         LINE#         218
  C:24E8H         LINE#         219
  C:24EAH         LINE#         221
  C:24EAH         LINE#         222
  C:24EAH         LINE#         224
BL51 BANKED LINKER/LOCATER V6.22                                                      07/07/2019  16:29:04  PAGE 29


  C:24EAH         LINE#         226
  C:24F0H         LINE#         227
  C:24F4H         LINE#         228
  C:24F4H         LINE#         229
  C:24F4H         LINE#         231
  C:24FDH         LINE#         232
  C:2503H         LINE#         233
  C:2503H         LINE#         234
  C:250AH         LINE#         235
  C:250AH         LINE#         237
  C:250FH         LINE#         238
  C:2514H         LINE#         239
  C:2516H         LINE#         241
  C:2516H         LINE#         243
  C:251BH         LINE#         244
  C:251BH         LINE#         245
  C:251DH         LINE#         247
  C:251DH         LINE#         248
  C:2523H         LINE#         249
  C:2523H         LINE#         251
  C:2527H         LINE#         252
  C:252EH         LINE#         253
  C:252EH         LINE#         254
  C:2531H         LINE#         255
  C:2532H         LINE#         256
  C:2534H         LINE#         258
  C:2534H         LINE#         259
  C:2534H         LINE#         261
  C:2534H         LINE#         263
  C:253AH         LINE#         264
  C:253EH         LINE#         265
  C:253EH         LINE#         266
  C:253EH         LINE#         268
  C:2547H         LINE#         269
  C:254DH         LINE#         270
  C:254DH         LINE#         271
  C:2554H         LINE#         272
  C:2554H         LINE#         274
  C:2559H         LINE#         275
  C:255EH         LINE#         276
  C:2561H         LINE#         278
  C:2561H         LINE#         280
  C:2566H         LINE#         281
  C:2566H         LINE#         282
  C:2569H         LINE#         284
  C:2569H         LINE#         285
  C:256FH         LINE#         286
  C:256FH         LINE#         288
  C:2573H         LINE#         289
  C:257BH         LINE#         290
  C:257BH         LINE#         291
  C:257EH         LINE#         292
  C:2583H         LINE#         293
  C:2585H         LINE#         295
  C:2585H         LINE#         296
  C:2585H         LINE#         298
  C:2585H         LINE#         300
BL51 BANKED LINKER/LOCATER V6.22                                                      07/07/2019  16:29:04  PAGE 30


  C:258BH         LINE#         301
  C:258FH         LINE#         302
  C:2597H         LINE#         303
  C:2597H         LINE#         304
  C:259DH         LINE#         305
  C:25A2H         LINE#         306
  C:25A2H         LINE#         308
  C:25A6H         LINE#         309
  C:25ABH         LINE#         310
  C:25B1H         LINE#         311
  C:25B6H         LINE#         312
  C:25E6H         LINE#         313
  C:25EBH         LINE#         314
  C:25EBH         LINE#         316
  C:25EBH         LINE#         317
  C:25EBH         LINE#         319
  C:25EBH         LINE#         321
  C:25EBH         LINE#         322
  C:25EBH         LINE#         324
  C:25F4H         LINE#         325
  C:25FAH         LINE#         326
  C:25FAH         LINE#         327
  C:2601H         LINE#         328
  C:2601H         LINE#         330
  C:2606H         LINE#         331
  C:260BH         LINE#         332
  C:260EH         LINE#         334
  C:260EH         LINE#         336
  C:2613H         LINE#         337
  C:2613H         LINE#         338
  C:2616H         LINE#         340
  C:2616H         LINE#         341
  C:261CH         LINE#         342
  C:261CH         LINE#         344
  C:2620H         LINE#         345
  C:2628H         LINE#         346
  C:2628H         LINE#         347
  C:262BH         LINE#         348
  C:2630H         LINE#         349
  C:2632H         LINE#         351
  C:2632H         LINE#         352
  C:2632H         LINE#         354
  C:2632H         LINE#         356
  C:2638H         LINE#         357
  C:263CH         LINE#         358
  C:264AH         LINE#         359
  C:264AH         LINE#         360
  C:2650H         LINE#         361
  C:2655H         LINE#         362
  C:2655H         LINE#         363
  C:2659H         LINE#         364
  C:265FH         LINE#         365
  C:2665H         LINE#         366
  C:266AH         LINE#         367
  C:269AH         LINE#         369
  C:269FH         LINE#         370
  C:269FH         LINE#         372
BL51 BANKED LINKER/LOCATER V6.22                                                      07/07/2019  16:29:04  PAGE 31


  C:269FH         LINE#         373
  C:269FH         LINE#         375
  C:269FH         LINE#         376
  C:269FH         LINE#         377
  C:269FH         LINE#         379
  C:26A8H         LINE#         380
  C:26AEH         LINE#         381
  C:26AEH         LINE#         382
  C:26B5H         LINE#         383
  C:26B5H         LINE#         385
  C:26BAH         LINE#         386
  C:26BFH         LINE#         387
  C:26C0H         LINE#         389
  C:26C0H         LINE#         391
  C:26C5H         LINE#         392
  C:26C5H         LINE#         393
  C:26C6H         LINE#         395
  C:26C6H         LINE#         396
  C:26CCH         LINE#         397
  C:26CCH         LINE#         399
  C:26D0H         LINE#         400
  C:26D8H         LINE#         401
  C:26D8H         LINE#         402
  C:26DBH         LINE#         403
  C:26E0H         LINE#         404
  C:26E1H         LINE#         406
  C:26E1H         LINE#         407
  C:26E1H         LINE#         409
  C:26E1H         LINE#         411
  C:26E7H         LINE#         412
  C:26EBH         LINE#         413
  C:26F3H         LINE#         414
  C:26F3H         LINE#         415
  C:26F9H         LINE#         416
  C:26FEH         LINE#         417
  C:26FEH         LINE#         418
  C:2702H         LINE#         419
  C:2708H         LINE#         420
  C:270EH         LINE#         421
  C:2713H         LINE#         422
  C:2743H         LINE#         423
  C:2748H         LINE#         424
  C:2748H         LINE#         426
  C:2748H         LINE#         427
  C:2748H         LINE#         429
  C:2748H         LINE#         430
  C:2748H         LINE#         431
  C:2748H         LINE#         432
  -------         ENDPROC       KEYIN_CHECK
  -------         PROC          KEY1_RESPONSE
  C:3B78H         LINE#         435
  C:3B78H         LINE#         436
  C:3B78H         LINE#         437
  C:3B7EH         LINE#         438
  C:3B7EH         LINE#         439
  C:3B90H         LINE#         440
  C:3B90H         LINE#         441
BL51 BANKED LINKER/LOCATER V6.22                                                      07/07/2019  16:29:04  PAGE 32


  C:3B90H         LINE#         442
  C:3B98H         LINE#         443
  C:3B98H         LINE#         444
  C:3B9AH         LINE#         446
  C:3B9CH         LINE#         447
  C:3B9FH         LINE#         448
  C:3B9FH         LINE#         449
  C:3BA4H         LINE#         451
  C:3BA4H         LINE#         452
  C:3BA6H         LINE#         453
  C:3BA6H         LINE#         457
  C:3BA6H         LINE#         461
  C:3BA6H         LINE#         462
  C:3BA6H         LINE#         463
  C:3BA6H         LINE#         464
  C:3BA6H         LINE#         465
  C:3BACH         LINE#         467
  C:3BB2H         LINE#         468
  C:3BB2H         LINE#         469
  C:3BB2H         LINE#         470
  C:3BB2H         LINE#         471
  C:3BB2H         LINE#         472
  C:3BBAH         LINE#         473
  C:3BBAH         LINE#         475
  C:3BEAH         LINE#         476
  C:3BEFH         LINE#         477
  C:3BF3H         LINE#         478
  C:3BF7H         LINE#         479
  C:3BFCH         LINE#         480
  C:3BFCH         LINE#         481
  C:3C03H         LINE#         482
  C:3C03H         LINE#         483
  C:3C06H         LINE#         484
  C:3C0AH         LINE#         485
  C:3C10H         LINE#         486
  C:3C16H         LINE#         487
  C:3C16H         LINE#         488
  C:3C1DH         LINE#         489
  C:3C1DH         LINE#         490
  C:3C20H         LINE#         491
  C:3C25H         LINE#         492
  C:3C2BH         LINE#         493
  C:3C31H         LINE#         494
  C:3C31H         LINE#         495
  -------         ENDPROC       KEY1_RESPONSE
  -------         PROC          KEY2_RESPONSE
  C:467FH         LINE#         497
  C:467FH         LINE#         498
  C:467FH         LINE#         499
  C:4685H         LINE#         500
  C:4685H         LINE#         501
  C:4689H         LINE#         502
  C:468FH         LINE#         503
  C:4696H         LINE#         504
  C:4696H         LINE#         505
  C:469CH         LINE#         506
  C:46A0H         LINE#         507
BL51 BANKED LINKER/LOCATER V6.22                                                      07/07/2019  16:29:04  PAGE 33


  C:46A4H         LINE#         508
  C:46AAH         LINE#         509
  C:46AAH         LINE#         511
  C:46AAH         LINE#         512
  C:46AAH         LINE#         513
  C:46AAH         LINE#         514
  C:46AAH         LINE#         527
  C:46AAH         LINE#         528
  C:46B1H         LINE#         529
  C:46B1H         LINE#         531
[...]
  C:33D3H         LINE#         158
  C:33D8H         LINE#         159
  C:33DDH         LINE#         160
  C:33E2H         LINE#         161
  C:33E7H         LINE#         162
  C:33ECH         LINE#         163
  C:33F1H         LINE#         164
  C:33F3H         LINE#         165
  C:33F6H         LINE#         166
  C:33FBH         LINE#         168
  C:3400H         LINE#         169
  C:3405H         LINE#         170
  C:340AH         LINE#         171
  C:340FH         LINE#         172
  C:3414H         LINE#         173
  C:3419H         LINE#         174
  C:341EH         LINE#         175
  C:3423H         LINE#         176
  C:3428H         LINE#         177
  C:342DH         LINE#         178
  C:3432H         LINE#         179
  C:3437H         LINE#         180
  C:343CH         LINE#         181
  C:3441H         LINE#         183
  C:3446H         LINE#         185
  C:344BH         LINE#         186
  C:3450H         LINE#         187
  C:3455H         LINE#         188
  C:345AH         LINE#         189
  C:3461H         LINE#         190
  -------         ENDPROC       INIT_LCD
  -------         PROC          _LCD_ADDRESS
  X:0942H         SYMBOL        x
  X:0943H         SYMBOL        y
  X:0944H         SYMBOL        x_total
  X:0946H         SYMBOL        y_total
  C:49B6H         LINE#         194
  C:49C4H         LINE#         195
  C:49C4H         LINE#         196
  C:49CAH         LINE#         197
  C:49CFH         LINE#         198
  C:49D4H         LINE#         199
  C:49DCH         LINE#         200
  C:49ECH         LINE#         201
BL51 BANKED LINKER/LOCATER V6.22                                                      07/07/2019  16:29:04  PAGE 66


  C:49F1H         LINE#         202
  C:49F7H         LINE#         203
  C:4A03H         LINE#         204
  C:4A06H         LINE#         205
  -------         ENDPROC       _LCD_ADDRESS
  -------         PROC          _SET_LCD_DISP_AREA
  X:08B5H         SYMBOL        Column
  X:08B6H         SYMBOL        Page
  X:08B7H         SYMBOL        Column_Total
  X:08B9H         SYMBOL        Page_Total
  C:4755H         LINE#         209
  C:4763H         LINE#         210
  C:4763H         LINE#         211
  C:4769H         LINE#         212
  C:476EH         LINE#         213
  C:4773H         LINE#         214
  C:477BH         LINE#         215
  C:4787H         LINE#         216
  C:478AH         LINE#         217
  C:478FH         LINE#         218
  C:4794H         LINE#         219
  C:479AH         LINE#         220
  C:47A6H         LINE#         221
  C:47A9H         LINE#         222
  C:47AAH         LINE#         223
  C:47ADH         LINE#         224
  -------         ENDPROC       _SET_LCD_DISP_AREA
  -------         PROC          CLEAR_SCREEN
  -------         DO            
  X:0940H         SYMBOL        i
  X:0941H         SYMBOL        j
  -------         ENDDO         
  C:4F89H         LINE#         228
  C:4F89H         LINE#         229
  C:4F89H         LINE#         231
  C:4F9CH         LINE#         232
  C:4FA1H         LINE#         233
  C:4FA1H         LINE#         234
  C:4FA6H         LINE#         235
  C:4FA6H         LINE#         236
  C:4FABH         LINE#         237
  C:4FB7H         LINE#         238
  C:4FC3H         LINE#         239
  -------         ENDPROC       CLEAR_SCREEN
  -------         PROC          _DISPLAY_8X8
  D:0007H         SYMBOL        column
  D:0005H         SYMBOL        page
  X:0889H         SYMBOL        text
  -------         DO            
  X:088CH         SYMBOL        i
  -------         ENDDO         
  C:4D70H         LINE#         241
  C:4D7BH         LINE#         242
  C:4D7BH         LINE#         244
  C:4D8AH         LINE#         245
  C:4D8FH         LINE#         246
  C:4D8FH         LINE#         247
BL51 BANKED LINKER/LOCATER V6.22                                                      07/07/2019  16:29:04  PAGE 67


  C:4DA1H         LINE#         248
  C:4DABH         LINE#         249
  C:4DB7H         LINE#         250
  -------         ENDPROC       _DISPLAY_8X8
  -------         PROC          _DISPLAY_8X1
  D:0007H         SYMBOL        column
  D:0005H         SYMBOL        page
  X:0888H         SYMBOL        text
  C:5404H         LINE#         252
  C:5409H         LINE#         253
  C:5409H         LINE#         254
  C:5417H         LINE#         255
  -------         ENDPROC       _DISPLAY_8X1
  -------         PROC          _CHAR_DISPLAY_16X8
  D:0007H         SYMBOL        Column
  D:0005H         SYMBOL        Page
  X:088CH         SYMBOL        dp
  X:088FH         SYMBOL        Disp_Para
  -------         DO            
  X:0890H         SYMBOL        i
  X:0891H         SYMBOL        Char1608
  X:08A1H         SYMBOL        p1
  X:08A4H         SYMBOL        p2
  -------         ENDDO         
  C:297CH         LINE#         269
  C:2987H         LINE#         270
  C:2987H         LINE#         272
  C:2997H         LINE#         274
  C:29A5H         LINE#         275
  C:29AAH         LINE#         276
  C:29E1H         LINE#         279
  C:29ECH         LINE#         280
  C:29ECH         LINE#         281
  C:29FAH         LINE#         282
  C:29FFH         LINE#         283
  C:2A46H         LINE#         284
  C:2A46H         LINE#         286
  C:2A46H         LINE#         289
  C:2A51H         LINE#         290
  C:2A51H         LINE#         291
  C:2A5FH         LINE#         292
  C:2A64H         LINE#         293
  C:2AABH         LINE#         294
  C:2AABH         LINE#         296
  C:2AABH         LINE#         299
  C:2AB6H         LINE#         300
  C:2AB6H         LINE#         301
  C:2AC4H         LINE#         302
  C:2AC9H         LINE#         303
  C:2B10H         LINE#         304
  C:2B10H         LINE#         306
  C:2B10H         LINE#         309
  C:2B1BH         LINE#         310
  C:2B1BH         LINE#         311
  C:2B29H         LINE#         312
  C:2B2EH         LINE#         313
  C:2B75H         LINE#         314
BL51 BANKED LINKER/LOCATER V6.22                                                      07/07/2019  16:29:04  PAGE 68


  C:2B75H         LINE#         316
  C:2B75H         LINE#         318
  C:2B84H         LINE#         319
  C:2B84H         LINE#         320
  C:2B8AH         LINE#         321
  C:2B92H         LINE#         322
  -------         ENDPROC       _CHAR_DISPLAY_16X8
  -------         PROC          _HANZI_DISP_16X16
  D:0007H         SYMBOL        Column
  D:0005H         SYMBOL        Page
  X:088AH         SYMBOL        dp
  X:088DH         SYMBOL        Disp_Para
  -------         DO            
  X:088EH         SYMBOL        i
  X:088FH         SYMBOL        Hanzi1616
  X:08AFH         SYMBOL        p1
  X:08B2H         SYMBOL        p2
  -------         ENDDO         
  C:2B93H         LINE#         344
  C:2B9EH         LINE#         345
  C:2B9EH         LINE#         347
  C:2BAEH         LINE#         349
  C:2BBCH         LINE#         350
  C:2BC1H         LINE#         351
  C:2BF8H         LINE#         354
  C:2C03H         LINE#         355
  C:2C03H         LINE#         356
  C:2C11H         LINE#         357
  C:2C16H         LINE#         358
  C:2C5DH         LINE#         359
  C:2C5DH         LINE#         361
  C:2C5DH         LINE#         364
  C:2C68H         LINE#         365
  C:2C68H         LINE#         366
  C:2C76H         LINE#         367
  C:2C7BH         LINE#         368
  C:2CC2H         LINE#         369
  C:2CC2H         LINE#         371
  C:2CC2H         LINE#         374
  C:2CCDH         LINE#         375
  C:2CCDH         LINE#         376
  C:2CDBH         LINE#         377
  C:2CE0H         LINE#         378
  C:2D27H         LINE#         379
  C:2D27H         LINE#         381
  C:2D27H         LINE#         384
  C:2D32H         LINE#         385
  C:2D32H         LINE#         386
  C:2D40H         LINE#         387
  C:2D45H         LINE#         388
  C:2D8CH         LINE#         389
  C:2D8CH         LINE#         391
  C:2D8CH         LINE#         394
  C:2D9BH         LINE#         395
  C:2D9BH         LINE#         396
  C:2DA1H         LINE#         397
  C:2DA9H         LINE#         398
BL51 BANKED LINKER/LOCATER V6.22                                                      07/07/2019  16:29:04  PAGE 69


  -------         ENDPROC       _HANZI_DISP_16X16
  -------         PROC          _DISP_24X24
  D:0006H         SYMBOL        x
  D:0004H         SYMBOL        y
  X:0886H         SYMBOL        dp
  -------         DO            
  X:0889H         SYMBOL        i
  -------         ENDDO         
  C:4FFEH         LINE#         401
  C:5009H         LINE#         402
  C:5009H         LINE#         404
  C:5019H         LINE#         405
  C:5028H         LINE#         406
  C:5028H         LINE#         407
  C:502EH         LINE#         408
  C:5036H         LINE#         409
  -------         ENDPROC       _DISP_24X24
  -------         ENDMOD        19296P1

  -------         MODULE        MAIN
  C:0000H         SYMBOL        _ICE_DUMMY_
  D:0080H         PUBLIC        P0
  D:0090H         PUBLIC        P1
  D:00A0H         PUBLIC        P2
  D:00B0H         PUBLIC        P3
  D:00C0H         PUBLIC        P4
  D:00C8H         PUBLIC        P5
  D:00E8H         PUBLIC        P6
  D:00F8H         PUBLIC        P7
  D:00A8H         PUBLIC        IE
  D:00B8H         PUBLIC        IP
  D:00D8H         PUBLIC        CCON
  C:008EH         PUBLIC        main
  C:5523H         PUBLIC        IO_INIT
  D:0098H         PUBLIC        SCON
  D:0088H         PUBLIC        TCON
  C:538CH         PUBLIC        _delay_ms
  D:00D0H         PUBLIC        PSW
  -------         PROC          _DELAY_MS
  D:0006H         SYMBOL        time
  -------         DO            
  D:0004H         SYMBOL        i
  D:0002H         SYMBOL        j
  -------         ENDDO         
  C:538CH         LINE#         20
  C:538CH         LINE#         21
  C:538CH         LINE#         24
  C:5396H         LINE#         25
  C:53ABH         LINE#         26
  -------         ENDPROC       _DELAY_MS
  -------         PROC          IO_INIT
  C:5523H         LINE#         29
  C:5523H         LINE#         30
  C:5523H         LINE#         32
  -------         ENDPROC       IO_INIT
  -------         PROC          MAIN
  C:008EH         LINE#         34
BL51 BANKED LINKER/LOCATER V6.22                                                      07/07/2019  16:29:04  PAGE 70


  C:008EH         LINE#         35
  C:008EH         LINE#         38
  C:0091H         LINE#         40
  C:0091H         LINE#         41
  -------         ENDPROC       MAIN
  -------         ENDMOD        MAIN

  -------         MODULE        TASK
  C:0000H         SYMBOL        _ICE_DUMMY_
  C:4C94H         PUBLIC        task25ms
  D:0080H         PUBLIC        P0
  D:0090H         PUBLIC        P1
  D:00A0H         PUBLIC        P2
  D:00B0H         PUBLIC        P3
  D:00C0H         PUBLIC        P4
  D:00C8H         PUBLIC        P5
  D:00E8H         PUBLIC        P6
  D:00F8H         PUBLIC        P7
  D:00A8H         PUBLIC        IE
  X:0AAAH         PUBLIC        testReadRepMsg
  X:0AB2H         PUBLIC        testReadReqMsg
  D:00B8H         PUBLIC        IP
  X:0AB8H         PUBLIC        testWriteRepMsg
  D:00D8H         PUBLIC        CCON
  X:0AC0H         PUBLIC        testReadLongRepMsg
  D:0098H         PUBLIC        SCON
  D:0088H         PUBLIC        TCON
  B:00C8H.2       PUBLIC        P52
  B:00C8H.3       PUBLIC        P53
  B:00C0H.4       PUBLIC        P44
  X:0AE7H         PUBLIC        SysStatus
  C:551FH         PUBLIC        task2ms
  C:506EH         PUBLIC        taskInit
  X:0AEDH         PUBLIC        testSendByte
  X:0AEFH         PUBLIC        testPar
  X:0B67H         PUBLIC        testReadFailMsg
  X:0B6FH         PUBLIC        testRecByte
  D:00D0H         PUBLIC        PSW
  -------         PROC          TASKINIT
  C:506EH         LINE#         5
  C:506EH         LINE#         6
  C:506EH         LINE#         7
  C:5071H         LINE#         8
  C:5078H         LINE#         9
  C:507BH         LINE#         10
  C:507EH         LINE#         11
  C:5094H         LINE#         15
  C:5096H         LINE#         16
  C:5098H         LINE#         17
  C:509BH         LINE#         18
  C:509EH         LINE#         19
  C:50A1H         LINE#         20
  -------         ENDPROC       TASKINIT
  -------         PROC          TASK2MS
  C:551FH         LINE#         32
  C:551FH         LINE#         33
  C:551FH         LINE#         51
BL51 BANKED LINKER/LOCATER V6.22                                                      07/07/2019  16:29:04  PAGE 71


  -------         ENDPROC       TASK2MS
  -------         PROC          TASK25MS
  -------         DO            
  X:087FH         SYMBOL        dummyCnt
  X:0880H         SYMBOL        dummyWriteCmd
  X:0881H         SYMBOL        dummyReadCmd
  X:0882H         SYMBOL        dummyWriteDataL
  X:0883H         SYMBOL        dummyReadDataL
  X:0884H         SYMBOL        dummyWriteDataH
  X:0885H         SYMBOL        dummyReadDataH
  X:0AA9H         SYMBOL        taskCnt
  -------         ENDDO         
  C:4C94H         LINE#         61
  C:4C94H         LINE#         62
  C:4C94H         LINE#         64
  C:4C9EH         LINE#         65
  C:4CA4H         LINE#         66
  C:4CA9H         LINE#         125
  C:4CC0H         LINE#         126
  C:4CC0H         LINE#         128
  C:4CC0H         LINE#         129
  C:4CC3H         LINE#         130
  C:4CC3H         LINE#         131
  C:4CC5H         LINE#         133
  C:4CC5H         LINE#         137
  C:4CC5H         LINE#         138
  C:4CC8H         LINE#         139
  C:4CC8H         LINE#         140
  C:4CCAH         LINE#         142
  C:4CCAH         LINE#         145
  C:4CCAH         LINE#         146
  C:4CCAH         LINE#         148
  C:4CD0H         LINE#         150
  C:4CD1H         LINE#         152
  C:4CD1H         LINE#         153
  C:4CD3H         LINE#         154
  C:4CD6H         LINE#         155
  C:4CD8H         LINE#         156
  C:4CDDH         LINE#         157
  C:4CDDH         LINE#         159
  C:4CDDH         LINE#         160
  C:4CDDH         LINE#         184
  -------         ENDPROC       TASK25MS
  -------         ENDMOD        TASK

  -------         MODULE        ?C?COPY
  C:1F7EH         PUBLIC        ?C?COPY
  -------         ENDMOD        ?C?COPY

  -------         MODULE        ?C?CLDPTR
  C:1FA4H         PUBLIC        ?C?CLDPTR
  -------         ENDMOD        ?C?CLDPTR

  -------         MODULE        ?C?CLDOPTR
  C:1FBDH         PUBLIC        ?C?CLDOPTR
  -------         ENDMOD        ?C?CLDOPTR

BL51 BANKED LINKER/LOCATER V6.22                                                      07/07/2019  16:29:04  PAGE 72


  -------         MODULE        ?C?CILDOPTR
  C:1FEAH         PUBLIC        ?C?CILDOPTR
  -------         ENDMOD        ?C?CILDOPTR

  -------         MODULE        ?C?CSTPTR
  C:201DH         PUBLIC        ?C?CSTPTR
  -------         ENDMOD        ?C?CSTPTR

  -------         MODULE        ?C?CSTOPTR
  C:202FH         PUBLIC        ?C?CSTOPTR
  -------         ENDMOD        ?C?CSTOPTR

  -------         MODULE        ?C?UIDIV
  C:2051H         PUBLIC        ?C?UIDIV
  -------         ENDMOD        ?C?UIDIV

  -------         MODULE        ?C?IILDX
  C:20A6H         PUBLIC        ?C?IILDX
  -------         ENDMOD        ?C?IILDX

  -------         MODULE        ?C?ILDIX
  C:20BCH         PUBLIC        ?C?ILDIX
  -------         ENDMOD        ?C?ILDIX

  -------         MODULE        ?C?ULDIV
  C:210EH         PUBLIC        ?C?ULDIV
  -------         ENDMOD        ?C?ULDIV

  -------         MODULE        ?C?ULCMP
  C:21A0H         PUBLIC        ?C?ULCMP
  -------         ENDMOD        ?C?ULCMP

  -------         MODULE        ?C?LSTXDATA
  C:21B1H         PUBLIC        ?C?LSTXDATA
  -------         ENDMOD        ?C?LSTXDATA

*** WARNING L16: UNCALLED SEGMENT, IGNORED FOR OVERLAY PROCESS
    SEGMENT: ?PR?DISPLAY_ATMT?HMI

*** WARNING L16: UNCALLED SEGMENT, IGNORED FOR OVERLAY PROCESS
    SEGMENT: ?PR?DISPLAY_PAGE00_03_ZDKJ?HMI

*** WARNING L16: UNCALLED SEGMENT, IGNORED FOR OVERLAY PROCESS
    SEGMENT: ?PR?_LCD_DIAPLAY_PAGE?HMI

*** WARNING L16: UNCALLED SEGMENT, IGNORED FOR OVERLAY PROCESS
    SEGMENT: ?PR?KEYSTATUSINIT?APPLICATION

*** WARNING L16: UNCALLED SEGMENT, IGNORED FOR OVERLAY PROCESS
    SEGMENT: ?PR?_DUMMYSINGLEFRAMETESTDATAGENERATE?APPLICATION

*** WARNING L16: UNCALLED SEGMENT, IGNORED FOR OVERLAY PROCESS
    SEGMENT: ?PR?_SYSMODE_SET?APPLICATION

*** WARNING L16: UNCALLED SEGMENT, IGNORED FOR OVERLAY PROCESS
    SEGMENT: ?PR?_GETDATAFROMMASTER?APPLICATION

BL51 BANKED LINKER/LOCATER V6.22                                                      07/07/2019  16:29:04  PAGE 73


*** WARNING L16: UNCALLED SEGMENT, IGNORED FOR OVERLAY PROCESS
    SEGMENT: ?PR?_CRC16BITBYBIT?CRC

*** WARNING L16: UNCALLED SEGMENT, IGNORED FOR OVERLAY PROCESS
    SEGMENT: ?PR?_CRC16TABLE?CRC

*** WARNING L16: UNCALLED SEGMENT, IGNORED FOR OVERLAY PROCESS
    SEGMENT: ?PR?_CRC16TABLEFAST?CRC

*** WARNING L16: UNCALLED SEGMENT, IGNORED FOR OVERLAY PROCESS
    SEGMENT: ?PR?SENDTESTMSG?UARTNETWORK

*** WARNING L16: UNCALLED SEGMENT, IGNORED FOR OVERLAY PROCESS
    SEGMENT: ?PR?TIMER25MS_DISABLE?TIMER

*** WARNING L16: UNCALLED SEGMENT, IGNORED FOR OVERLAY PROCESS
    SEGMENT: ?PR?TIMER2MS_DISABLE?TIMER

*** WARNING L16: UNCALLED SEGMENT, IGNORED FOR OVERLAY PROCESS
    SEGMENT: ?PR?_GETUARTRECEIVEBUF?UARTDRV

*** WARNING L16: UNCALLED SEGMENT, IGNORED FOR OVERLAY PROCESS
    SEGMENT: ?PR?_ISUARTNEWDATAAVAILABLE?UARTDRV

*** WARNING L15: MULTIPLE CALL TO SEGMENT
    SEGMENT: ?PR?_CLEARDATABLOCK?FIFO
    CALLER1: ?PR?TIMER2MSISR?ISR
    CALLER2: ?PR?TIMER25MSISR?ISR

*** WARNING L15: MULTIPLE CALL TO SEGMENT
    SEGMENT: ?PR?_MEMCPYCUS?FIFO
    CALLER1: ?PR?TIMER2MSISR?ISR
    CALLER2: ?PR?TIMER25MSISR?ISR

*** WARNING L15: MULTIPLE CALL TO SEGMENT
    SEGMENT: ?PR?_GETFIFODATA?FIFO
    CALLER1: ?PR?TIMER2MSISR?ISR
    CALLER2: ?PR?TIMER25MSISR?ISR

*** WARNING L15: MULTIPLE CALL TO SEGMENT
    SEGMENT: ?PR?_SETFIFODATA?FIFO
    CALLER1: ?PR?TIMER25MSISR?ISR
    CALLER2: ?PR?UART3ISR?ISR

*** WARNING L15: MULTIPLE CALL TO SEGMENT
    SEGMENT: ?PR?_MEMCPYCUS?FIFO
    CALLER1: ?PR?TIMER25MSISR?ISR
    CALLER2: ?PR?UART3ISR?ISR

*** WARNING L15: MULTIPLE CALL TO SEGMENT
    SEGMENT: ?PR?_SETFIFODATA?FIFO
    CALLER1: ?PR?UART3ISR?ISR
    CALLER2: ?PR?UART4ISR?ISR

*** WARNING L15: MULTIPLE CALL TO SEGMENT
    SEGMENT: ?PR?_MEMCPYCUS?FIFO
    CALLER1: ?PR?UART3ISR?ISR
BL51 BANKED LINKER/LOCATER V6.22                                                      07/07/2019  16:29:04  PAGE 74


    CALLER2: ?PR?UART4ISR?ISR

*** WARNING L15: MULTIPLE CALL TO SEGMENT
    SEGMENT: ?PR?CLEAR_SCREEN?19296P1
    CALLER1: ?PR?TIMER25MSISR?ISR
    CALLER2: ?C_C51STARTUP

*** WARNING L15: MULTIPLE CALL TO SEGMENT
    SEGMENT: ?PR?_LCD_ADDRESS?19296P1
    CALLER1: ?PR?TIMER25MSISR?ISR
    CALLER2: ?C_C51STARTUP

*** WARNING L15: MULTIPLE CALL TO SEGMENT
    SEGMENT: ?PR?_CLEARDATABLOCK?FIFO
    CALLER1: ?PR?TIMER25MSISR?ISR
    CALLER2: ?C_C51STARTUP

Program Size: data=17.0 xdata=3069 code=21796
LINK/LOCATE RUN COMPLETE.  25 WARNING(S),  0 ERROR(S)
