BL51 BANKED LINKER/LOCATER V6.22                                                        07/03/2019  08:06:54  PAGE 1


BL51 BANKED LINKER/LOCATER V6.22, INVOKED BY:
C:\PROGRAM FILES\KEIL4\C51\BIN\BL51.EXE ..\bin\HMI.obj, ..\bin\application.obj, ..\bin\crc.obj, ..\bin\fifo.obj, ..\bin\
>> uartNetwork.obj, ..\bin\parMap.obj, ..\bin\isr.obj, ..\bin\STARTUP.obj, ..\bin\timer.obj, ..\bin\uartDrv.obj, ..\bin\
>> 19296p1.obj, ..\bin\main.obj, ..\bin\task.obj TO ..\bin\Screen Controller PRINT (..\lst\Screen Controller.m51) RAMSIZ
>> E (256)


MEMORY MODEL: LARGE


INPUT MODULES INCLUDED:
  ..\bin\HMI.obj (HMI)
  ..\bin\application.obj (APPLICATION)
  ..\bin\crc.obj (CRC)
  ..\bin\fifo.obj (FIFO)
  ..\bin\uartNetwork.obj (UARTNETWORK)
  ..\bin\parMap.obj (PARMAP)
  ..\bin\isr.obj (ISR)
  ..\bin\STARTUP.obj (?C_STARTUP)
  ..\bin\timer.obj (TIMER)
  ..\bin\uartDrv.obj (UARTDRV)
  ..\bin\19296p1.obj (19296P1)
  ..\bin\main.obj (MAIN)
  ..\bin\task.obj (TASK)
  C:\PROGRAM FILES\KEIL4\C51\LIB\C51L.LIB (?C_INIT)
  C:\PROGRAM FILES\KEIL4\C51\LIB\C51L.LIB (?C?COPY)
  C:\PROGRAM FILES\KEIL4\C51\LIB\C51L.LIB (?C?CLDPTR)
  C:\PROGRAM FILES\KEIL4\C51\LIB\C51L.LIB (?C?CLDOPTR)
  C:\PROGRAM FILES\KEIL4\C51\LIB\C51L.LIB (?C?CILDOPTR)
  C:\PROGRAM FILES\KEIL4\C51\LIB\C51L.LIB (?C?CSTPTR)
  C:\PROGRAM FILES\KEIL4\C51\LIB\C51L.LIB (?C?CSTOPTR)
  C:\PROGRAM FILES\KEIL4\C51\LIB\C51L.LIB (?C?UIDIV)
  C:\PROGRAM FILES\KEIL4\C51\LIB\C51L.LIB (?C?IILDX)
  C:\PROGRAM FILES\KEIL4\C51\LIB\C51L.LIB (?C?ILDIX)


LINK MAP OF MODULE:  ..\bin\Screen Controller (HMI)


            TYPE    BASE      LENGTH    RELOCATION   SEGMENT NAME
            -----------------------------------------------------

            * * * * * * *   D A T A   M E M O R Y   * * * * * * *
            REG     0000H     0008H     ABSOLUTE     "REG BANK 0"
            REG     0008H     0008H     ABSOLUTE     "REG BANK 1"
            IDATA   0010H     0001H     UNIT         ?STACK

            * * * * * * *  X D A T A   M E M O R Y  * * * * * * *
            XDATA   0000H     02D0H     UNIT         ?XD?PARMAP
            XDATA   02D0H     0222H     UNIT         ?XD?CRC
            XDATA   04F2H     019AH     UNIT         ?XD?UARTDRV
            XDATA   068CH     012EH     UNIT         _XDATA_GROUP_
            XDATA   07BAH     00F9H     UNIT         ?XD?APPLICATION
            XDATA   08B3H     00C8H     UNIT         ?XD?TASK
            XDATA   097BH     00ACH     UNIT         ?XD?UARTNETWORK
            XDATA   0A27H     0073H     UNIT         ?XD?_SETNETWORKDATA?UARTNETWORK
            XDATA   0A9AH     0032H     UNIT         ?XD?SENDTESTMSG?UARTNETWORK
            XDATA   0ACCH     002FH     UNIT         ?XD?HMI
BL51 BANKED LINKER/LOCATER V6.22                                                      07/03/2019  08:06:54  PAGE 2


            XDATA   0AFBH     002DH     UNIT         ?XD?_HANZI_DISP_16X16?19296P1
            XDATA   0B28H     001DH     UNIT         ?XD?_CHAR_DISPLAY_16X8?19296P1
            XDATA   0B45H     000EH     UNIT         ?XD?_GETNETWORKDATA?UARTNETWORK
            XDATA   0B53H     000BH     UNIT         ?XD?_PARMAPREAD?PARMAP
            XDATA   0B5EH     0009H     UNIT         ?XD?_CRC16TABLEFAST?CRC
            XDATA   0B67H     0006H     UNIT         ?XD?_READREQMSGTXPREPROCESS?UARTNETWORK
            XDATA   0B6DH     0006H     UNIT         ?XD?_WRITEREQMSGTXPREPROCESS?UARTNETWORK
            XDATA   0B73H     0006H     UNIT         ?XD?_TXDATAHANDLER?UARTNETWORK
            XDATA   0B79H     0006H     UNIT         ?XD?_SET_LCD_DISP_AREA?19296P1
            XDATA   0B7FH     0005H     UNIT         ?XD?_CRC16BITBYBIT?CRC
            XDATA   0B84H     0005H     UNIT         ?XD?_CRC16TABLE?CRC
            XDATA   0B89H     0005H     UNIT         ?XD?_CRC16CALC?UARTNETWORK
            XDATA   0B8EH     0004H     UNIT         ?XD?_DUMMYSINGLEFRAMETESTDATAGENERATE?APPLICATION
            XDATA   0B92H     0004H     UNIT         ?XD?_GETUARTRECEIVEBUF?UARTDRV
            XDATA   0B96H     0004H     UNIT         ?XD?_DISPLAY_8X8?19296P1
            XDATA   0B9AH     0004H     UNIT         ?XD?_DISP_24X24?19296P1
            XDATA   0B9EH     0003H     UNIT         ?XD?_DISPLAY_FULL_LINE?HMI
            XDATA   0BA1H     0002H     UNIT         ?XD?_DISPLAY_FULL_VERTICAL_LINE?HMI
            XDATA   0BA3H     0002H     UNIT         ?XD?_BUTTON_DISPLAY?HMI
            XDATA   0BA5H     0002H     UNIT         ?XD?_LCD_DIAPLAY_PAGE?HMI
            XDATA   0BA7H     0002H     UNIT         ?XD?_GETDATAFROMMASTER?APPLICATION
            XDATA   0BA9H     0001H     UNIT         ?XD?_DISPLAY_ENCODER_NUMBER?HMI
            XDATA   0BAAH     0001H     UNIT         ?XD?_DISPLAYOPERATIONSTATUS?APPLICATION
            XDATA   0BABH     0001H     UNIT         ?XD?_DISPLAY_8X1?19296P1

            * * * * * * *   C O D E   M E M O R Y   * * * * * * *
            CODE    0000H     0003H     ABSOLUTE     
            CODE    0003H     0007H     UNIT         ?PR?TIMER25MS_ENABLE?TIMER
            CODE    000AH     0001H     UNIT         ?PR?USER_SETTING?APPLICATION
            CODE    000BH     0003H     ABSOLUTE     
            CODE    000EH     0072H     UNIT         ?PR?_SETTXMSGANDDISASSEMBLE?UARTNETWORK
            CODE    0080H     000AH     UNIT         ?PR?TIMER4INIT?TIMER
            CODE    008AH     0001H     UNIT         ?PR?VENDOR_SETTING?APPLICATION
            CODE    008BH     0003H     ABSOLUTE     
            CODE    008EH     0005H     UNIT         ?PR?MAIN?MAIN
            CODE    0093H     0003H     ABSOLUTE     
            CODE    0096H     000DH     UNIT         ?PR?FETCHNODEID?UARTNETWORK
            CODE    00A3H     0003H     ABSOLUTE     
            CODE    00A6H     09E0H     UNIT         ?CO?HMI
            CODE    0A86H     075EH     UNIT         ?PR?PARMAPINIT?PARMAP
            CODE    11E4H     04B0H     UNIT         ?PR?_RXDATAHANDLER?UARTNETWORK
            CODE    1694H     02C4H     UNIT         ?C_INITSEG
            CODE    1958H     029FH     UNIT         ?PR?KEYIN_CHECK?APPLICATION
            CODE    1BF7H     0224H     UNIT         ?C?LIB_CODE
            CODE    1E1BH     0217H     UNIT         ?PR?_CHAR_DISPLAY_16X8?19296P1
            CODE    2032H     0217H     UNIT         ?PR?_HANZI_DISP_16X16?19296P1
            CODE    2249H     01F7H     UNIT         ?PR?_DISPLAY_ENCODER_NUMBER?HMI
            CODE    2440H     01B3H     UNIT         ?PR?_GETRXMSGANDASSEMBLE?UARTNETWORK
            CODE    25F3H     016BH     UNIT         ?PR?DISPLAY_F_FREQUENCY?HMI
            CODE    275EH     0161H     UNIT         ?PR?DISPLAY_RUNTIME?HMI
            CODE    28BFH     0161H     UNIT         ?PR?DISPLAY_I_CURRENT?HMI
            CODE    2A20H     0131H     UNIT         ?PR?DISPLAY_PAGE00_03_PARAAREA?HMI
            CODE    2B51H     0102H     UNIT         ?PR?INIT_LCD?19296P1
            CODE    2C53H     0101H     UNIT         ?PR?_GETFIFODATA?FIFO
            CODE    2D54H     00E8H     UNIT         ?CO?19296P1
            CODE    2E3CH     00E5H     UNIT         ?PR?_CRC16TABLEFAST?CRC
            CODE    2F21H     00E3H     UNIT         ?PR?_WRITEREQMSGTXPREPROCESS?UARTNETWORK
BL51 BANKED LINKER/LOCATER V6.22                                                      07/03/2019  08:06:54  PAGE 3


            CODE    3004H     00D7H     UNIT         ?PR?_BUTTON_DISPLAY?HMI
            CODE    30DBH     00B6H     UNIT         ?PR?_GETDATAFROMMASTER?APPLICATION
            CODE    3191H     00A9H     UNIT         ?PR?_PARMAPREAD?PARMAP
            CODE    323AH     00A5H     UNIT         ?PR?DISPLAY_PAGE00_01_PARAAREA?HMI
            CODE    32DFH     00A4H     UNIT         ?PR?_CRC16RTUCAL?CRC
            CODE    3383H     00A1H     UNIT         ?PR?LONGFRAMEHANDLER?UARTNETWORK
            CODE    3424H     009EH     UNIT         ?PR?UARTDRVINIT?UARTDRV
            CODE    34C2H     009DH     UNIT         ?PR?CHECKMESSGEREAD?UARTNETWORK
            CODE    355FH     009BH     UNIT         ?PR?_READREQMSGTXPREPROCESS?UARTNETWORK
            CODE    35FAH     009AH     UNIT         ?PR?_PARMAPWRITE?PARMAP
            CODE    3694H     0098H     UNIT         ?PR?_SETFIFODATA?FIFO
            CODE    372CH     0093H     UNIT         ?PR?_SETNETWORKDATA?UARTNETWORK
            CODE    37BFH     0090H     UNIT         ?PR?_CRC16BITBYBIT?CRC
            CODE    384FH     008CH     UNIT         ?C_C51STARTUP
            CODE    38DBH     0086H     UNIT         ?PR?KEY1_RESPONSE?APPLICATION
            CODE    3961H     0084H     UNIT         ?PR?SYSTEM_STUDY?APPLICATION
            CODE    39E5H     0084H     UNIT         ?PR?_ISCRC16OK?UARTNETWORK
            CODE    3A69H     0084H     UNIT         ?PR?SENDDATACYCLIC?UARTDRV
            CODE    3AEDH     0083H     UNIT         ?PR?_DISPLAYOPERATIONSTATUS?APPLICATION
            CODE    3B70H     0071H     UNIT         ?PR?_TXDATAHANDLER?UARTNETWORK
            CODE    3BE1H     006EH     UNIT         ?PR?KEY2_RESPONSE?APPLICATION
            CODE    3C4FH     006CH     UNIT         ?PR?APPFUNRUN?APPLICATION
            CODE    3CBBH     006BH     UNIT         ?PR?_NETWORKGATEWAYHANDLER?UARTNETWORK
            CODE    3D26H     0068H     UNIT         ?PR?_CRC16CALC?UARTNETWORK
            CODE    3D8EH     005DH     UNIT         ?PR?_SET_LCD_DISP_AREA?19296P1
            CODE    3DEBH     005CH     UNIT         ?PR?DISPLAY_ATMT?HMI
            CODE    3E47H     0059H     UNIT         ?PR?_CRC16TABLE?CRC
            CODE    3EA0H     0057H     UNIT         ?PR?_DISPLAY_FULL_LINE?HMI
            CODE    3EF7H     0055H     UNIT         ?PR?DISPLAY_PAGE00_01_LLSTUDY?HMI
            CODE    3F4CH     0055H     UNIT         ?PR?DISPLAY_PAGE00_01_ULSTUDY?HMI
            CODE    3FA1H     0055H     UNIT         ?PR?_LCD_DIAPLAY_PAGE?HMI
            CODE    3FF6H     0055H     UNIT         ?PR?_MEMCPYCUS?FIFO
            CODE    404BH     0055H     UNIT         ?PR?_LCD_ADDRESS?19296P1
            CODE    40A0H     0051H     UNIT         ?PR?_SETUARTSENDBUF?UARTDRV
            CODE    40F1H     0051H     UNIT         ?PR?_GETUARTRECEIVEBUF?UARTDRV
            CODE    4142H     0050H     UNIT         ?PR?_LCD_SEND_PDATA?19296P1
            CODE    4192H     004EH     UNIT         ?PR?SENDTESTMSG?UARTNETWORK
            CODE    41E0H     004CH     UNIT         ?PR?RXUPDATE?UARTNETWORK
            CODE    422CH     0049H     UNIT         ?PR?DISPLAY_PAGE00_00_PARAAREA?HMI
            CODE    4275H     0049H     UNIT         ?PR?_GETNETWORKDATA?UARTNETWORK
            CODE    42BEH     0048H     UNIT         ?PR?_DISPLAY_8X8?19296P1
            CODE    4306H     0045H     UNIT         ?PR?TIMER2MSISR?ISR
            CODE    434BH     0044H     UNIT         ?PR?DISPLAY_PAGE00_00_MOTORDIRT?HMI
            CODE    438FH     0044H     UNIT         ?PR?DISPLAY_PAGE00_03_CDDT?HMI
            CODE    43D3H     0044H     UNIT         ?PR?DISPLAY_PAGE00_03_ZDKJ?HMI
            CODE    4417H     0041H     UNIT         ?PR?TIMER25MSISR?ISR
            CODE    4458H     003BH     UNIT         ?PR?UART4ISR?ISR
            CODE    4493H     003BH     UNIT         ?PR?CLEAR_SCREEN?19296P1
            CODE    44CEH     003BH     UNIT         ?PR?TASK25MS?TASK
            CODE    4509H     003AH     UNIT         ?PR?_DELAY_US?19296P1
            CODE    4543H     0039H     UNIT         ?PR?_DISP_24X24?19296P1
            CODE    457CH     0037H     UNIT         ?PR?DISP_PAGE_MOTORDIRTSET?HMI
            CODE    45B3H     0036H     UNIT         ?PR?TASKINIT?TASK
            CODE    45E9H     0035H     UNIT         ?PR?UART3INT?UARTDRV
            CODE    461EH     0035H     UNIT         ?PR?UART4INT?UARTDRV
            CODE    4653H     0030H     UNIT         ?PR?_NUMBER_LOOKUP_TABLE?HMI
            CODE    4683H     002FH     UNIT         ?PR?DISP_PAGE_RUNNINGMODE?HMI
BL51 BANKED LINKER/LOCATER V6.22                                                      07/03/2019  08:06:54  PAGE 4


            CODE    46B2H     002EH     UNIT         ?PR?DISP_PAGE_DOWNLMT_STD?HMI
            CODE    46E0H     002EH     UNIT         ?PR?DISP_PAGE_UPLMT_STD?HMI
            CODE    470EH     002EH     UNIT         ?PR?DISP_PAGE_CLOSEDOOR_DELAYT?HMI
            CODE    473CH     002DH     UNIT         ?PR?PARMAPUPDATE?PARMAP
            CODE    4769H     002AH     UNIT         ?PR?_RXSERVICEHANDLER?UARTNETWORK
            CODE    4793H     0028H     UNIT         ?PR?DISP_PAGE_01_00?HMI
            CODE    47BBH     0028H     UNIT         ?PR?DISP_PAGE_01_01?HMI
            CODE    47E3H     0028H     UNIT         ?PR?DISP_PAGE_01_02?HMI
            CODE    480BH     0028H     UNIT         ?PR?DISP_PAGE_01_03?HMI
            CODE    4833H     0027H     UNIT         ?PR?_CLEARDATABLOCK?FIFO
            CODE    485AH     0026H     UNIT         ?PR?_DISPLAY_FULL_VERTICAL_LINE?HMI
            CODE    4880H     0026H     UNIT         ?PR?_DELAY?19296P1
            CODE    48A6H     0021H     UNIT         ?PR?SYSTEM_RUNNING?APPLICATION
            CODE    48C7H     0020H     UNIT         ?PR?_DELAY_MS?MAIN
            CODE    48E7H     001FH     UNIT         ?PR?_SEND_DATA_LCD?19296P1
            CODE    4906H     001EH     UNIT         ?PR?_DUMMYSINGLEFRAMETESTDATAGENERATE?APPLICATION
            CODE    4924H     001BH     UNIT         ?PR?UART3ISR?ISR
            CODE    493FH     001BH     UNIT         ?PR?_DISPLAY_8X1?19296P1
            CODE    495AH     001AH     UNIT         ?PR?KEYSTATUSINIT?APPLICATION
            CODE    4974H     001AH     UNIT         ?PR?_ISUARTNEWDATAAVAILABLE?UARTDRV
            CODE    498EH     0019H     UNIT         ?PR?CLRRDPARAMETERS?APPLICATION
            CODE    49A7H     0018H     UNIT         ?PR?_FIFOINIT?FIFO
            CODE    49BFH     0014H     UNIT         ?PR?_SEND_CMD_LCD?19296P1
            CODE    49D3H     0013H     UNIT         ?PR?MOTOR_DIRECTION_UPDATE?HMI
            CODE    49E6H     0013H     UNIT         ?PR?TIMER0INIT?TIMER
            CODE    49F9H     0010H     UNIT         ?PR?SYSSTATUSINIT?APPLICATION
            CODE    4A09H     0010H     UNIT         ?PR?KEY3_RESPONSE?APPLICATION
            CODE    4A19H     0009H     UNIT         ?PR?NETWORKINIT?UARTNETWORK
            CODE    4A22H     0007H     UNIT         ?PR?TIMER25MS_DISABLE?TIMER
            CODE    4A29H     0007H     UNIT         ?PR?TIMER2MS_ENABLE?TIMER
            CODE    4A30H     0007H     UNIT         ?PR?TIMER2MS_DISABLE?TIMER
            CODE    4A37H     0006H     UNIT         ?PR?_SYSMODE_SET?APPLICATION
            CODE    4A3DH     0006H     UNIT         ?PR?NETWORK2MSUPDATE?UARTNETWORK
            CODE    4A43H     0006H     UNIT         ?PR?NETWORK50MSUPDATE?UARTNETWORK
            CODE    4A49H     0006H     UNIT         ?PR?TIMERINIT?TIMER
            CODE    4A4FH     0003H     UNIT         ?PR?UARTDRVUPDATE?UARTDRV
            CODE    4A52H     0003H     UNIT         ?PR?TASK2MS?TASK
            CODE    4A55H     0001H     UNIT         ?PR?KEY4_RESPONSE?APPLICATION
            CODE    4A56H     0001H     UNIT         ?PR?KEY5_RESPONSE?APPLICATION
            CODE    4A57H     0001H     UNIT         ?PR?IO_INIT?MAIN



OVERLAY MAP OF MODULE:   ..\bin\Screen Controller (HMI)


SEGMENT                                            XDATA_GROUP
  +--> CALLED SEGMENT                            START    LENGTH
----------------------------------------------------------------
?PR?TIMER2MSISR?ISR                              -----    -----
  +--> ?PR?TASK2MS?TASK

?PR?TASK2MS?TASK                                 -----    -----
  +--> ?PR?NETWORK2MSUPDATE?UARTNETWORK

?PR?NETWORK2MSUPDATE?UARTNETWORK                 -----    -----
  +--> ?PR?CHECKMESSGEREAD?UARTNETWORK
BL51 BANKED LINKER/LOCATER V6.22                                                      07/03/2019  08:06:54  PAGE 5


  +--> ?PR?UARTDRVUPDATE?UARTDRV

?PR?UARTDRVUPDATE?UARTDRV                        -----    -----
  +--> ?PR?SENDDATACYCLIC?UARTDRV

?PR?SENDDATACYCLIC?UARTDRV                       068CH    0002H
  +--> ?PR?_GETFIFODATA?FIFO

?PR?_GETFIFODATA?FIFO                            0711H    0009H
  +--> ?PR?_MEMCPYCUS?FIFO
  +--> ?PR?_CLEARDATABLOCK?FIFO

?PR?_MEMCPYCUS?FIFO                              074BH    0007H

?PR?_CLEARDATABLOCK?FIFO                         07B9H    0001H

*** NEW ROOT ***************************************************

?PR?TIMER25MSISR?ISR                             -----    -----
  +--> ?PR?TASK25MS?TASK

?PR?TASK25MS?TASK                                069EH    0004H
  +--> ?PR?LONGFRAMEHANDLER?UARTNETWORK
  +--> ?PR?NETWORK50MSUPDATE?UARTNETWORK

?PR?LONGFRAMEHANDLER?UARTNETWORK                 06A2H    0032H
  +--> ?PR?_CLEARDATABLOCK?FIFO
  +--> ?PR?_SETTXMSGANDDISASSEMBLE?UARTNETWORK

?PR?_SETTXMSGANDDISASSEMBLE?UARTNETWORK          070BH    0008H
  +--> ?PR?_SETUARTSENDBUF?UARTDRV

?PR?_SETUARTSENDBUF?UARTDRV                      0713H    0004H
  +--> ?PR?_SETFIFODATA?FIFO

?PR?_SETFIFODATA?FIFO                            073FH    000CH
  +--> ?PR?_MEMCPYCUS?FIFO

?PR?NETWORK50MSUPDATE?UARTNETWORK                -----    -----
  +--> ?PR?RXUPDATE?UARTNETWORK
  +--> ?PR?PARMAPUPDATE?PARMAP

?PR?RXUPDATE?UARTNETWORK                         06A2H    0065H
  +--> ?PR?_CLEARDATABLOCK?FIFO
  +--> ?PR?_GETRXMSGANDASSEMBLE?UARTNETWORK
  +--> ?PR?_NETWORKGATEWAYHANDLER?UARTNETWORK
  +--> ?PR?_RXDATAHANDLER?UARTNETWORK
  +--> ?PR?_RXSERVICEHANDLER?UARTNETWORK

?PR?_GETRXMSGANDASSEMBLE?UARTNETWORK             0707H    000AH
  +--> ?PR?_GETFIFODATA?FIFO

?PR?_NETWORKGATEWAYHANDLER?UARTNETWORK           0707H    0004H
  +--> ?PR?_SETTXMSGANDDISASSEMBLE?UARTNETWORK

?PR?_RXDATAHANDLER?UARTNETWORK                   0707H    000EH
  +--> ?PR?_ISCRC16OK?UARTNETWORK
BL51 BANKED LINKER/LOCATER V6.22                                                      07/03/2019  08:06:54  PAGE 6


  +--> ?PR?_PARMAPWRITE?PARMAP

?PR?_ISCRC16OK?UARTNETWORK                       0715H    0006H
  +--> ?PR?_CRC16RTUCAL?CRC

?PR?_CRC16RTUCAL?CRC                             071BH    0009H

?PR?_PARMAPWRITE?PARMAP                          0715H    0008H

?PR?_RXSERVICEHANDLER?UARTNETWORK                0707H    0003H
  +--> ?PR?_CLEARDATABLOCK?FIFO

*** NEW ROOT ***************************************************

?PR?UART3ISR?ISR                                 -----    -----
  +--> ?PR?UART3INT?UARTDRV

?PR?UART3INT?UARTDRV                             072AH    0001H
  +--> ?PR?_SETFIFODATA?FIFO

*** NEW ROOT ***************************************************

?PR?UART4ISR?ISR                                 -----    -----
  +--> ?PR?UART4INT?UARTDRV

?PR?UART4INT?UARTDRV                             073EH    0001H
  +--> ?PR?_SETFIFODATA?FIFO

*** NEW ROOT ***************************************************

?C_C51STARTUP                                    -----    -----
  +--> ?PR?MAIN?MAIN
  +--> ?C_INITSEG

?PR?MAIN?MAIN                                    -----    -----
  +--> ?PR?TASKINIT?TASK

?PR?TASKINIT?TASK                                -----    -----
  +--> ?PR?IO_INIT?MAIN
  +--> ?PR?_DELAY_MS?MAIN
  +--> ?PR?INIT_LCD?19296P1
  +--> ?PR?CLEAR_SCREEN?19296P1
  +--> ?PR?SYSSTATUSINIT?APPLICATION
  +--> ?PR?NETWORKINIT?UARTNETWORK
  +--> ?PR?TIMERINIT?TIMER
  +--> ?PR?TIMER25MS_ENABLE?TIMER
  +--> ?PR?TIMER2MS_ENABLE?TIMER

?PR?INIT_LCD?19296P1                             -----    -----
  +--> ?PR?_DELAY?19296P1
  +--> ?PR?_SEND_CMD_LCD?19296P1
  +--> ?PR?_SEND_DATA_LCD?19296P1
  +--> ?PR?_DELAY_US?19296P1

?PR?_SEND_CMD_LCD?19296P1                        -----    -----
  +--> ?PR?_SEND_DATA_LCD?19296P1
  +--> ?PR?_DELAY_US?19296P1
BL51 BANKED LINKER/LOCATER V6.22                                                      07/03/2019  08:06:54  PAGE 7



?PR?_SEND_DATA_LCD?19296P1                       -----    -----
  +--> ?PR?_DELAY_US?19296P1

?PR?_DELAY_US?19296P1                            -----    -----
  +--> ?PR?_LCD_SEND_PDATA?19296P1

?PR?CLEAR_SCREEN?19296P1                         0752H    0002H
  +--> ?PR?_LCD_ADDRESS?19296P1
  +--> ?PR?_SEND_DATA_LCD?19296P1

?PR?_LCD_ADDRESS?19296P1                         0754H    0006H
  +--> ?PR?_SEND_CMD_LCD?19296P1
  +--> ?PR?_SEND_DATA_LCD?19296P1

?PR?SYSSTATUSINIT?APPLICATION                    0752H    0006H

?PR?NETWORKINIT?UARTNETWORK                      -----    -----
  +--> ?PR?UARTDRVINIT?UARTDRV
  +--> ?PR?PARMAPINIT?PARMAP
  +--> ?PR?FETCHNODEID?UARTNETWORK

?PR?UARTDRVINIT?UARTDRV                          0752H    0001H
  +--> ?PR?_FIFOINIT?FIFO

?PR?_FIFOINIT?FIFO                               0753H    0066H
  +--> ?PR?_CLEARDATABLOCK?FIFO

?PR?TIMERINIT?TIMER                              -----    -----
  +--> ?PR?TIMER4INIT?TIMER
  +--> ?PR?TIMER0INIT?TIMER



SYMBOL TABLE OF MODULE:  ..\bin\Screen Controller (HMI)

  VALUE           TYPE          NAME
  ----------------------------------

  -------         MODULE        HMI
  C:0000H         SYMBOL        _ICE_DUMMY_
  C:0406H         PUBLIC        Hanzi_1616_XST_Ting
  C:0306H         PUBLIC        Hanzi_1616_XST_Dan
  C:03A6H         PUBLIC        Hanzi_1616_XST_Kai
  C:0126H         PUBLIC        Hanzi_1616_XST_Fan
  C:275EH         PUBLIC        Display_RunTime
  C:0526H         PUBLIC        char_capital_A
  C:02A6H         PUBLIC        Hanzi_1616_XST_Xing
  C:0556H         PUBLIC        char_capital_F
  C:470EH         PUBLIC        Disp_Page_CloseDoor_DelayT
  C:0536H         PUBLIC        char_capital_H
  C:0546H         PUBLIC        char_capital_I
  C:0516H         PUBLIC        char_cDot
  C:0446H         PUBLIC        Hanzi_1616_XST_Men
  C:00A6H         PUBLIC        Hanzi_1616_ST_Dian
  C:01A6H         PUBLIC        Hanzi_1616_XST_Ren
  C:0146H         PUBLIC        Hanzi_1616_XST_Hui
BL51 BANKED LINKER/LOCATER V6.22                                                      07/03/2019  08:06:54  PAGE 8


  C:4653H         PUBLIC        _Number_Lookup_Table
  C:3008H         PUBLIC        _BUTTON_Display
  C:0426H         PUBLIC        Hanzi_1616_XST_Zhi
  C:0166H         PUBLIC        Hanzi_1616_XST_Que
  C:0246H         PUBLIC        Hanzi_1616_XST_Ma
  X:0ACCH         PUBLIC        Motor_Parameter
  C:03E6H         PUBLIC        Hanzi_1616_XST_Dian1
  C:08D6H         PUBLIC        Hanzi_2424_HWZS_Ji1
  C:02C6H         PUBLIC        Hanzi_1616_XST_Shu
  C:0326H         PUBLIC        Hanzi_1616_XST_Xue
  C:0266H         PUBLIC        Hanzi_1616_XST_Qi
  C:46B2H         PUBLIC        Disp_Page_DownLMT_STD
  C:0286H         PUBLIC        Hanzi_1616_XST_Yun
  C:457CH         PUBLIC        Disp_Page_MotorDirtSet
  C:00E6H         PUBLIC        Hanzi_1616_HWXH_Dian
  C:07FEH         PUBLIC        Hanzi_2424_HWZS_Shang
  C:0346H         PUBLIC        Hanzi_1616_XST_Xi
  C:0366H         PUBLIC        Hanzi_1616_XST_Zi
  C:064EH         PUBLIC        Hanzi_2424_HWZS_Xiang
  C:01C6H         PUBLIC        Hanzi_1616_XST_Fan1
  C:0606H         PUBLIC        Hanzi_2424_HWZS_Fang
  C:0576H         PUBLIC        Hanzi_2424_HWZS_Dian
  C:25F3H         PUBLIC        Display_F_frequency
  C:3EA4H         PUBLIC        _Display_Full_Line
  C:0506H         PUBLIC        char_cMaohao
  C:422CH         PUBLIC        Display_Page00_00_ParaArea
  C:323AH         PUBLIC        Display_Page00_01_ParaArea
  C:4683H         PUBLIC        Disp_Page_RunningMode
  C:2A20H         PUBLIC        Display_Page00_03_ParaArea
  C:0966H         PUBLIC        Hanzi_2424_HWZS_Guan
  C:00C6H         PUBLIC        Hanzi_1616_ST_Ji
  C:06DEH         PUBLIC        Hanzi_2424_HWZS_Xian
  C:2249H         PUBLIC        _Display_Encoder_Number
  X:0AEBH         PUBLIC        char_num
  C:46E0H         PUBLIC        Disp_Page_UpLMT_STD
  C:091EH         PUBLIC        Hanzi_2424_HWZS_Null
  C:09AEH         PUBLIC        Hanzi_2424_HWZS_Men
  C:485AH         PUBLIC        _Display_Full_Vertical_Line
  C:3FA1H         PUBLIC        _LCD_Diaplay_Page
  C:0696H         PUBLIC        Hanzi_2424_HWZS_Xia
  C:0A3EH         PUBLIC        Hanzi_2424_HWZS_Shi
  C:0726H         PUBLIC        Hanzi_2424_HWZS_Wei
  C:438FH         PUBLIC        Display_Page00_03_CDDT
  C:0106H         PUBLIC        Hanzi_1616_HWXH_Ji
  C:09F6H         PUBLIC        Hanzi_2424_HWZS_Yan
  C:49D3H         PUBLIC        Motor_Direction_Update
  C:0846H         PUBLIC        Hanzi_2424_HWZS_Zhi
  C:434BH         PUBLIC        Display_Page00_00_MotorDirt
  C:0206H         PUBLIC        Hanzi_1616_XST_Xiang
  C:088EH         PUBLIC        Hanzi_2424_HWZS_Ke
  C:0226H         PUBLIC        Hanzi_1616_XST_Bian
  C:076EH         PUBLIC        Hanzi_2424_HWZS_Xue
  C:05BEH         PUBLIC        Hanzi_2424_HWZS_Ji
  C:01E6H         PUBLIC        Hanzi_1616_XST_Zheng
  C:28BFH         PUBLIC        Display_I_current
  C:0186H         PUBLIC        Hanzi_1616_XST_Ding
  C:3EF7H         PUBLIC        Display_Page00_01_LLStudy
BL51 BANKED LINKER/LOCATER V6.22                                                      07/03/2019  08:06:54  PAGE 9


  C:3DEBH         PUBLIC        Display_ATMT
  C:43D3H         PUBLIC        Display_Page00_03_ZDKJ
  C:4793H         PUBLIC        Disp_Page_01_00
  C:47BBH         PUBLIC        Disp_Page_01_01
  C:47E3H         PUBLIC        Disp_Page_01_02
  C:480BH         PUBLIC        Disp_Page_01_03
  C:0386H         PUBLIC        Hanzi_1616_XST_Dong
  C:0466H         PUBLIC        char_number_table
  C:03C6H         PUBLIC        Hanzi_1616_XST_Guan
  C:07B6H         PUBLIC        Hanzi_2424_HWZS_Xi
  C:0566H         PUBLIC        char_z
  C:3F4CH         PUBLIC        Display_Page00_01_ULStudy
  C:02E6H         PUBLIC        Hanzi_1616_XST_Cai
  C:3EA0H         SYMBOL        L?0151
  -------         PROC          L?0150
  -------         ENDPROC       L?0150
  C:3EA0H         SYMBOL        L?0151
  -------         PROC          _DISPLAY_FULL_LINE
  X:0B9EH         SYMBOL        ucLine
  X:0B9FH         SYMBOL        ucUpDown
  -------         DO            
  X:0BA0H         SYMBOL        i
  -------         ENDDO         
  C:3EA4H         LINE#         12
  C:3EACH         LINE#         13
  C:3EACH         LINE#         15
  C:3EBAH         LINE#         16
  C:3EBAH         LINE#         17
  C:3EC0H         LINE#         18
  C:3EC0H         LINE#         19
  C:3ED3H         LINE#         20
  C:3ED5H         LINE#         22
  C:3ED5H         LINE#         23
  C:3EEEH         LINE#         24
  C:3EEEH         LINE#         25
  C:3EF6H         LINE#         26
  -------         ENDPROC       _DISPLAY_FULL_LINE
  -------         PROC          _DISPLAY_FULL_VERTICAL_LINE
  X:0BA1H         SYMBOL        line
  -------         DO            
  X:0BA2H         SYMBOL        i
  -------         ENDDO         
  C:485AH         LINE#         28
  C:485FH         LINE#         29
  C:485FH         LINE#         31
  C:486DH         LINE#         32
  C:487FH         LINE#         33
  -------         ENDPROC       _DISPLAY_FULL_VERTICAL_LINE
  C:3004H         SYMBOL        L?0153
  -------         PROC          L?0152
  -------         ENDPROC       L?0152
  C:3004H         SYMBOL        L?0153
  -------         PROC          _BUTTON_DISPLAY
  X:0BA3H         SYMBOL        x
  X:0BA4H         SYMBOL        HanziButton
  C:3008H         LINE#         35
  C:3012H         LINE#         36
BL51 BANKED LINKER/LOCATER V6.22                                                      07/03/2019  08:06:54  PAGE 10


  C:3012H         LINE#         37
  C:3016H         LINE#         38
  C:3016H         LINE#         39
  C:3026H         LINE#         40
  C:3026H         LINE#         41
  C:3026H         LINE#         42
  C:302CH         LINE#         43
  C:302CH         LINE#         44
  C:302EH         LINE#         45
  C:302EH         LINE#         46
  C:3041H         LINE#         47
  C:3047H         LINE#         48
  C:3049H         LINE#         49
  C:3049H         LINE#         50
  C:305CH         LINE#         51
  C:3062H         LINE#         52
  C:3064H         LINE#         53
  C:3064H         LINE#         54
  C:3077H         LINE#         55
  C:3089H         LINE#         56
  C:3089H         LINE#         57
  C:3089H         LINE#         58
  C:3089H         LINE#         59
  C:3089H         LINE#         60
  C:3089H         LINE#         61
  C:3091H         LINE#         62
  C:3091H         LINE#         63
  C:309AH         LINE#         64
  C:309AH         LINE#         65
  C:309AH         LINE#         66
  C:30ADH         LINE#         67
  C:30B3H         LINE#         68
  C:30B5H         LINE#         69
  C:30B5H         LINE#         70
  C:30C8H         LINE#         71
  C:30DAH         LINE#         72
  C:30DAH         LINE#         73
  C:30DAH         LINE#         74
  C:30DAH         LINE#         75
  C:30DAH         LINE#         76
  C:30DAH         LINE#         77
  -------         ENDPROC       _BUTTON_DISPLAY
  -------         PROC          _NUMBER_LOOKUP_TABLE
  D:0007H         SYMBOL        number
  -------         DO            
  D:0006H         SYMBOL        i
  -------         ENDDO         
  C:4653H         LINE#         79
  C:4653H         LINE#         80
  C:4653H         LINE#         82
  C:4655H         LINE#         83
  C:4682H         LINE#         84
  -------         ENDPROC       _NUMBER_LOOKUP_TABLE
  -------         PROC          _DISPLAY_ENCODER_NUMBER
  X:0BA9H         SYMBOL        x
  -------         DO            
  D:0002H         SYMBOL        encoder
BL51 BANKED LINKER/LOCATER V6.22                                                      07/03/2019  08:06:54  PAGE 11


  -------         ENDDO         
  C:2249H         LINE#         86
  C:224EH         LINE#         87
  C:224EH         LINE#         89
  C:2255H         LINE#         90
  C:225EH         LINE#         91
  C:225EH         LINE#         92
  C:226FH         LINE#         93
  C:2272H         LINE#         94
  C:227AH         LINE#         95
  C:227AH         LINE#         96
  C:2284H         LINE#         97
  C:2293H         LINE#         98
  C:2295H         LINE#         99
  C:229AH         LINE#         101
  C:22A3H         LINE#         102
  C:22A3H         LINE#         103
  C:22B3H         LINE#         104
  C:22C2H         LINE#         105
  C:22C4H         LINE#         106
  C:22C9H         LINE#         108
  C:22D2H         LINE#         109
  C:22D2H         LINE#         110
  C:22E2H         LINE#         111
  C:22F1H         LINE#         112
  C:22F3H         LINE#         113
  C:22F8H         LINE#         115
  C:2301H         LINE#         116
  C:2301H         LINE#         117
  C:2311H         LINE#         118
  C:2320H         LINE#         119
  C:2322H         LINE#         120
  C:2327H         LINE#         122
  C:232CH         LINE#         124
  C:2334H         LINE#         125
  C:233BH         LINE#         126
  C:233BH         LINE#         127
  C:2348H         LINE#         128
  C:234AH         LINE#         129
  C:2351H         LINE#         130
  C:2351H         LINE#         131
  C:2363H         LINE#         132
  C:2363H         LINE#         133
  C:2363H         LINE#         135
  C:236BH         LINE#         136
  C:2372H         LINE#         137
  C:2372H         LINE#         138
  C:237FH         LINE#         139
  C:2381H         LINE#         140
  C:2388H         LINE#         141
  C:2388H         LINE#         142
  C:239AH         LINE#         143
  C:239AH         LINE#         144
  C:239AH         LINE#         146
  C:23A2H         LINE#         147
  C:23A9H         LINE#         148
  C:23A9H         LINE#         149
BL51 BANKED LINKER/LOCATER V6.22                                                      07/03/2019  08:06:54  PAGE 12


  C:23B6H         LINE#         150
  C:23B8H         LINE#         151
  C:23BFH         LINE#         152
  C:23BFH         LINE#         153
  C:23D1H         LINE#         154
  C:23D1H         LINE#         155
  C:23D1H         LINE#         157
  C:23D9H         LINE#         158
  C:23E0H         LINE#         159
  C:23E0H         LINE#         160
  C:23EDH         LINE#         161
  C:23EFH         LINE#         162
  C:23F6H         LINE#         163
  C:23F6H         LINE#         164
  C:2408H         LINE#         165
  C:2408H         LINE#         166
  C:2408H         LINE#         168
  C:2410H         LINE#         169
  C:2417H         LINE#         170
  C:2417H         LINE#         171
  C:2424H         LINE#         172
  C:2426H         LINE#         173
  C:242DH         LINE#         174
  C:242DH         LINE#         175
  C:243FH         LINE#         176
  C:243FH         LINE#         177
  C:243FH         LINE#         178
  C:243FH         LINE#         180
  C:243FH         LINE#         181
  -------         ENDPROC       _DISPLAY_ENCODER_NUMBER
  -------         PROC          DISPLAY_RUNTIME
  -------         DO            
  D:0002H         SYMBOL        runtime
  -------         ENDDO         
  C:275EH         LINE#         183
  C:275EH         LINE#         184
  C:275EH         LINE#         186
  C:2765H         LINE#         187
  C:276EH         LINE#         188
  C:276EH         LINE#         189
  C:277FH         LINE#         190
  C:2782H         LINE#         191
  C:278AH         LINE#         192
  C:278AH         LINE#         193
  C:2794H         LINE#         194
  C:27A3H         LINE#         195
  C:27A5H         LINE#         196
  C:27AAH         LINE#         198
  C:27B3H         LINE#         199
  C:27B3H         LINE#         200
  C:27C3H         LINE#         201
  C:27D2H         LINE#         202
  C:27D4H         LINE#         203
  C:27D9H         LINE#         205
  C:27E2H         LINE#         206
  C:27E2H         LINE#         207
  C:27F2H         LINE#         208
BL51 BANKED LINKER/LOCATER V6.22                                                      07/03/2019  08:06:54  PAGE 13


  C:2801H         LINE#         209
  C:2803H         LINE#         210
  C:2808H         LINE#         212
  C:2811H         LINE#         213
  C:2811H         LINE#         214
  C:2821H         LINE#         215
  C:2830H         LINE#         216
  C:2832H         LINE#         217
  C:2837H         LINE#         219
  C:283CH         LINE#         221
  C:2844H         LINE#         222
  C:2856H         LINE#         224
  C:285EH         LINE#         225
  C:2870H         LINE#         227
  C:2878H         LINE#         228
  C:288AH         LINE#         230
  C:2892H         LINE#         231
  C:28A4H         LINE#         233
  C:28ACH         LINE#         234
  C:28BEH         LINE#         235
  C:28BEH         LINE#         237
  C:28BEH         LINE#         238
  -------         ENDPROC       DISPLAY_RUNTIME
  -------         PROC          DISPLAY_I_CURRENT
  -------         DO            
  D:0002H         SYMBOL        current_data
  -------         ENDDO         
  C:28BFH         LINE#         240
  C:28BFH         LINE#         241
  C:28BFH         LINE#         243
  C:28C6H         LINE#         244
  C:28CFH         LINE#         245
  C:28CFH         LINE#         246
  C:28E0H         LINE#         247
  C:28E3H         LINE#         249
  C:28EBH         LINE#         250
  C:28EBH         LINE#         251
  C:28F5H         LINE#         252
  C:2904H         LINE#         253
  C:2906H         LINE#         254
  C:290BH         LINE#         256
  C:2914H         LINE#         257
  C:2914H         LINE#         258
  C:2924H         LINE#         259
  C:2933H         LINE#         260
  C:2935H         LINE#         261
  C:293AH         LINE#         263
  C:2943H         LINE#         264
  C:2943H         LINE#         265
  C:2953H         LINE#         266
  C:2962H         LINE#         267
  C:2964H         LINE#         268
  C:2969H         LINE#         270
  C:2972H         LINE#         271
  C:2972H         LINE#         272
  C:2982H         LINE#         273
  C:2991H         LINE#         274
BL51 BANKED LINKER/LOCATER V6.22                                                      07/03/2019  08:06:54  PAGE 14


  C:2993H         LINE#         275
  C:2998H         LINE#         277
  C:299DH         LINE#         279
  C:29A5H         LINE#         280
  C:29B7H         LINE#         282
  C:29BFH         LINE#         283
  C:29D1H         LINE#         285
  C:29D9H         LINE#         286
  C:29EBH         LINE#         288
  C:29F3H         LINE#         289
  C:2A05H         LINE#         291
  C:2A0DH         LINE#         292
  C:2A1FH         LINE#         293
  C:2A1FH         LINE#         295
  C:2A1FH         LINE#         296
  -------         ENDPROC       DISPLAY_I_CURRENT
  -------         PROC          DISPLAY_F_FREQUENCY
  -------         DO            
  D:0002H         SYMBOL        frequency_data
  -------         ENDDO         
  C:25F3H         LINE#         298
  C:25F3H         LINE#         299
  C:25F3H         LINE#         301
  C:25FAH         LINE#         302
  C:2603H         LINE#         303
  C:2603H         LINE#         304
  C:2613H         LINE#         305
  C:261DH         LINE#         306
  C:2625H         LINE#         307
  C:2625H         LINE#         308
  C:2633H         LINE#         309
  C:2642H         LINE#         310
  C:2644H         LINE#         311
  C:2649H         LINE#         313
  C:2652H         LINE#         314
  C:2652H         LINE#         315
  C:2662H         LINE#         316
  C:2671H         LINE#         317
  C:2673H         LINE#         318
  C:2678H         LINE#         320
  C:2681H         LINE#         321
  C:2681H         LINE#         322
  C:2691H         LINE#         323
  C:26A0H         LINE#         324
  C:26A2H         LINE#         325
  C:26A7H         LINE#         327
  C:26B0H         LINE#         328
  C:26B0H         LINE#         329
  C:26C0H         LINE#         330
  C:26CFH         LINE#         331
  C:26D1H         LINE#         332
  C:26D6H         LINE#         334
  C:26DBH         LINE#         336
  C:26E3H         LINE#         337
  C:26F5H         LINE#         339
  C:26FDH         LINE#         340
  C:270FH         LINE#         342
BL51 BANKED LINKER/LOCATER V6.22                                                      07/03/2019  08:06:54  PAGE 15


  C:2717H         LINE#         343
  C:2729H         LINE#         345
  C:2731H         LINE#         346
  C:2743H         LINE#         348
  C:274BH         LINE#         349
  C:275DH         LINE#         350
  C:275DH         LINE#         352
  C:275DH         LINE#         353
  -------         ENDPROC       DISPLAY_F_FREQUENCY
  -------         PROC          DISPLAY_ATMT
  -------         DO            
  D:0007H         SYMBOL        panelmode
  -------         ENDDO         
  C:3DEBH         LINE#         355
  C:3DEBH         LINE#         356
  C:3DEBH         LINE#         359
  C:3DF2H         LINE#         360
  C:3DF8H         LINE#         361
  C:3DF8H         LINE#         362
  C:3DFCH         LINE#         363
  C:3DFEH         LINE#         364
  C:3DFEH         LINE#         365
  C:3DFEH         LINE#         366
  C:3E10H         LINE#         367
  C:3E22H         LINE#         368
  C:3E22H         LINE#         369
  C:3E22H         LINE#         371
  C:3E22H         LINE#         372
  C:3E22H         LINE#         374
  C:3E22H         LINE#         375
  C:3E22H         LINE#         377
  C:3E22H         LINE#         378
  C:3E22H         LINE#         380
  C:3E2BH         LINE#         381
  C:3E34H         LINE#         382
  C:3E3DH         LINE#         383
  C:3E46H         LINE#         384
  C:3E46H         LINE#         386
  C:3E46H         LINE#         387
  -------         ENDPROC       DISPLAY_ATMT
  -------         PROC          MOTOR_DIRECTION_UPDATE
  C:49D3H         LINE#         389
  C:49D3H         LINE#         390
  C:49D3H         LINE#         391
  C:49DAH         LINE#         392
  C:49DEH         LINE#         394
  C:49E5H         LINE#         395
  -------         ENDPROC       MOTOR_DIRECTION_UPDATE
  -------         PROC          DISPLAY_PAGE00_00_PARAAREA
  C:422CH         LINE#         397
  C:422CH         LINE#         398
  C:422CH         LINE#         399
  C:423FH         LINE#         400
  C:4251H         LINE#         401
  C:4263H         LINE#         402
  -------         ENDPROC       DISPLAY_PAGE00_00_PARAAREA
  -------         PROC          DISPLAY_PAGE00_01_PARAAREA
BL51 BANKED LINKER/LOCATER V6.22                                                      07/03/2019  08:06:54  PAGE 16


  C:323AH         LINE#         405
  C:323AH         LINE#         406
  C:323AH         LINE#         407
  C:323DH         LINE#         408
  C:324FH         LINE#         409
  C:3261H         LINE#         410
  C:3273H         LINE#         411
  C:3285H         LINE#         412
  C:3297H         LINE#         413
  C:32A9H         LINE#         414
  C:32BBH         LINE#         415
  C:32CDH         LINE#         416
  -------         ENDPROC       DISPLAY_PAGE00_01_PARAAREA
  -------         PROC          DISPLAY_PAGE00_03_PARAAREA
  C:2A20H         LINE#         419
  C:2A20H         LINE#         420
  C:2A20H         LINE#         421
  C:2A31H         LINE#         422
  C:2A43H         LINE#         423
  C:2A55H         LINE#         424
  C:2A67H         LINE#         425
  C:2A79H         LINE#         426
  C:2A8BH         LINE#         427
  C:2A9DH         LINE#         428
  C:2AAFH         LINE#         430
  C:2AC1H         LINE#         431
  C:2AD3H         LINE#         432
  C:2AE5H         LINE#         433
  C:2AF7H         LINE#         434
  C:2B09H         LINE#         435
  C:2B1BH         LINE#         436
  C:2B2DH         LINE#         437
  C:2B3FH         LINE#         438
  -------         ENDPROC       DISPLAY_PAGE00_03_PARAAREA
  -------         PROC          DISPLAY_PAGE00_00_MOTORDIRT
  C:434BH         LINE#         441
  C:434BH         LINE#         442
  C:434BH         LINE#         443
  C:435CH         LINE#         444
  C:436DH         LINE#         445
  C:437EH         LINE#         446
  -------         ENDPROC       DISPLAY_PAGE00_00_MOTORDIRT
  -------         PROC          DISPLAY_PAGE00_03_CDDT
  C:438FH         LINE#         449
  C:438FH         LINE#         450
  C:438FH         LINE#         451
  C:43A0H         LINE#         452
  C:43B1H         LINE#         453
  C:43C2H         LINE#         454
  -------         ENDPROC       DISPLAY_PAGE00_03_CDDT
  -------         PROC          DISPLAY_PAGE00_01_LLSTUDY
  C:3EF7H         LINE#         457
  C:3EF7H         LINE#         458
  C:3EF7H         LINE#         459
  C:3F08H         LINE#         460
  C:3F19H         LINE#         461
  C:3F2AH         LINE#         462
BL51 BANKED LINKER/LOCATER V6.22                                                      07/03/2019  08:06:54  PAGE 17


  C:3F3BH         LINE#         463
  -------         ENDPROC       DISPLAY_PAGE00_01_LLSTUDY
  -------         PROC          DISPLAY_PAGE00_01_ULSTUDY
  C:3F4CH         LINE#         467
  C:3F4CH         LINE#         468
  C:3F4CH         LINE#         469
  C:3F5DH         LINE#         470
  C:3F6EH         LINE#         471
  C:3F7FH         LINE#         472
  C:3F90H         LINE#         473
  -------         ENDPROC       DISPLAY_PAGE00_01_ULSTUDY
  -------         PROC          DISPLAY_PAGE00_03_ZDKJ
  C:43D3H         LINE#         477
  C:43D3H         LINE#         478
  C:43D3H         LINE#         479
  C:43E4H         LINE#         480
  C:43F5H         LINE#         481
  C:4406H         LINE#         482
  -------         ENDPROC       DISPLAY_PAGE00_03_ZDKJ
  -------         PROC          DISP_PAGE_MOTORDIRTSET
  C:457CH         LINE#         486
  C:457CH         LINE#         487
  C:457CH         LINE#         488
  C:457FH         LINE#         489
  C:4582H         LINE#         490
  C:4589H         LINE#         491
  C:4590H         LINE#         492
  C:4595H         LINE#         493
  C:459AH         LINE#         494
  C:459DH         LINE#         496
  C:45A4H         LINE#         498
  C:45ABH         LINE#         500
  C:45AEH         LINE#         503
  -------         ENDPROC       DISP_PAGE_MOTORDIRTSET
  -------         PROC          DISP_PAGE_DOWNLMT_STD
  C:46B2H         LINE#         506
  C:46B2H         LINE#         507
  C:46B2H         LINE#         508
  C:46B5H         LINE#         509
  C:46B8H         LINE#         510
  C:46BFH         LINE#         512
  C:46C2H         LINE#         514
  C:46C9H         LINE#         515
  C:46CEH         LINE#         516
  C:46D3H         LINE#         518
  C:46D6H         LINE#         520
  C:46D9H         LINE#         521
  -------         ENDPROC       DISP_PAGE_DOWNLMT_STD
  -------         PROC          DISP_PAGE_UPLMT_STD
  C:46E0H         LINE#         525
  C:46E0H         LINE#         526
  C:46E0H         LINE#         527
  C:46E3H         LINE#         528
  C:46E6H         LINE#         529
  C:46EDH         LINE#         531
  C:46F0H         LINE#         533
  C:46F7H         LINE#         534
BL51 BANKED LINKER/LOCATER V6.22                                                      07/03/2019  08:06:54  PAGE 18


  C:46FCH         LINE#         535
  C:4701H         LINE#         537
  C:4704H         LINE#         539
  C:4707H         LINE#         540
  -------         ENDPROC       DISP_PAGE_UPLMT_STD
  -------         PROC          DISP_PAGE_CLOSEDOOR_DELAYT
  C:470EH         LINE#         543
  C:470EH         LINE#         544
  C:470EH         LINE#         545
  C:4711H         LINE#         546
  C:4714H         LINE#         547
  C:471BH         LINE#         548
  C:471EH         LINE#         550
  C:4725H         LINE#         551
  C:4728H         LINE#         552
  C:472DH         LINE#         553
  C:4732H         LINE#         555
  C:4735H         LINE#         556
  -------         ENDPROC       DISP_PAGE_CLOSEDOOR_DELAYT
  -------         PROC          DISP_PAGE_RUNNINGMODE
  C:4683H         LINE#         559
  C:4683H         LINE#         560
  C:4683H         LINE#         561
  C:4686H         LINE#         562
  C:468DH         LINE#         564
  C:4690H         LINE#         566
  C:4693H         LINE#         568
  C:469AH         LINE#         569
  C:469FH         LINE#         570
  C:46A4H         LINE#         573
  C:46ABH         LINE#         574
  -------         ENDPROC       DISP_PAGE_RUNNINGMODE
  -------         PROC          DISP_PAGE_01_00
  C:4793H         LINE#         579
  C:4793H         LINE#         580
  C:4793H         LINE#         581
  C:4796H         LINE#         582
  C:479DH         LINE#         584
  C:47A0H         LINE#         586
  C:47A3H         LINE#         587
  C:47AAH         LINE#         589
  C:47B1H         LINE#         590
  C:47B6H         LINE#         591
  -------         ENDPROC       DISP_PAGE_01_00
  -------         PROC          DISP_PAGE_01_01
  C:47BBH         LINE#         597
  C:47BBH         LINE#         598
  C:47BBH         LINE#         599
  C:47BEH         LINE#         600
  C:47C5H         LINE#         602
  C:47C8H         LINE#         604
  C:47CBH         LINE#         605
  C:47D2H         LINE#         607
  C:47D9H         LINE#         608
  C:47DEH         LINE#         609
  -------         ENDPROC       DISP_PAGE_01_01
  -------         PROC          DISP_PAGE_01_02
BL51 BANKED LINKER/LOCATER V6.22                                                      07/03/2019  08:06:54  PAGE 19


  C:47E3H         LINE#         614
  C:47E3H         LINE#         615
  C:47E3H         LINE#         616
  C:47E6H         LINE#         617
  C:47EDH         LINE#         619
  C:47F0H         LINE#         621
  C:47F3H         LINE#         622
  C:47FAH         LINE#         624
  C:4801H         LINE#         625
  C:4806H         LINE#         626
  -------         ENDPROC       DISP_PAGE_01_02
  -------         PROC          DISP_PAGE_01_03
  C:480BH         LINE#         629
  C:480BH         LINE#         630
  C:480BH         LINE#         631
  C:480EH         LINE#         632
  C:4815H         LINE#         634
  C:4818H         LINE#         636
  C:481BH         LINE#         637
  C:4822H         LINE#         639
  C:4829H         LINE#         640
  C:482EH         LINE#         641
  -------         ENDPROC       DISP_PAGE_01_03
  -------         PROC          _LCD_DIAPLAY_PAGE
  X:0BA5H         SYMBOL        page
  X:0BA6H         SYMBOL        level
  C:3FA1H         LINE#         645
  C:3FA9H         LINE#         646
  C:3FA9H         LINE#         647
  C:3FACH         LINE#         648
  C:3FB2H         LINE#         649
  C:3FB2H         LINE#         650
  C:3FC1H         LINE#         651
  C:3FC1H         LINE#         652
  C:3FC6H         LINE#         653
  C:3FCBH         LINE#         654
  C:3FD0H         LINE#         655
  C:3FD3H         LINE#         656
  C:3FD3H         LINE#         657
  C:3FD3H         LINE#         658
  C:3FD3H         LINE#         660
  C:3FD3H         LINE#         661
  C:3FDAH         LINE#         662
  C:3FDAH         LINE#         663
  C:3FE9H         LINE#         664
  C:3FE9H         LINE#         665
  C:3FECH         LINE#         666
  C:3FEFH         LINE#         667
  C:3FF2H         LINE#         668
  C:3FF5H         LINE#         669
  C:3FF5H         LINE#         670
  C:3FF5H         LINE#         671
  C:3FF5H         LINE#         673
  C:3FF5H         LINE#         674
  -------         ENDPROC       _LCD_DIAPLAY_PAGE
  -------         ENDMOD        HMI

BL51 BANKED LINKER/LOCATER V6.22                                                      07/03/2019  08:06:54  PAGE 20


  -------         MODULE        APPLICATION
  C:0000H         SYMBOL        _ICE_DUMMY_
  X:07BAH         PUBLIC        K4
  X:07BDH         PUBLIC        K5
  D:0080H         PUBLIC        P0
  D:0090H         PUBLIC        P1
  X:07C0H         PUBLIC        KeyInCurr
  D:00A0H         PUBLIC        P2
  X:07C5H         PUBLIC        KeyInPrev
  D:00B0H         PUBLIC        P3
  X:07CAH         PUBLIC        T10ms_Count
  D:00C0H         PUBLIC        P4
  C:3C4FH         PUBLIC        AppFunRun
  D:00C8H         PUBLIC        P5
  C:3961H         PUBLIC        System_Study
  D:00E8H         PUBLIC        P6
  D:00F8H         PUBLIC        P7
  X:07CBH         PUBLIC        Page_New
  X:07CCH         PUBLIC        A_GNT
  D:00A8H         PUBLIC        IE
  B:0080H.6       PUBLIC        KEY_Up
  X:07CDH         PUBLIC        CCMD
  D:00B8H         PUBLIC        IP
  X:07CEH         PUBLIC        SetGetInterval
  B:0090H.0       PUBLIC        KEY1
  B:0080H.7       PUBLIC        KEY2
  C:3AEDH         PUBLIC        _DisplayOperationStatus
  X:07CFH         PUBLIC        POS_StudyFinished
  C:1958H         PUBLIC        KeyIn_Check
  D:00D8H         PUBLIC        CCON
  C:30DBH         PUBLIC        _GetDataFromMaster
  X:07D0H         PUBLIC        system_run_enable
  C:38DBH         PUBLIC        Key1_response
  C:3BE1H         PUBLIC        Key2_response
  C:4A09H         PUBLIC        Key3_response
  X:07D1H         PUBLIC        T100ms_Count
  C:4A55H         PUBLIC        Key4_response
  D:0098H         PUBLIC        SCON
  C:4A56H         PUBLIC        Key5_response
  C:008AH         PUBLIC        Vendor_Setting
  D:0088H         PUBLIC        TCON
  C:4906H         PUBLIC        _DummySingleFrameTestDataGenerate
  X:07D2H         PUBLIC        testNwData1
  X:0837H         PUBLIC        KeyinTime1
  X:0839H         PUBLIC        KeyinTime2
  X:083BH         PUBLIC        KeyinTime3
  X:083DH         PUBLIC        KeyinTime4
  X:083FH         PUBLIC        KeyinTime5
  C:495AH         PUBLIC        KeyStatusInit
  C:48A6H         PUBLIC        System_Running
  C:4A37H         PUBLIC        _SysMode_Set
  X:0841H         PUBLIC        RD_FinishFlag
  C:49F9H         PUBLIC        SysStatusInit
  X:0842H         PUBLIC        DataBufH
  B:0080H.4       PUBLIC        KEY_Down
  C:000AH         PUBLIC        User_Setting
  X:0843H         PUBLIC        T1s_Count
BL51 BANKED LINKER/LOCATER V6.22                                                      07/03/2019  08:06:54  PAGE 21


  X:0844H         PUBLIC        testSetNwData1
  X:08A9H         PUBLIC        DataBufL
  B:0080H.5       PUBLIC        KEY_Stop
  C:498EH         PUBLIC        ClrRdParameters
  D:00D0H         PUBLIC        PSW
  X:08AAH         PUBLIC        K1
  X:08ADH         PUBLIC        K2
  X:08B0H         PUBLIC        K3
  -------         PROC          SYSSTATUSINIT
  X:0752H         SYMBOL        SysS1
  C:49F9H         LINE#         35
  C:49F9H         LINE#         36
  C:49F9H         LINE#         37
  C:49FEH         LINE#         38
  C:4A00H         LINE#         39
  C:4A02H         LINE#         40
  C:4A04H         LINE#         41
  C:4A06H         LINE#         42
  C:4A08H         LINE#         43
  -------         ENDPROC       SYSSTATUSINIT
  -------         PROC          KEYSTATUSINIT
  C:495AH         LINE#         45
  C:495AH         LINE#         46
  C:495AH         LINE#         47
  C:495FH         LINE#         48
  C:4961H         LINE#         49
  C:4963H         LINE#         50
  C:4965H         LINE#         51
  C:4967H         LINE#         53
  C:496BH         LINE#         54
  C:496DH         LINE#         55
  C:496FH         LINE#         56
  C:4971H         LINE#         57
  C:4973H         LINE#         58
  -------         ENDPROC       KEYSTATUSINIT
  -------         PROC          _DUMMYSINGLEFRAMETESTDATAGENERATE
  D:0007H         SYMBOL        addrL
  D:0005H         SYMBOL        addrH
  D:0003H         SYMBOL        opDataL
  X:0B91H         SYMBOL        opDataH
  C:4906H         LINE#         60
  C:4906H         LINE#         61
  C:4906H         LINE#         62
  C:490CH         LINE#         63
  C:4912H         LINE#         64
  C:4915H         LINE#         65
  C:4918H         LINE#         66
  C:491BH         LINE#         67
  C:4923H         LINE#         68
  -------         ENDPROC       _DUMMYSINGLEFRAMETESTDATAGENERATE
  -------         PROC          SYSTEM_STUDY
  C:3961H         LINE#         70
  C:3961H         LINE#         71
  C:3961H         LINE#         72
  C:3972H         LINE#         73
  C:3972H         LINE#         75
  C:3972H         LINE#         76
BL51 BANKED LINKER/LOCATER V6.22                                                      07/03/2019  08:06:54  PAGE 22


  C:3978H         LINE#         77
  C:3978H         LINE#         78
  C:397DH         LINE#         79
  C:3982H         LINE#         80
  C:3985H         LINE#         81
  C:3985H         LINE#         82
  C:3987H         LINE#         84
  C:3987H         LINE#         85
  C:398CH         LINE#         86
  C:398FH         LINE#         87
  C:398FH         LINE#         88
  C:398FH         LINE#         89
  C:398FH         LINE#         90
  C:3995H         LINE#         91
  C:3995H         LINE#         92
  C:399BH         LINE#         93
  C:399EH         LINE#         94
  C:399EH         LINE#         95
  C:39A0H         LINE#         103
  C:39A0H         LINE#         104
  C:39A6H         LINE#         105
  C:39A6H         LINE#         106
  C:39ACH         LINE#         107
  C:39AFH         LINE#         108
  C:39AFH         LINE#         109
  C:39B1H         LINE#         111
  C:39B1H         LINE#         112
  C:39B6H         LINE#         113
  C:39B9H         LINE#         114
  C:39BCH         LINE#         115
  C:39BCH         LINE#         116
  C:39BCH         LINE#         117
  C:39BCH         LINE#         118
  C:39C2H         LINE#         119
  C:39C2H         LINE#         120
  C:39C8H         LINE#         121
  C:39CBH         LINE#         122
  C:39D0H         LINE#         123
  C:39D1H         LINE#         125
  C:39D1H         LINE#         126
  C:39D6H         LINE#         127
  C:39D9H         LINE#         128
  C:39DCH         LINE#         129
  C:39DFH         LINE#         130
  C:39DFH         LINE#         131
  C:39DFH         LINE#         149
  C:39DFH         LINE#         150
  C:39DFH         LINE#         151
  C:39E4H         LINE#         152
  C:39E4H         LINE#         153
  C:39E4H         LINE#         154
  -------         ENDPROC       SYSTEM_STUDY
  -------         PROC          SYSTEM_RUNNING
  C:48A6H         LINE#         156
  C:48A6H         LINE#         157
  C:48A6H         LINE#         158
  C:48ACH         LINE#         159
BL51 BANKED LINKER/LOCATER V6.22                                                      07/03/2019  08:06:54  PAGE 23


  C:48ACH         LINE#         161
  C:48AFH         LINE#         162
  C:48B4H         LINE#         163
  C:48B5H         LINE#         165
  C:48B5H         LINE#         166
  C:48BAH         LINE#         167
  C:48BDH         LINE#         168
  C:48C0H         LINE#         169
  C:48C3H         LINE#         170
  C:48C6H         LINE#         171
  C:48C6H         LINE#         172
  -------         ENDPROC       SYSTEM_RUNNING
  -------         PROC          USER_SETTING
  C:000AH         LINE#         174
  C:000AH         LINE#         175
  C:000AH         LINE#         177
  -------         ENDPROC       USER_SETTING
  -------         PROC          VENDOR_SETTING
  C:008AH         LINE#         179
  C:008AH         LINE#         180
  C:008AH         LINE#         182
  -------         ENDPROC       VENDOR_SETTING
  -------         PROC          KEYIN_CHECK
  C:1958H         LINE#         184
  C:1958H         LINE#         185
  C:1958H         LINE#         186
  C:1961H         LINE#         187
  C:1967H         LINE#         188
  C:1967H         LINE#         189
  C:196EH         LINE#         190
  C:196EH         LINE#         192
  C:1973H         LINE#         193
  C:1978H         LINE#         194
  C:197AH         LINE#         196
  C:197AH         LINE#         198
  C:197FH         LINE#         199
  C:197FH         LINE#         200
  C:1981H         LINE#         202
  C:1981H         LINE#         203
  C:1987H         LINE#         204
  C:1987H         LINE#         206
  C:198BH         LINE#         207
  C:1992H         LINE#         208
  C:1992H         LINE#         209
  C:1995H         LINE#         210
  C:1996H         LINE#         211
  C:1998H         LINE#         213
  C:1998H         LINE#         214
  C:1998H         LINE#         216
  C:1998H         LINE#         218
  C:199EH         LINE#         219
  C:19A2H         LINE#         220
  C:19A2H         LINE#         221
  C:19A2H         LINE#         223
  C:19ABH         LINE#         224
  C:19B1H         LINE#         225
  C:19B1H         LINE#         226
BL51 BANKED LINKER/LOCATER V6.22                                                      07/03/2019  08:06:54  PAGE 24


  C:19B8H         LINE#         227
  C:19B8H         LINE#         229
  C:19BDH         LINE#         230
  C:19C2H         LINE#         231
  C:19C4H         LINE#         233
  C:19C4H         LINE#         235
  C:19C9H         LINE#         236
  C:19C9H         LINE#         237
  C:19CBH         LINE#         239
  C:19CBH         LINE#         240
  C:19D1H         LINE#         241
  C:19D1H         LINE#         243
  C:19D5H         LINE#         244
  C:19DCH         LINE#         245
  C:19DCH         LINE#         246
  C:19DFH         LINE#         247
  C:19E0H         LINE#         248
  C:19E2H         LINE#         250
  C:19E2H         LINE#         251
  C:19E2H         LINE#         253
  C:19E2H         LINE#         255
  C:19E8H         LINE#         256
  C:19ECH         LINE#         257
  C:19ECH         LINE#         258
  C:19ECH         LINE#         260
  C:19F5H         LINE#         261
  C:19FBH         LINE#         262
  C:19FBH         LINE#         263
  C:1A02H         LINE#         264
  C:1A02H         LINE#         266
  C:1A07H         LINE#         267
  C:1A0CH         LINE#         268
  C:1A0FH         LINE#         270
  C:1A0FH         LINE#         272
  C:1A14H         LINE#         273
  C:1A14H         LINE#         274
  C:1A17H         LINE#         276
  C:1A17H         LINE#         277
  C:1A1DH         LINE#         278
  C:1A1DH         LINE#         280
  C:1A21H         LINE#         281
  C:1A29H         LINE#         282
  C:1A29H         LINE#         283
  C:1A2CH         LINE#         284
  C:1A31H         LINE#         285
  C:1A33H         LINE#         287
  C:1A33H         LINE#         288
  C:1A33H         LINE#         290
  C:1A33H         LINE#         292
  C:1A39H         LINE#         293
  C:1A3DH         LINE#         294
  C:1A45H         LINE#         295
  C:1A45H         LINE#         296
  C:1A4BH         LINE#         297
  C:1A50H         LINE#         298
  C:1A50H         LINE#         300
  C:1A54H         LINE#         301
BL51 BANKED LINKER/LOCATER V6.22                                                      07/03/2019  08:06:54  PAGE 25


  C:1A59H         LINE#         302
  C:1A5FH         LINE#         303
  C:1A64H         LINE#         304
  C:1A94H         LINE#         305
  C:1A99H         LINE#         306
  C:1A99H         LINE#         308
  C:1A99H         LINE#         309
  C:1A99H         LINE#         311
  C:1A99H         LINE#         313
  C:1A99H         LINE#         314
  C:1A99H         LINE#         316
  C:1AA2H         LINE#         317
  C:1AA8H         LINE#         318
  C:1AA8H         LINE#         319
  C:1AAFH         LINE#         320
  C:1AAFH         LINE#         322
  C:1AB4H         LINE#         323
  C:1AB9H         LINE#         324
  C:1ABCH         LINE#         326
  C:1ABCH         LINE#         328
  C:1AC1H         LINE#         329
  C:1AC1H         LINE#         330
  C:1AC4H         LINE#         332
  C:1AC4H         LINE#         333
  C:1ACAH         LINE#         334
  C:1ACAH         LINE#         336
  C:1ACEH         LINE#         337
  C:1AD6H         LINE#         338
  C:1AD6H         LINE#         339
  C:1AD9H         LINE#         340
  C:1ADEH         LINE#         341
  C:1AE0H         LINE#         343
  C:1AE0H         LINE#         344
  C:1AE0H         LINE#         346
  C:1AE0H         LINE#         348
  C:1AE6H         LINE#         349
  C:1AEAH         LINE#         350
  C:1AF8H         LINE#         351
  C:1AF8H         LINE#         352
  C:1AFEH         LINE#         353
  C:1B03H         LINE#         354
  C:1B03H         LINE#         355
  C:1B07H         LINE#         356
  C:1B0DH         LINE#         357
  C:1B13H         LINE#         358
  C:1B18H         LINE#         359
  C:1B48H         LINE#         361
  C:1B4DH         LINE#         362
  C:1B4DH         LINE#         364
  C:1B4DH         LINE#         365
  C:1B4DH         LINE#         367
  C:1B4DH         LINE#         368
  C:1B4DH         LINE#         369
  C:1B4DH         LINE#         371
  C:1B56H         LINE#         372
  C:1B5CH         LINE#         373
  C:1B5CH         LINE#         374
BL51 BANKED LINKER/LOCATER V6.22                                                      07/03/2019  08:06:54  PAGE 26


  C:1B63H         LINE#         375
  C:1B63H         LINE#         377
  C:1B68H         LINE#         378
  C:1B6DH         LINE#         379
  C:1B6EH         LINE#         381
  C:1B6EH         LINE#         383
  C:1B73H         LINE#         384
  C:1B73H         LINE#         385
  C:1B74H         LINE#         387
  C:1B74H         LINE#         388
  C:1B7AH         LINE#         389
  C:1B7AH         LINE#         391
  C:1B7EH         LINE#         392
  C:1B86H         LINE#         393
  C:1B86H         LINE#         394
  C:1B89H         LINE#         395
  C:1B8EH         LINE#         396
  C:1B8FH         LINE#         398
  C:1B8FH         LINE#         399
  C:1B8FH         LINE#         401
  C:1B8FH         LINE#         403
  C:1B95H         LINE#         404
  C:1B99H         LINE#         405
  C:1BA1H         LINE#         406
  C:1BA1H         LINE#         407
  C:1BA7H         LINE#         408
  C:1BACH         LINE#         409
  C:1BACH         LINE#         410
  C:1BB0H         LINE#         411
  C:1BB6H         LINE#         412
  C:1BBCH         LINE#         413
  C:1BC1H         LINE#         414
  C:1BF1H         LINE#         415
  C:1BF6H         LINE#         416
  C:1BF6H         LINE#         418
  C:1BF6H         LINE#         419
  C:1BF6H         LINE#         421
  C:1BF6H         LINE#         422
  C:1BF6H         LINE#         423
  C:1BF6H         LINE#         424
  -------         ENDPROC       KEYIN_CHECK
  -------         PROC          KEY1_RESPONSE
  C:38DBH         LINE#         427
  C:38DBH         LINE#         428
  C:38DBH         LINE#         429
  C:38E1H         LINE#         430
  C:38E1H         LINE#         431
  C:38F3H         LINE#         432
  C:38F3H         LINE#         433
  C:38F3H         LINE#         434
  C:38FBH         LINE#         435
  C:38FBH         LINE#         436
  C:38FDH         LINE#         438
  C:38FFH         LINE#         439
  C:3902H         LINE#         440
  C:3902H         LINE#         441
  C:3907H         LINE#         443
BL51 BANKED LINKER/LOCATER V6.22                                                      07/03/2019  08:06:54  PAGE 27


  C:3907H         LINE#         444
  C:3909H         LINE#         445
  C:3909H         LINE#         449
  C:3909H         LINE#         453
  C:3909H         LINE#         454
  C:3909H         LINE#         455
  C:3909H         LINE#         456
  C:3909H         LINE#         457
  C:390FH         LINE#         459
  C:3915H         LINE#         460
  C:3915H         LINE#         461
  C:3915H         LINE#         462
  C:3915H         LINE#         463
  C:3915H         LINE#         464
  C:391CH         LINE#         465
  C:391CH         LINE#         466
  C:391EH         LINE#         467
  C:3922H         LINE#         468
  C:3926H         LINE#         469
  C:392BH         LINE#         470
  C:392BH         LINE#         471
  C:3932H         LINE#         472
  C:3932H         LINE#         473
  C:3935H         LINE#         474
  C:3939H         LINE#         475
  C:393FH         LINE#         476
  C:3945H         LINE#         477
  C:3945H         LINE#         478
  C:394CH         LINE#         479
  C:394CH         LINE#         480
  C:394FH         LINE#         481
  C:3954H         LINE#         482
  C:395AH         LINE#         483
  C:3960H         LINE#         484
  C:3960H         LINE#         485
  -------         ENDPROC       KEY1_RESPONSE
  -------         PROC          KEY2_RESPONSE
  C:3BE1H         LINE#         487
  C:3BE1H         LINE#         488
  C:3BE1H         LINE#         489
  C:3BE7H         LINE#         490
  C:3BE7H         LINE#         491
  C:3BEBH         LINE#         492
  C:3BF1H         LINE#         493
  C:3BF8H         LINE#         494
  C:3BF8H         LINE#         495
  C:3BFEH         LINE#         496
  C:3C02H         LINE#         497
  C:3C06H         LINE#         498
  C:3C0CH         LINE#         499
  C:3C0CH         LINE#         501
  C:3C0CH         LINE#         502
  C:3C0CH         LINE#         503
  C:3C0CH         LINE#         504
  C:3C0CH         LINE#         517
  C:3C0CH         LINE#         518
  C:3C13H         LINE#         519
BL51 BANKED LINKER/LOCATER V6.22                                                      07/03/2019  08:06:54  PAGE 28


  C:3C13H         LINE#         521
  C:3C17H         LINE#         523
  C:3C1BH         LINE#         524
  C:3C1BH         LINE#         525
  C:3C21H         LINE#         526
  C:3C27H         LINE#         527
  C:3C2DH         LINE#         528
  C:3C2DH         LINE#         530
  C:3C2DH         LINE#         531
  C:3C2DH         LINE#         532
  C:3C34H         LINE#         533
  C:3C34H         LINE#         534
  C:3C38H         LINE#         536
  C:3C3CH         LINE#         537
  C:3C3CH         LINE#         538
  C:3C42H         LINE#         539
  C:3C48H         LINE#         540
  C:3C4EH         LINE#         541
  C:3C4EH         LINE#         543
  C:3C4EH         LINE#         544
  C:3C4EH         LINE#         546
  C:3C4EH         LINE#         547
  -------         ENDPROC       KEY2_RESPONSE
  -------         PROC          KEY3_RESPONSE
  C:4A09H         LINE#         549
  C:4A09H         LINE#         550
  C:4A09H         LINE#         551
  C:4A13H         LINE#         552
  C:4A13H         LINE#         553
  C:4A13H         LINE#         554
  C:4A13H         LINE#         556
  C:4A13H         LINE#         558
  C:4A13H         LINE#         560
  C:4A13H         LINE#         562
  C:4A13H         LINE#         564
  C:4A13H         LINE#         565
  C:4A13H         LINE#         567
  C:4A13H         LINE#         569
  C:4A18H         LINE#         570
  C:4A18H         LINE#         571
  C:4A18H         LINE#         572
  C:4A18H         LINE#         597
  -------         ENDPROC       KEY3_RESPONSE
  -------         PROC          KEY4_RESPONSE
  C:4A55H         LINE#         599
  C:4A55H         LINE#         600
  C:4A55H         LINE#         601
  C:4A55H         LINE#         602
  C:4A55H         LINE#         603
  C:4A55H         LINE#         604
  C:4A55H         LINE#         606
  C:4A55H         LINE#         608
  C:4A55H         LINE#         610
  C:4A55H         LINE#         611
  C:4A55H         LINE#         613
  C:4A55H         LINE#         614
  C:4A55H         LINE#         616
BL51 BANKED LINKER/LOCATER V6.22                                                      07/03/2019  08:06:54  PAGE 29


  C:4A55H         LINE#         618
  C:4A55H         LINE#         620
  C:4A55H         LINE#         621
  C:4A55H         LINE#         638
  -------         ENDPROC       KEY4_RESPONSE
  -------         PROC          KEY5_RESPONSE
  C:4A56H         LINE#         640
  C:4A56H         LINE#         641
  C:4A56H         LINE#         642
  C:4A56H         LINE#         643
  C:4A56H         LINE#         644
  C:4A56H         LINE#         645
  C:4A56H         LINE#         647
  C:4A56H         LINE#         649
  C:4A56H         LINE#         651
  C:4A56H         LINE#         652
  C:4A56H         LINE#         654
  C:4A56H         LINE#         655
  C:4A56H         LINE#         657
  C:4A56H         LINE#         659
  C:4A56H         LINE#         660
  C:4A56H         LINE#         661
  C:4A56H         LINE#         678
  -------         ENDPROC       KEY5_RESPONSE
  -------         PROC          _DISPLAYOPERATIONSTATUS
  X:0BAAH         SYMBOL        x
  C:3AEDH         LINE#         680
  C:3AF2H         LINE#         681
  C:3AF2H         LINE#         682
  C:3AF5H         LINE#         683
  C:3AF5H         LINE#         684
  C:3B07H         LINE#         685
  C:3B19H         LINE#         686
  C:3B19H         LINE#         687
  C:3B20H         LINE#         688
  C:3B20H         LINE#         689
  C:3B32H         LINE#         690
  C:3B44H         LINE#         691
  C:3B44H         LINE#         692
  C:3B4BH         LINE#         693
  C:3B4BH         LINE#         694
  C:3B5DH         LINE#         695
  C:3B6FH         LINE#         696
  C:3B6FH         LINE#         697
  -------         ENDPROC       _DISPLAYOPERATIONSTATUS
  -------         PROC          _SYSMODE_SET
  D:0007H         SYMBOL        x
  C:4A37H         LINE#         699
  C:4A37H         LINE#         700
  C:4A37H         LINE#         701
  C:4A3CH         LINE#         702
  -------         ENDPROC       _SYSMODE_SET
  -------         PROC          CLRRDPARAMETERS
  C:498EH         LINE#         704
  C:498EH         LINE#         705
  C:498EH         LINE#         706
  C:4993H         LINE#         707
BL51 BANKED LINKER/LOCATER V6.22                                                      07/03/2019  08:06:54  PAGE 30


  C:4997H         LINE#         708
  C:499DH         LINE#         709
  C:49A2H         LINE#         710
  C:49A6H         LINE#         711
  -------         ENDPROC       CLRRDPARAMETERS
  -------         PROC          _GETDATAFROMMASTER
  X:0BA7H         SYMBOL        DaddrH
  X:0BA8H         SYMBOL        DaddrL
  C:30DBH         LINE#         713
  C:30E3H         LINE#         714
  C:30E3H         LINE#         715
  C:30ECH         LINE#         716
  C:30ECH         LINE#         717
  C:30F2H         LINE#         718
  C:30F2H         LINE#         719
  C:30F5H         LINE#         720
  C:312EH         LINE#         721
  C:3134H         LINE#         722
  C:3135H         LINE#         724
  C:3135H         LINE#         725
  C:316EH         LINE#         726
  C:3177H         LINE#         727
  C:317EH         LINE#         729
  C:3184H         LINE#         730
  C:3188H         LINE#         731
  C:318BH         LINE#         733
  C:318BH         LINE#         734
  C:318BH         LINE#         736
  C:318BH         LINE#         737
  C:318BH         LINE#         739
  C:3190H         LINE#         743
  -------         ENDPROC       _GETDATAFROMMASTER
  -------         PROC          APPFUNRUN
  C:3C4FH         LINE#         747
  C:3C4FH         LINE#         748
  C:3C4FH         LINE#         749
  C:3C55H         LINE#         750
  C:3C55H         LINE#         751
  C:3C5CH         LINE#         752
  C:3C62H         LINE#         753
  C:3C62H         LINE#         754
  C:3C69H         LINE#         755
  C:3C69H         LINE#         756
  C:3C6FH         LINE#         757
  C:3C71H         LINE#         759
  C:3C76H         LINE#         760
  C:3C76H         LINE#         761
  C:3C78H         LINE#         763
  C:3C7DH         LINE#         764
  C:3C7FH         LINE#         766
  C:3C85H         LINE#         767
  C:3C8BH         LINE#         768
  C:3C8BH         LINE#         769
  C:3C91H         LINE#         770
  C:3C91H         LINE#         771
  C:3CA0H         LINE#         772
  C:3CA0H         LINE#         773
BL51 BANKED LINKER/LOCATER V6.22                                                      07/03/2019  08:06:54  PAGE 31


  C:3CA0H         LINE#         774
  C:3CA3H         LINE#         775
  C:3CA5H         LINE#         776
  C:3CA5H         LINE#         777
  C:3CA8H         LINE#         778
  C:3CAAH         LINE#         779
  C:3CAAH         LINE#         780
  C:3CADH         LINE#         781
  C:3CAFH         LINE#         782
  C:3CAFH         LINE#         783
  C:3CAFH         LINE#         784
  C:3CAFH         LINE#         786
  C:3CAFH         LINE#         787
  C:3CB4H         LINE#         788
  C:3CB7H         LINE#         789
  C:3CB7H         LINE#         790
  C:3CBAH         LINE#         791
  C:3CBAH         LINE#         793
  C:3CBAH         LINE#         794
  -------         ENDPROC       APPFUNRUN
  -------         ENDMOD        APPLICATION

  -------         MODULE        CRC
  C:0000H         SYMBOL        _ICE_DUMMY_
  C:37BFH         PUBLIC        _crc16bitbybit
  X:02D0H         PUBLIC        polynom
  X:02D2H         PUBLIC        crctablehi
  X:03D2H         PUBLIC        crctablelo
  C:3E47H         PUBLIC        _crc16table
  C:32DFH         PUBLIC        _Crc16RtuCal
  C:2E3CH         PUBLIC        _crc16tablefast
  X:04D2H         PUBLIC        crctalbeabs
  -------         PROC          _CRC16RTUCAL
  X:071BH         SYMBOL        pDataValue
  X:071EH         SYMBOL        uiDataLen
  -------         DO            
  X:0720H         SYMBOL        i
  X:0722H         SYMBOL        uiCrcValue
  -------         ENDDO         
  C:32DFH         LINE#         6
  C:32F0H         LINE#         7
  C:32F0H         LINE#         9
  C:32F8H         LINE#         10
  C:3306H         LINE#         11
  C:3306H         LINE#         12
  C:3323H         LINE#         13
  C:333BH         LINE#         14
  C:333BH         LINE#         15
  C:3346H         LINE#         16
  C:3346H         LINE#         17
  C:335DH         LINE#         18
  C:335FH         LINE#         20
  C:335FH         LINE#         21
  C:336AH         LINE#         22
  C:336AH         LINE#         23
  C:337AH         LINE#         24
  C:337AH         LINE#         25
BL51 BANKED LINKER/LOCATER V6.22                                                      07/03/2019  08:06:54  PAGE 32


  C:3382H         LINE#         26
  -------         ENDPROC       _CRC16RTUCAL
  -------         PROC          _CRC16BITBYBIT
  D:0001H         SYMBOL        ptr
  X:0B7FH         SYMBOL        len
  -------         DO            
  X:0B81H         SYMBOL        i
  X:0B82H         SYMBOL        crc
  -------         ENDDO         
  C:37BFH         LINE#         28
  C:37C7H         LINE#         29
  C:37C7H         LINE#         31
  C:37CFH         LINE#         33
  C:37D3H         LINE#         34
  C:37DAH         LINE#         35
  C:37DAH         LINE#         36
  C:37E8H         LINE#         37
  C:37F5H         LINE#         38
  C:37FAH         LINE#         39
  C:37FAH         LINE#         40
  C:3805H         LINE#         41
  C:3814H         LINE#         42
  C:3826H         LINE#         43
  C:3828H         LINE#         44
  C:3828H         LINE#         45
  C:3833H         LINE#         46
  C:3833H         LINE#         47
  C:383DH         LINE#         48
  C:3844H         LINE#         49
  C:3846H         LINE#         50
  C:384EH         LINE#         51
  -------         ENDPROC       _CRC16BITBYBIT
  -------         PROC          _CRC16TABLE
  X:0B84H         SYMBOL        ptr
[...]
  C:48FEH         LINE#         125
  C:48FEH         LINE#         126
  C:4901H         LINE#         127
  C:4903H         LINE#         128
  C:4905H         LINE#         129
  -------         ENDPROC       _SEND_DATA_LCD
  -------         PROC          INIT_LCD
  C:2B51H         LINE#         131
  C:2B51H         LINE#         132
  C:2B51H         LINE#         133
  C:2B53H         LINE#         134
  C:2B55H         LINE#         135
  C:2B5CH         LINE#         136
  C:2B5EH         LINE#         137
  C:2B61H         LINE#         138
  C:2B66H         LINE#         139
  C:2B6BH         LINE#         140
  C:2B70H         LINE#         141
  C:2B75H         LINE#         142
  C:2B7AH         LINE#         143
  C:2B7FH         LINE#         144
  C:2B84H         LINE#         145
  C:2B89H         LINE#         146
  C:2B8EH         LINE#         147
  C:2B93H         LINE#         148
  C:2B98H         LINE#         150
  C:2B9DH         LINE#         151
  C:2BA2H         LINE#         152
  C:2BA7H         LINE#         153
  C:2BACH         LINE#         154
  C:2BB1H         LINE#         155
  C:2BB6H         LINE#         156
  C:2BBBH         LINE#         157
  C:2BC0H         LINE#         158
  C:2BC5H         LINE#         159
  C:2BCAH         LINE#         160
  C:2BCFH         LINE#         161
  C:2BD4H         LINE#         162
  C:2BD9H         LINE#         163
  C:2BDEH         LINE#         164
  C:2BE0H         LINE#         165
  C:2BE3H         LINE#         166
  C:2BE8H         LINE#         168
  C:2BEDH         LINE#         169
  C:2BF2H         LINE#         170
  C:2BF7H         LINE#         171
  C:2BFCH         LINE#         172
  C:2C01H         LINE#         173
  C:2C06H         LINE#         174
  C:2C0BH         LINE#         175
  C:2C10H         LINE#         176
  C:2C15H         LINE#         177
  C:2C1AH         LINE#         178
  C:2C1FH         LINE#         179
  C:2C24H         LINE#         180
BL51 BANKED LINKER/LOCATER V6.22                                                      07/03/2019  08:06:54  PAGE 59


  C:2C29H         LINE#         181
  C:2C2EH         LINE#         183
  C:2C33H         LINE#         185
  C:2C38H         LINE#         186
  C:2C3DH         LINE#         187
  C:2C42H         LINE#         188
  C:2C47H         LINE#         189
  C:2C4EH         LINE#         190
  -------         ENDPROC       INIT_LCD
  -------         PROC          _LCD_ADDRESS
  X:0754H         SYMBOL        x
  X:0755H         SYMBOL        y
  X:0756H         SYMBOL        x_total
  X:0758H         SYMBOL        y_total
  C:404BH         LINE#         194
  C:4059H         LINE#         195
  C:4059H         LINE#         196
  C:405FH         LINE#         197
  C:4064H         LINE#         198
  C:4069H         LINE#         199
  C:4071H         LINE#         200
  C:4081H         LINE#         201
  C:4086H         LINE#         202
  C:408CH         LINE#         203
  C:4098H         LINE#         204
  C:409BH         LINE#         205
  -------         ENDPROC       _LCD_ADDRESS
  -------         PROC          _SET_LCD_DISP_AREA
  X:0B79H         SYMBOL        Column
  X:0B7AH         SYMBOL        Page
  X:0B7BH         SYMBOL        Column_Total
  X:0B7DH         SYMBOL        Page_Total
  C:3D8EH         LINE#         209
  C:3D9CH         LINE#         210
  C:3D9CH         LINE#         211
  C:3DA2H         LINE#         212
  C:3DA7H         LINE#         213
  C:3DACH         LINE#         214
  C:3DB4H         LINE#         215
  C:3DC0H         LINE#         216
  C:3DC3H         LINE#         217
  C:3DC8H         LINE#         218
  C:3DCDH         LINE#         219
  C:3DD3H         LINE#         220
  C:3DDFH         LINE#         221
  C:3DE2H         LINE#         222
  C:3DE3H         LINE#         223
  C:3DE6H         LINE#         224
  -------         ENDPROC       _SET_LCD_DISP_AREA
  -------         PROC          CLEAR_SCREEN
  -------         DO            
  X:0752H         SYMBOL        i
  X:0753H         SYMBOL        j
  -------         ENDDO         
  C:4493H         LINE#         228
  C:4493H         LINE#         229
  C:4493H         LINE#         231
BL51 BANKED LINKER/LOCATER V6.22                                                      07/03/2019  08:06:54  PAGE 60


  C:44A6H         LINE#         232
  C:44ABH         LINE#         233
  C:44ABH         LINE#         234
  C:44B0H         LINE#         235
  C:44B0H         LINE#         236
  C:44B5H         LINE#         237
  C:44C1H         LINE#         238
  C:44CDH         LINE#         239
  -------         ENDPROC       CLEAR_SCREEN
  -------         PROC          _DISPLAY_8X8
  D:0007H         SYMBOL        column
  D:0005H         SYMBOL        page
  X:0B96H         SYMBOL        text
  -------         DO            
  X:0B99H         SYMBOL        i
  -------         ENDDO         
  C:42BEH         LINE#         241
  C:42C9H         LINE#         242
  C:42C9H         LINE#         244
  C:42D8H         LINE#         245
  C:42DDH         LINE#         246
  C:42DDH         LINE#         247
  C:42EFH         LINE#         248
  C:42F9H         LINE#         249
  C:4305H         LINE#         250
  -------         ENDPROC       _DISPLAY_8X8
  -------         PROC          _DISPLAY_8X1
  D:0007H         SYMBOL        column
  D:0005H         SYMBOL        page
  X:0BABH         SYMBOL        text
  C:493FH         LINE#         252
  C:4944H         LINE#         253
  C:4944H         LINE#         254
  C:4952H         LINE#         255
  -------         ENDPROC       _DISPLAY_8X1
  -------         PROC          _CHAR_DISPLAY_16X8
  D:0007H         SYMBOL        Column
  D:0005H         SYMBOL        Page
  X:0B2AH         SYMBOL        dp
  X:0B2DH         SYMBOL        Disp_Para
  -------         DO            
  X:0B2EH         SYMBOL        i
  X:0B2FH         SYMBOL        Char1608
  X:0B3FH         SYMBOL        p1
  X:0B42H         SYMBOL        p2
  -------         ENDDO         
  C:1E1BH         LINE#         269
  C:1E26H         LINE#         270
  C:1E26H         LINE#         272
  C:1E36H         LINE#         274
  C:1E44H         LINE#         275
  C:1E49H         LINE#         276
  C:1E80H         LINE#         279
  C:1E8BH         LINE#         280
  C:1E8BH         LINE#         281
  C:1E99H         LINE#         282
  C:1E9EH         LINE#         283
BL51 BANKED LINKER/LOCATER V6.22                                                      07/03/2019  08:06:54  PAGE 61


  C:1EE5H         LINE#         284
  C:1EE5H         LINE#         286
  C:1EE5H         LINE#         289
  C:1EF0H         LINE#         290
  C:1EF0H         LINE#         291
  C:1EFEH         LINE#         292
  C:1F03H         LINE#         293
  C:1F4AH         LINE#         294
  C:1F4AH         LINE#         296
  C:1F4AH         LINE#         299
  C:1F55H         LINE#         300
  C:1F55H         LINE#         301
  C:1F63H         LINE#         302
  C:1F68H         LINE#         303
  C:1FAFH         LINE#         304
  C:1FAFH         LINE#         306
  C:1FAFH         LINE#         309
  C:1FBAH         LINE#         310
  C:1FBAH         LINE#         311
  C:1FC8H         LINE#         312
  C:1FCDH         LINE#         313
  C:2014H         LINE#         314
  C:2014H         LINE#         316
  C:2014H         LINE#         318
  C:2023H         LINE#         319
  C:2023H         LINE#         320
  C:2029H         LINE#         321
  C:2031H         LINE#         322
  -------         ENDPROC       _CHAR_DISPLAY_16X8
  -------         PROC          _HANZI_DISP_16X16
  D:0007H         SYMBOL        Column
  D:0005H         SYMBOL        Page
  X:0AFDH         SYMBOL        dp
  X:0B00H         SYMBOL        Disp_Para
  -------         DO            
  X:0B01H         SYMBOL        i
  X:0B02H         SYMBOL        Hanzi1616
  X:0B22H         SYMBOL        p1
  X:0B25H         SYMBOL        p2
  -------         ENDDO         
  C:2032H         LINE#         344
  C:203DH         LINE#         345
  C:203DH         LINE#         347
  C:204DH         LINE#         349
  C:205BH         LINE#         350
  C:2060H         LINE#         351
  C:2097H         LINE#         354
  C:20A2H         LINE#         355
  C:20A2H         LINE#         356
  C:20B0H         LINE#         357
  C:20B5H         LINE#         358
  C:20FCH         LINE#         359
  C:20FCH         LINE#         361
  C:20FCH         LINE#         364
  C:2107H         LINE#         365
  C:2107H         LINE#         366
  C:2115H         LINE#         367
BL51 BANKED LINKER/LOCATER V6.22                                                      07/03/2019  08:06:54  PAGE 62


  C:211AH         LINE#         368
  C:2161H         LINE#         369
  C:2161H         LINE#         371
  C:2161H         LINE#         374
  C:216CH         LINE#         375
  C:216CH         LINE#         376
  C:217AH         LINE#         377
  C:217FH         LINE#         378
  C:21C6H         LINE#         379
  C:21C6H         LINE#         381
  C:21C6H         LINE#         384
  C:21D1H         LINE#         385
  C:21D1H         LINE#         386
  C:21DFH         LINE#         387
  C:21E4H         LINE#         388
  C:222BH         LINE#         389
  C:222BH         LINE#         391
  C:222BH         LINE#         394
  C:223AH         LINE#         395
  C:223AH         LINE#         396
  C:2240H         LINE#         397
  C:2248H         LINE#         398
  -------         ENDPROC       _HANZI_DISP_16X16
  -------         PROC          _DISP_24X24
  D:0006H         SYMBOL        x
  D:0004H         SYMBOL        y
  X:0B9AH         SYMBOL        dp
  -------         DO            
  X:0B9DH         SYMBOL        i
  -------         ENDDO         
  C:4543H         LINE#         401
  C:454EH         LINE#         402
  C:454EH         LINE#         404
  C:455EH         LINE#         405
  C:456DH         LINE#         406
  C:456DH         LINE#         407
  C:4573H         LINE#         408
  C:457BH         LINE#         409
  -------         ENDPROC       _DISP_24X24
  -------         ENDMOD        19296P1

  -------         MODULE        MAIN
  C:0000H         SYMBOL        _ICE_DUMMY_
  D:0080H         PUBLIC        P0
  D:0090H         PUBLIC        P1
  D:00A0H         PUBLIC        P2
  D:00B0H         PUBLIC        P3
  D:00C0H         PUBLIC        P4
  D:00C8H         PUBLIC        P5
  D:00E8H         PUBLIC        P6
  D:00F8H         PUBLIC        P7
  D:00A8H         PUBLIC        IE
  D:00B8H         PUBLIC        IP
  D:00D8H         PUBLIC        CCON
  C:008EH         PUBLIC        main
  C:4A57H         PUBLIC        IO_INIT
  D:0098H         PUBLIC        SCON
BL51 BANKED LINKER/LOCATER V6.22                                                      07/03/2019  08:06:54  PAGE 63


  D:0088H         PUBLIC        TCON
  C:48C7H         PUBLIC        _delay_ms
  D:00D0H         PUBLIC        PSW
  -------         PROC          _DELAY_MS
  D:0006H         SYMBOL        time
  -------         DO            
  D:0004H         SYMBOL        i
  D:0002H         SYMBOL        j
  -------         ENDDO         
  C:48C7H         LINE#         20
  C:48C7H         LINE#         21
  C:48C7H         LINE#         24
  C:48D1H         LINE#         25
  C:48E6H         LINE#         26
  -------         ENDPROC       _DELAY_MS
  -------         PROC          IO_INIT
  C:4A57H         LINE#         29
  C:4A57H         LINE#         30
  C:4A57H         LINE#         32
  -------         ENDPROC       IO_INIT
  -------         PROC          MAIN
  C:008EH         LINE#         34
  C:008EH         LINE#         35
  C:008EH         LINE#         38
  C:0091H         LINE#         40
  C:0091H         LINE#         41
  -------         ENDPROC       MAIN
  -------         ENDMOD        MAIN

  -------         MODULE        TASK
  C:0000H         SYMBOL        _ICE_DUMMY_
  C:44CEH         PUBLIC        task25ms
  D:0080H         PUBLIC        P0
  D:0090H         PUBLIC        P1
  D:00A0H         PUBLIC        P2
  D:00B0H         PUBLIC        P3
  D:00C0H         PUBLIC        P4
  D:00C8H         PUBLIC        P5
  D:00E8H         PUBLIC        P6
  D:00F8H         PUBLIC        P7
  D:00A8H         PUBLIC        IE
  X:08B4H         PUBLIC        testReadRepMsg
  X:08BCH         PUBLIC        testReadReqMsg
  D:00B8H         PUBLIC        IP
  X:08C2H         PUBLIC        testWriteRepMsg
  D:00D8H         PUBLIC        CCON
  X:08CAH         PUBLIC        testReadLongRepMsg
  D:0098H         PUBLIC        SCON
  D:0088H         PUBLIC        TCON
  B:00C8H.2       PUBLIC        P52
  B:00C8H.3       PUBLIC        P53
  B:00C0H.4       PUBLIC        P44
  X:08F1H         PUBLIC        SysStatus
  C:4A52H         PUBLIC        task2ms
  C:45B3H         PUBLIC        taskInit
  X:08F7H         PUBLIC        testSendByte
  X:08F9H         PUBLIC        testPar
BL51 BANKED LINKER/LOCATER V6.22                                                      07/03/2019  08:06:54  PAGE 64


  X:0971H         PUBLIC        testReadFailMsg
  X:0979H         PUBLIC        testRecByte
  D:00D0H         PUBLIC        PSW
  -------         PROC          TASKINIT
  C:45B3H         LINE#         5
  C:45B3H         LINE#         6
  C:45B3H         LINE#         7
  C:45B6H         LINE#         8
  C:45BDH         LINE#         9
  C:45C0H         LINE#         10
  C:45C3H         LINE#         11
  C:45D9H         LINE#         15
  C:45DBH         LINE#         16
  C:45DDH         LINE#         17
  C:45E0H         LINE#         18
  C:45E3H         LINE#         19
  C:45E6H         LINE#         20
  -------         ENDPROC       TASKINIT
  -------         PROC          TASK2MS
  C:4A52H         LINE#         32
  C:4A52H         LINE#         33
  C:4A52H         LINE#         51
  -------         ENDPROC       TASK2MS
  -------         PROC          TASK25MS
  -------         DO            
  X:069EH         SYMBOL        dummyCnt
  X:069FH         SYMBOL        dummyCmd
  X:06A0H         SYMBOL        dummyDatL
  X:06A1H         SYMBOL        dummyDatH
  X:08B3H         SYMBOL        taskCnt
  -------         ENDDO         
  C:44CEH         LINE#         61
  C:44CEH         LINE#         62
  C:44CEH         LINE#         64
  C:44D4H         LINE#         65
  C:44D8H         LINE#         66
  C:44DBH         LINE#         123
  C:44E1H         LINE#         124
  C:44E1H         LINE#         125
  C:44E4H         LINE#         127
  C:44E4H         LINE#         128
  C:44E6H         LINE#         129
  C:44EEH         LINE#         130
  C:44EEH         LINE#         133
  C:44F0H         LINE#         134
  C:44F1H         LINE#         135
  C:44F5H         LINE#         136
  C:44F5H         LINE#         137
  C:44F7H         LINE#         138
  C:44FAH         LINE#         139
  C:44FCH         LINE#         140
  C:4501H         LINE#         141
  C:4502H         LINE#         143
  C:4502H         LINE#         144
  C:4508H         LINE#         145
  C:4508H         LINE#         146
  -------         ENDPROC       TASK25MS
BL51 BANKED LINKER/LOCATER V6.22                                                      07/03/2019  08:06:54  PAGE 65


  -------         ENDMOD        TASK

  -------         MODULE        ?C?COPY
  C:1CC7H         PUBLIC        ?C?COPY
  -------         ENDMOD        ?C?COPY

  -------         MODULE        ?C?CLDPTR
  C:1CEDH         PUBLIC        ?C?CLDPTR
  -------         ENDMOD        ?C?CLDPTR

  -------         MODULE        ?C?CLDOPTR
  C:1D06H         PUBLIC        ?C?CLDOPTR
  -------         ENDMOD        ?C?CLDOPTR

  -------         MODULE        ?C?CILDOPTR
  C:1D33H         PUBLIC        ?C?CILDOPTR
  -------         ENDMOD        ?C?CILDOPTR

  -------         MODULE        ?C?CSTPTR
  C:1D66H         PUBLIC        ?C?CSTPTR
  -------         ENDMOD        ?C?CSTPTR

  -------         MODULE        ?C?CSTOPTR
  C:1D78H         PUBLIC        ?C?CSTOPTR
  -------         ENDMOD        ?C?CSTOPTR

  -------         MODULE        ?C?UIDIV
  C:1D9AH         PUBLIC        ?C?UIDIV
  -------         ENDMOD        ?C?UIDIV

  -------         MODULE        ?C?IILDX
  C:1DEFH         PUBLIC        ?C?IILDX
  -------         ENDMOD        ?C?IILDX

  -------         MODULE        ?C?ILDIX
  C:1E05H         PUBLIC        ?C?ILDIX
  -------         ENDMOD        ?C?ILDIX

*** WARNING L16: UNCALLED SEGMENT, IGNORED FOR OVERLAY PROCESS
    SEGMENT: ?PR?_LCD_DIAPLAY_PAGE?HMI

*** WARNING L16: UNCALLED SEGMENT, IGNORED FOR OVERLAY PROCESS
    SEGMENT: ?PR?KEYSTATUSINIT?APPLICATION

*** WARNING L16: UNCALLED SEGMENT, IGNORED FOR OVERLAY PROCESS
    SEGMENT: ?PR?_DUMMYSINGLEFRAMETESTDATAGENERATE?APPLICATION

*** WARNING L16: UNCALLED SEGMENT, IGNORED FOR OVERLAY PROCESS
    SEGMENT: ?PR?_SYSMODE_SET?APPLICATION

*** WARNING L16: UNCALLED SEGMENT, IGNORED FOR OVERLAY PROCESS
    SEGMENT: ?PR?APPFUNRUN?APPLICATION

*** WARNING L16: UNCALLED SEGMENT, IGNORED FOR OVERLAY PROCESS
    SEGMENT: ?PR?_CRC16BITBYBIT?CRC

*** WARNING L16: UNCALLED SEGMENT, IGNORED FOR OVERLAY PROCESS
BL51 BANKED LINKER/LOCATER V6.22                                                      07/03/2019  08:06:54  PAGE 66


    SEGMENT: ?PR?_CRC16TABLE?CRC

*** WARNING L16: UNCALLED SEGMENT, IGNORED FOR OVERLAY PROCESS
    SEGMENT: ?PR?_CRC16TABLEFAST?CRC

*** WARNING L16: UNCALLED SEGMENT, IGNORED FOR OVERLAY PROCESS
    SEGMENT: ?PR?SENDTESTMSG?UARTNETWORK

*** WARNING L16: UNCALLED SEGMENT, IGNORED FOR OVERLAY PROCESS
    SEGMENT: ?PR?TIMER25MS_DISABLE?TIMER

*** WARNING L16: UNCALLED SEGMENT, IGNORED FOR OVERLAY PROCESS
    SEGMENT: ?PR?TIMER2MS_DISABLE?TIMER

*** WARNING L16: UNCALLED SEGMENT, IGNORED FOR OVERLAY PROCESS
    SEGMENT: ?PR?_GETUARTRECEIVEBUF?UARTDRV

*** WARNING L16: UNCALLED SEGMENT, IGNORED FOR OVERLAY PROCESS
    SEGMENT: ?PR?_ISUARTNEWDATAAVAILABLE?UARTDRV

*** WARNING L15: MULTIPLE CALL TO SEGMENT
    SEGMENT: ?PR?_CLEARDATABLOCK?FIFO
    CALLER1: ?PR?TIMER2MSISR?ISR
    CALLER2: ?PR?TIMER25MSISR?ISR

*** WARNING L15: MULTIPLE CALL TO SEGMENT
    SEGMENT: ?PR?_MEMCPYCUS?FIFO
    CALLER1: ?PR?TIMER2MSISR?ISR
    CALLER2: ?PR?TIMER25MSISR?ISR

*** WARNING L15: MULTIPLE CALL TO SEGMENT
    SEGMENT: ?PR?_GETFIFODATA?FIFO
    CALLER1: ?PR?TIMER2MSISR?ISR
    CALLER2: ?PR?TIMER25MSISR?ISR

*** WARNING L15: MULTIPLE CALL TO SEGMENT
    SEGMENT: ?PR?_SETFIFODATA?FIFO
    CALLER1: ?PR?TIMER25MSISR?ISR
    CALLER2: ?PR?UART3ISR?ISR

*** WARNING L15: MULTIPLE CALL TO SEGMENT
    SEGMENT: ?PR?_MEMCPYCUS?FIFO
    CALLER1: ?PR?TIMER25MSISR?ISR
    CALLER2: ?PR?UART3ISR?ISR

*** WARNING L15: MULTIPLE CALL TO SEGMENT
    SEGMENT: ?PR?_SETFIFODATA?FIFO
    CALLER1: ?PR?UART3ISR?ISR
    CALLER2: ?PR?UART4ISR?ISR

*** WARNING L15: MULTIPLE CALL TO SEGMENT
    SEGMENT: ?PR?_MEMCPYCUS?FIFO
    CALLER1: ?PR?UART3ISR?ISR
    CALLER2: ?PR?UART4ISR?ISR

*** WARNING L15: MULTIPLE CALL TO SEGMENT
    SEGMENT: ?PR?_CLEARDATABLOCK?FIFO
BL51 BANKED LINKER/LOCATER V6.22                                                      07/03/2019  08:06:54  PAGE 67


    CALLER1: ?PR?TIMER25MSISR?ISR
    CALLER2: ?C_C51STARTUP

Program Size: data=17.0 xdata=2988 code=19032
LINK/LOCATE RUN COMPLETE.  21 WARNING(S),  0 ERROR(S)
