C51 COMPILER V9.00   TIMER                                                                 07/11/2019 00:50:50 PAGE 1   


C51 COMPILER V9.00, COMPILATION OF MODULE TIMER
OBJECT MODULE PLACED IN ..\bin\timer.obj
COMPILER INVOKED BY: d:\Keil\C51\BIN\C51.EXE ..\src\drv\timer.c LARGE BROWSE DEBUG OBJECTEXTEND PRINT(..\lst\timer.lst) 
                    -OBJECT(..\bin\timer.obj)

line level    source

   1          #include "timer.h"
   2          
   3          static void timer4Init(void)
   4          {
   5   1          /* 25ms @ 24Mhz */
   6   1              T4T3M &= 0x0F;          // Fosc / 12T, timer output disable
   7   1              // T4L = 0xE0;                  // set initial lower byte value for timer
   8   1              // T4H = 0xB1;                  // set initial higher byte value for timer 
   9   1      
  10   1              T4L = 0xB0;             //设置定时初值
  11   1              T4H = 0x3C;             //设置定时初值
  12   1      }
  13          
  14          static void timer0Init(void)
  15          {
  16   1          /* 1ms @ 24Mhz */
  17   1              AUXR |= 0x80;   // 定时器时钟1T模式
  18   1              TMOD &= 0xF0;   // 设置定时器模式
  19   1              TL0 = 0x80;             // 设置定时初值
  20   1              TH0 = 0x44;             // 设置定时初值
  21   1              TF0 = 0;                // 清除TF0标志
  22   1              TR0 = 1;                // 定时器0开始计时
  23   1          ET0 = 1;        // enable interupt
  24   1      }
  25          
  26          void timer25ms_Enable(void)
  27          {
  28   1              T4T3M |= 0x80;          /* timer 4 start counting */ 
  29   1              IE2 |= ET4;            /*  */ 
  30   1      }
  31          
  32          void timer25ms_Disable(void)
  33          {
  34   1              T4T3M &= 0x7F;          /* timer 4 stop counting */ 
  35   1              IE2 &= ~ET4;
  36   1      }
  37          
  38          void timer2ms_Enable(void)
  39          {
  40   1              T4T3M |= 0x80;          /* timer 0 start counting */ 
  41   1              IE2 |= ET4;            /*  */ 
  42   1      }
  43          
  44          void timer2ms_Disable(void)
  45          {
  46   1              T4T3M &= 0x7F;          /* timer 0 stop counting */ 
  47   1              IE2 &= ~ET4;
  48   1      }
  49          
  50          void timerInit()
  51          {
  52   1          timer4Init();
  53   1          timer0Init();
  54   1      }
C51 COMPILER V9.00   TIMER                                                                 07/11/2019 00:50:50 PAGE 2   



MODULE INFORMATION:   STATIC OVERLAYABLE
   CODE SIZE        =     63    ----
   CONSTANT SIZE    =   ----    ----
   XDATA SIZE       =   ----    ----
   PDATA SIZE       =   ----    ----
   DATA SIZE        =   ----    ----
   IDATA SIZE       =   ----    ----
   BIT SIZE         =   ----    ----
END OF MODULE INFORMATION.


C51 COMPILATION COMPLETE.  0 WARNING(S),  0 ERROR(S)
